
Memory Configuration

Name             Origin             Length             Attributes
*default*        0x00000000         0xffffffff

Linker script and memory map

LOAD build/Main.o
LOAD build/Score.o
LOAD build/updateMonsters.o
LOAD build/Detect1.o
LOAD build/WriteClock.o
LOAD build/jtag.o
LOAD build/framebuffer.o
LOAD build/DetectCollisions.o
LOAD build/PauseMenu.o
LOAD build/InitAll.o
LOAD build/UpdateScore.o
LOAD build/StartScreen.o
LOAD build/ReadData.o
LOAD build/Detect2.o
LOAD build/Detect3.o
LOAD build/UpdateSprites.o
LOAD build/GameOver.o
LOAD build/drawingFunctions.o
LOAD build/Grav.o
LOAD build/Wait.o
LOAD build/WriteLatch.o
LOAD build/WinGame.o
LOAD build/Lives.o
LOAD build/ReadSNES.o
LOAD build/ButtonFunctions.o
LOAD build/GameLoop.o

.init           0x00008000      0x65c
 *(.init)
 .init          0x00008000        0x4 build/Main.o
                0x00008000                _start
 .init          0x00008004       0x48 build/Score.o
                0x00008004                _Score
                0x00008008                updateScore
                0x00008024                clearScoreLives
 .init          0x0000804c        0x0 build/Detect1.o
 .init          0x0000804c        0x0 build/WriteClock.o
 .init          0x0000804c        0x0 build/InitAll.o
 .init          0x0000804c        0x4 build/StartScreen.o
                0x0000804c                _StartScreen
 .init          0x00008050        0x0 build/ReadData.o
 .init          0x00008050        0x0 build/Detect2.o
 .init          0x00008050        0x0 build/Detect3.o
 .init          0x00008050        0x4 build/UpdateSprites.o
                0x00008050                _UpdateSprites
 .init          0x00008054      0x2f0 build/GameOver.o
                0x00008054                _GameOver
                0x00008058                gameOverScreen
                0x00008130                gameOverRestart
 .init          0x00008344        0x0 build/Grav.o
 .init          0x00008344        0x0 build/Wait.o
 .init          0x00008344        0x0 build/WriteLatch.o
 .init          0x00008344      0x2f0 build/WinGame.o
                0x00008344                _WinGame
                0x00008348                WinScreen
                0x00008420                WinRestart
 .init          0x00008634       0x20 build/Lives.o
                0x00008634                _Lives
                0x00008638                updateLives
 .init          0x00008654        0x0 build/ReadSNES.o
 .init          0x00008654        0x4 build/ButtonFunctions.o
                0x00008654                _ButtonFunctions
 .init          0x00008658        0x4 build/GameLoop.o
                0x00008658                _GameLoop

.data           0x00009080   0x706840
 *(.data)
 .data          0x00009080        0x9 build/Main.o
                0x00009080                buttons
                0x00009081                mariowidth
                0x00009085                marioheight
 *fill*         0x00009089        0x3 3f3f3f3f
 .data          0x0000908c     0xa9c0 build/Score.o
                0x0000908c                clearScoreLivespic
                0x0000a5c4                pic0
                0x0000bafc                pic50
                0x0000d034                pic100
                0x0000e56c                pic150
                0x0000faa4                pic200
                0x00010fdc                pic250
                0x00012514                pic300
 .data          0x00013a4c        0x0 build/updateMonsters.o
 *fill*         0x00013a4c        0x4 3f3f3f3f
 .data          0x00013a50       0x20 build/Detect1.o
                0x00013a50                state1
                0x00013a54                state2
                0x00013a58                state3
                0x00013a5c                state4
                0x00013a60                state5
                0x00013a64                floor
 .data          0x00013a70        0x0 build/WriteClock.o
 .data          0x00013a70        0x0 build/jtag.o
 .data          0x00013a70       0x70 build/framebuffer.o
                0x00013ad0                FrameBufferPointer
 .data          0x00013ae0        0x0 build/DetectCollisions.o
 .data          0x00013ae0    0x23b64 build/PauseMenu.o
                0x00013ae0                PauseMenuLocation
 .data          0x00037644        0x0 build/InitAll.o
 .data          0x00037644        0x0 build/UpdateScore.o
 .data          0x00037644   0x180000 build/StartScreen.o
 .data          0x001b7644        0x0 build/ReadData.o
 .data          0x001b7644        0xc build/Detect2.o
                0x001b7644                topFlag
                0x001b7648                coin1State
                0x001b764c                coin2State
 .data          0x001b7650        0x0 build/Detect3.o
 .data          0x001b7650        0x0 build/UpdateSprites.o
 .data          0x001b7650   0x180000 build/GameOver.o
                0x001b7650                gameOverImage
 .data          0x00337650   0x2542c4 build/drawingFunctions.o
                0x00337650                mario
                0x0033765c                dragonEnemy
                0x00337668                shellEnemy
                0x00337674                screenNumber
                0x00337678                block1
                0x00337680                block2
                0x00337688                block3
                0x00337690                block4
                0x00337698                cblock
                0x003376a0                cblock2
                0x003376a8                cblock3
                0x003376b0                pipe1
                0x003376b8                pipe2
                0x003376c0                castle
                0x003376c8                bowser
                0x003376d4                pit
                0x003376dc                playingstatus
                0x003376e0                currentSelection
                0x003376e4                currentSelectionPause
                0x003376e8                selectcoin1
                0x003376f0                selectcoin2
                0x003376f8                selectcoin3
                0x00337700                selectcoin4
                0x00337708                lives
                0x0033770c                score
                0x00337710                coins
 .data          0x0058b914        0x4 build/Grav.o
                0x0058b914                gravflag
 .data          0x0058b918        0x0 build/Wait.o
 .data          0x0058b918        0x0 build/WriteLatch.o
 .data          0x0058b918   0x180000 build/WinGame.o
                0x0058b918                winImage
 .data          0x0070b918     0x3fa8 build/Lives.o
                0x0070b918                life1
                0x0070ce50                life2
                0x0070e388                life3
 .data          0x0070f8c0        0x0 build/ReadSNES.o
 .data          0x0070f8c0        0x0 build/ButtonFunctions.o
 .data          0x0070f8c0        0x0 build/GameLoop.o
 *.c.o(*)

.igot.plt       0x0070f8c0        0x0
 .igot.plt      0x00000000        0x0 build/Main.o

.text           0x0070f8c0     0x2ae4
 *.c.o(.text)
 *(.text)
 .text          0x0070f8c0       0x64 build/Main.o
                0x0070f908                nG
                0x0070f914                hang
 .text          0x0070f924        0x0 build/Score.o
 .text          0x0070f924      0x1b8 build/updateMonsters.o
                0x0070f924                updateMonsters
 .text          0x0070fadc      0x6b8 build/Detect1.o
                0x0070fadc                Detect1
 .text          0x00710194       0x34 build/WriteClock.o
                0x00710194                _WriteClock
 .text          0x007101c8       0x8c build/jtag.o
                0x007101c8                EnableJTAG
 .text          0x00710254       0x80 build/framebuffer.o
                0x00710254                InitFrameBuffer
 .text          0x007102d4        0x0 build/DetectCollisions.o
 .text          0x007102d4      0x4c4 build/PauseMenu.o
                0x007102d4                PauseMenu
                0x007103c8                restart
                0x00710690                drawPauseMenu
                0x007106b4                ClearMenu
 .text          0x00710798       0x74 build/InitAll.o
                0x00710798                _InitAll
 .text          0x0071080c        0x0 build/UpdateScore.o
 .text          0x0071080c      0x130 build/StartScreen.o
 .text          0x0071093c       0x38 build/ReadData.o
                0x0071093c                _ReadData
 .text          0x00710974      0x440 build/Detect2.o
                0x00710974                Detect2
 .text          0x00710db4      0x47c build/Detect3.o
                0x00710db4                Detect3
 .text          0x00711230       0xd0 build/UpdateSprites.o
 .text          0x00711300        0x0 build/GameOver.o
 .text          0x00711300      0xb20 build/drawingFunctions.o
                0x00711300                initialscreen
                0x0071139c                initializeBackground
                0x007113d8                drawMario
                0x00711434                clearMario
                0x00711468                drawCloud
                0x0071148c                drawBlock
                0x007114b0                drawCoinBlock
                0x007114d4                drawPipe
                0x007114f8                drawDragon
                0x0071151c                drawShell
                0x00711540                drawCastle
                0x00711564                drawPit
                0x00711588                drawBowser
                0x007115ac                drawScore
                0x0071161c                drawLives
                0x00711664                drawgameOver
                0x00711690                drawWin
                0x007116bc                clearBowser
                0x007116e0                clearCastle
                0x00711704                clearBox
                0x00711728                clearDragon
                0x0071174c                clearPipe
                0x00711770                clearShell
                0x00711794                drawselectCoin
                0x007117b8                clearselectCoin
                0x007117dc                drawPauseSelectCoin
                0x00711800                clearPauseSelectCoinGreen
                0x00711824                clearPauseSelectCoinBlue
                0x00711848                drawPicture
                0x007118c4                updateScreenRight
                0x007118e8                updateScreenLeft
                0x0071190c                clear1draw2
                0x00711978                clear2draw3
                0x007119f8                initializeScreenTwo
                0x00711a90                initializeScreenThree
                0x00711b00                clear3draw2
                0x00711b84                clear2draw1
 .text          0x00711e20       0xd0 build/Grav.o
                0x00711e20                Grav
 .text          0x00711ef0       0x68 build/Wait.o
                0x00711ef0                _Wait
                0x00711f20                WaitLong
 .text          0x00711f58       0x34 build/WriteLatch.o
                0x00711f58                _WriteLatch
 .text          0x00711f8c        0x0 build/WinGame.o
 .text          0x00711f8c        0x0 build/Lives.o
 .text          0x00711f8c       0xb4 build/ReadSNES.o
                0x00711f8c                _ReadSNES
 .text          0x00712040      0x32c build/ButtonFunctions.o
                0x00712040                BPress
                0x0071204c                YPress
                0x0071204c                SelPress
                0x0071204c                STPress
                0x007120a0                JPUPress
                0x00712144                UpRightPress
                0x007121cc                UpLeftPress
                0x00712244                JPLPress
                0x007122bc                JPRPress
                0x00712344                APress
                0x00712344                XPress
                0x00712348                LBPress
                0x0071234c                RBPress
 .text          0x0071236c       0x38 build/GameLoop.o
                0x00712370                GL
OUTPUT(build/output.elf elf32-littlearm)

.glue_7         0x007123a4        0x0
 .glue_7        0x00000000        0x0 linker stubs

.glue_7t        0x007123a4        0x0
 .glue_7t       0x00000000        0x0 linker stubs

.vfp11_veneer   0x007123a4        0x0
 .vfp11_veneer  0x00000000        0x0 linker stubs

.v4_bx          0x007123a4        0x0
 .v4_bx         0x00000000        0x0 linker stubs

.iplt           0x007123a4        0x0
 .iplt          0x00000000        0x0 build/Main.o

.rel.dyn        0x007123a4        0x0
 .rel.iplt      0x00000000        0x0 build/Main.o

.bss            0x007123a4        0x0
 .bss           0x007123a4        0x0 build/Main.o
 .bss           0x007123a4        0x0 build/Score.o
 .bss           0x007123a4        0x0 build/updateMonsters.o
 .bss           0x007123a4        0x0 build/Detect1.o
 .bss           0x007123a4        0x0 build/WriteClock.o
 .bss           0x007123a4        0x0 build/jtag.o
 .bss           0x007123a4        0x0 build/framebuffer.o
 .bss           0x007123a4        0x0 build/DetectCollisions.o
 .bss           0x007123a4        0x0 build/PauseMenu.o
 .bss           0x007123a4        0x0 build/InitAll.o
 .bss           0x007123a4        0x0 build/UpdateScore.o
 .bss           0x007123a4        0x0 build/StartScreen.o
 .bss           0x007123a4        0x0 build/ReadData.o
 .bss           0x007123a4        0x0 build/Detect2.o
 .bss           0x007123a4        0x0 build/Detect3.o
 .bss           0x007123a4        0x0 build/UpdateSprites.o
 .bss           0x007123a4        0x0 build/GameOver.o
 .bss           0x007123a4        0x0 build/drawingFunctions.o
 .bss           0x007123a4        0x0 build/Grav.o
 .bss           0x007123a4        0x0 build/Wait.o
 .bss           0x007123a4        0x0 build/WriteLatch.o
 .bss           0x007123a4        0x0 build/WinGame.o
 .bss           0x007123a4        0x0 build/Lives.o
 .bss           0x007123a4        0x0 build/ReadSNES.o
 .bss           0x007123a4        0x0 build/ButtonFunctions.o
 .bss           0x007123a4        0x0 build/GameLoop.o

.ARM.attributes
                0x00000000       0x29
 .ARM.attributes
                0x00000000       0x29 build/Main.o
 .ARM.attributes
                0x00000029       0x29 build/Score.o
 .ARM.attributes
                0x00000052       0x29 build/updateMonsters.o
 .ARM.attributes
                0x0000007b       0x29 build/Detect1.o
 .ARM.attributes
                0x000000a4       0x29 build/WriteClock.o
 .ARM.attributes
                0x000000cd       0x29 build/jtag.o
 .ARM.attributes
                0x000000f6       0x29 build/framebuffer.o
 .ARM.attributes
                0x0000011f       0x29 build/DetectCollisions.o
 .ARM.attributes
                0x00000148       0x29 build/PauseMenu.o
 .ARM.attributes
                0x00000171       0x29 build/InitAll.o
 .ARM.attributes
                0x0000019a       0x29 build/UpdateScore.o
 .ARM.attributes
                0x000001c3       0x29 build/StartScreen.o
 .ARM.attributes
                0x000001ec       0x29 build/ReadData.o
 .ARM.attributes
                0x00000215       0x29 build/Detect2.o
 .ARM.attributes
                0x0000023e       0x29 build/Detect3.o
 .ARM.attributes
                0x00000267       0x29 build/UpdateSprites.o
 .ARM.attributes
                0x00000290       0x29 build/GameOver.o
 .ARM.attributes
                0x000002b9       0x29 build/drawingFunctions.o
 .ARM.attributes
                0x000002e2       0x29 build/Grav.o
 .ARM.attributes
                0x0000030b       0x29 build/Wait.o
 .ARM.attributes
                0x00000334       0x29 build/WriteLatch.o
 .ARM.attributes
                0x0000035d       0x29 build/WinGame.o
 .ARM.attributes
                0x00000386       0x29 build/Lives.o
 .ARM.attributes
                0x000003af       0x29 build/ReadSNES.o
 .ARM.attributes
                0x000003d8       0x29 build/ButtonFunctions.o
 .ARM.attributes
                0x00000401       0x29 build/GameLoop.o

.debug_line     0x00000000     0x137c
 .debug_line    0x00000000       0x64 build/Main.o
 .debug_line    0x00000064       0x4f build/Score.o
 .debug_line    0x000000b3       0xbd build/updateMonsters.o
 .debug_line    0x00000170      0x20b build/Detect1.o
 .debug_line    0x0000037b       0x4f build/WriteClock.o
 .debug_line    0x000003ca       0x61 build/jtag.o
 .debug_line    0x0000042b       0x67 build/framebuffer.o
 .debug_line    0x00000492      0x182 build/PauseMenu.o
 .debug_line    0x00000614       0x5e build/InitAll.o
 .debug_line    0x00000672       0x9f build/StartScreen.o
 .debug_line    0x00000711       0x4e build/ReadData.o
 .debug_line    0x0000075f      0x164 build/Detect2.o
 .debug_line    0x000008c3      0x179 build/Detect3.o
 .debug_line    0x00000a3c       0x86 build/UpdateSprites.o
 .debug_line    0x00000ac2      0x102 build/GameOver.o
 .debug_line    0x00000bc4      0x35f build/drawingFunctions.o
 .debug_line    0x00000f23       0x72 build/Grav.o
 .debug_line    0x00000f95       0x56 build/Wait.o
 .debug_line    0x00000feb       0x4f build/WriteLatch.o
 .debug_line    0x0000103a      0x101 build/WinGame.o
 .debug_line    0x0000113b       0x43 build/Lives.o
 .debug_line    0x0000117e       0x6f build/ReadSNES.o
 .debug_line    0x000011ed      0x130 build/ButtonFunctions.o
 .debug_line    0x0000131d       0x5f build/GameLoop.o

.debug_info     0x00000000      0x943
 .debug_info    0x00000000       0x58 build/Main.o
 .debug_info    0x00000058       0x64 build/Score.o
 .debug_info    0x000000bc       0x6d build/updateMonsters.o
 .debug_info    0x00000129       0x66 build/Detect1.o
 .debug_info    0x0000018f       0x62 build/WriteClock.o
 .debug_info    0x000001f1       0x5c build/jtag.o
 .debug_info    0x0000024d       0x63 build/framebuffer.o
 .debug_info    0x000002b0       0x68 build/PauseMenu.o
 .debug_info    0x00000318       0x5f build/InitAll.o
 .debug_info    0x00000377       0x5f build/StartScreen.o
 .debug_info    0x000003d6       0x60 build/ReadData.o
 .debug_info    0x00000436       0x5f build/Detect2.o
 .debug_info    0x00000495       0x66 build/Detect3.o
 .debug_info    0x000004fb       0x61 build/UpdateSprites.o
 .debug_info    0x0000055c       0x67 build/GameOver.o
 .debug_info    0x000005c3       0x6f build/drawingFunctions.o
 .debug_info    0x00000632       0x63 build/Grav.o
 .debug_info    0x00000695       0x5c build/Wait.o
 .debug_info    0x000006f1       0x62 build/WriteLatch.o
 .debug_info    0x00000753       0x66 build/WinGame.o
 .debug_info    0x000007b9       0x64 build/Lives.o
 .debug_info    0x0000081d       0x60 build/ReadSNES.o
 .debug_info    0x0000087d       0x6a build/ButtonFunctions.o
 .debug_info    0x000008e7       0x5c build/GameLoop.o

.debug_abbrev   0x00000000      0x1d6
 .debug_abbrev  0x00000000       0x12 build/Main.o
 .debug_abbrev  0x00000012       0x14 build/Score.o
 .debug_abbrev  0x00000026       0x14 build/updateMonsters.o
 .debug_abbrev  0x0000003a       0x14 build/Detect1.o
 .debug_abbrev  0x0000004e       0x14 build/WriteClock.o
 .debug_abbrev  0x00000062       0x14 build/jtag.o
 .debug_abbrev  0x00000076       0x14 build/framebuffer.o
 .debug_abbrev  0x0000008a       0x14 build/PauseMenu.o
 .debug_abbrev  0x0000009e       0x14 build/InitAll.o
 .debug_abbrev  0x000000b2       0x12 build/StartScreen.o
 .debug_abbrev  0x000000c4       0x14 build/ReadData.o
 .debug_abbrev  0x000000d8       0x14 build/Detect2.o
 .debug_abbrev  0x000000ec       0x14 build/Detect3.o
 .debug_abbrev  0x00000100       0x12 build/UpdateSprites.o
 .debug_abbrev  0x00000112       0x14 build/GameOver.o
 .debug_abbrev  0x00000126       0x14 build/drawingFunctions.o
 .debug_abbrev  0x0000013a       0x14 build/Grav.o
 .debug_abbrev  0x0000014e       0x14 build/Wait.o
 .debug_abbrev  0x00000162       0x14 build/WriteLatch.o
 .debug_abbrev  0x00000176       0x14 build/WinGame.o
 .debug_abbrev  0x0000018a       0x14 build/Lives.o
 .debug_abbrev  0x0000019e       0x14 build/ReadSNES.o
 .debug_abbrev  0x000001b2       0x12 build/ButtonFunctions.o
 .debug_abbrev  0x000001c4       0x12 build/GameLoop.o

.debug_aranges  0x00000000      0x328
 .debug_aranges
                0x00000000       0x28 build/Main.o
 .debug_aranges
                0x00000028       0x20 build/Score.o
 .debug_aranges
                0x00000048       0x20 build/updateMonsters.o
 .debug_aranges
                0x00000068       0x20 build/Detect1.o
 .debug_aranges
                0x00000088       0x20 build/WriteClock.o
 .debug_aranges
                0x000000a8       0x20 build/jtag.o
 .debug_aranges
                0x000000c8       0x20 build/framebuffer.o
 .debug_aranges
                0x000000e8       0x20 build/PauseMenu.o
 .debug_aranges
                0x00000108       0x20 build/InitAll.o
 .debug_aranges
                0x00000128       0x28 build/StartScreen.o
 .debug_aranges
                0x00000150       0x20 build/ReadData.o
 .debug_aranges
                0x00000170       0x20 build/Detect2.o
 .debug_aranges
                0x00000190       0x20 build/Detect3.o
 .debug_aranges
                0x000001b0       0x28 build/UpdateSprites.o
 .debug_aranges
                0x000001d8       0x20 build/GameOver.o
 .debug_aranges
                0x000001f8       0x20 build/drawingFunctions.o
 .debug_aranges
                0x00000218       0x20 build/Grav.o
 .debug_aranges
                0x00000238       0x20 build/Wait.o
 .debug_aranges
                0x00000258       0x20 build/WriteLatch.o
 .debug_aranges
                0x00000278       0x20 build/WinGame.o
 .debug_aranges
                0x00000298       0x20 build/Lives.o
 .debug_aranges
                0x000002b8       0x20 build/ReadSNES.o
 .debug_aranges
                0x000002d8       0x28 build/ButtonFunctions.o
 .debug_aranges
                0x00000300       0x28 build/GameLoop.o

.debug_ranges   0x00000000       0xa0
 .debug_ranges  0x00000000       0x20 build/Main.o
 .debug_ranges  0x00000020       0x20 build/StartScreen.o
 .debug_ranges  0x00000040       0x20 build/UpdateSprites.o
 .debug_ranges  0x00000060       0x20 build/ButtonFunctions.o
 .debug_ranges  0x00000080       0x20 build/GameLoop.o
