
Memory Configuration

Name             Origin             Length             Attributes
*default*        0x00000000         0xffffffff

Linker script and memory map

LOAD build/Main.o
LOAD build/updateMonsters.o
LOAD build/Detect1.o
LOAD build/WriteClock.o
LOAD build/ButtonFunctions.o
LOAD build/jtag.o
LOAD build/framebuffer.o
LOAD build/DetectCollisions.o
LOAD build/InitAll.o
LOAD build/UpdateScore.o
LOAD build/StartScreen.o
LOAD build/ReadData.o
LOAD build/Detect3.o
LOAD build/UpdateSprites.o
LOAD build/drawingFunctions.o
LOAD build/Grav.o
LOAD build/Wait.o
LOAD build/WriteLatch.o
LOAD build/Detect2.o
LOAD build/PauseMenu.o
LOAD build/ReadSNES.o
LOAD build/MFD.o
LOAD build/GameLoop.o

.init           0x00008000       0x14
 *(.init)
 .init          0x00008000        0x4 build/Main.o
                0x00008000                _start
 .init          0x00008004        0x0 build/Detect1.o
 .init          0x00008004        0x0 build/WriteClock.o
 .init          0x00008004        0x4 build/ButtonFunctions.o
                0x00008004                _ButtonFunctions
 .init          0x00008008        0x0 build/InitAll.o
 .init          0x00008008        0x4 build/StartScreen.o
                0x00008008                _StartScreen
 .init          0x0000800c        0x0 build/ReadData.o
 .init          0x0000800c        0x0 build/Detect3.o
 .init          0x0000800c        0x4 build/UpdateSprites.o
                0x0000800c                _UpdateSprites
 .init          0x00008010        0x0 build/Grav.o
 .init          0x00008010        0x0 build/Wait.o
 .init          0x00008010        0x0 build/WriteLatch.o
 .init          0x00008010        0x0 build/Detect2.o
 .init          0x00008010        0x0 build/ReadSNES.o
 .init          0x00008010        0x0 build/MFD.o
 .init          0x00008010        0x4 build/GameLoop.o
                0x00008010                _GameLoop

.data           0x00009080   0x3f8080
 *(.data)
 .data          0x00009080        0x9 build/Main.o
                0x00009080                buttons
                0x00009081                mariowidth
                0x00009085                marioheight
 .data          0x00009089        0x0 build/updateMonsters.o
 *fill*         0x00009089        0x7 3f3f3f3f
 .data          0x00009090       0x20 build/Detect1.o
                0x00009090                state1
                0x00009094                state2
                0x00009098                state3
                0x0000909c                state4
                0x000090a0                state5
                0x000090a4                floor
 .data          0x000090b0        0x0 build/WriteClock.o
 .data          0x000090b0        0x0 build/ButtonFunctions.o
 .data          0x000090b0        0x0 build/jtag.o
 .data          0x000090b0       0x70 build/framebuffer.o
                0x00009110                FrameBufferPointer
 .data          0x00009120        0x0 build/DetectCollisions.o
 .data          0x00009120        0x0 build/InitAll.o
 .data          0x00009120        0x0 build/UpdateScore.o
 .data          0x00009120   0x180000 build/StartScreen.o
 .data          0x00189120        0x0 build/ReadData.o
 .data          0x00189120        0x0 build/Detect3.o
 .data          0x00189120        0x0 build/UpdateSprites.o
 .data          0x00189120   0x25446c build/drawingFunctions.o
                0x00189120                mario
                0x0018912c                dragonEnemy
                0x00189138                shellEnemy
                0x00189144                screenNumber
                0x00189148                block1
                0x00189150                block2
                0x00189158                block3
                0x00189160                block4
                0x00189168                cblock
                0x00189170                cblock2
                0x00189178                cblock3
                0x00189180                pipe1
                0x00189188                pipe2
                0x00189190                castle
                0x00189198                bowser
                0x001891a4                pit
                0x001891ac                playingstatus
                0x001891b0                currentSelection
                0x001891b4                currentSelectionPause
                0x001891b8                selectcoin1
                0x001891c0                selectcoin2
                0x001891c8                selectcoin3
                0x001891d0                selectcoin4
                0x001891d8                lives
                0x001891dc                score
                0x001891e0                coins
 .data          0x003dd58c        0x4 build/Grav.o
                0x003dd58c                gravflag
 .data          0x003dd590        0x0 build/Wait.o
 .data          0x003dd590        0x0 build/WriteLatch.o
 .data          0x003dd590        0xc build/Detect2.o
                0x003dd590                topFlag
                0x003dd594                coin1State
                0x003dd598                coin2State
 .data          0x003dd59c    0x23b64 build/PauseMenu.o
                0x003dd59c                PauseMenuLocation
 .data          0x00401100        0x0 build/ReadSNES.o
 .data          0x00401100        0x0 build/MFD.o
 .data          0x00401100        0x0 build/GameLoop.o
 *.c.o(*)

.igot.plt       0x00401100        0x0
 .igot.plt      0x00000000        0x0 build/Main.o

.text           0x00401100     0x2b44
 *.c.o(.text)
 *(.text)
 .text          0x00401100       0x64 build/Main.o
                0x00401148                nG
                0x00401154                hang
 .text          0x00401164      0x1c8 build/updateMonsters.o
                0x00401164                updateMonsters
 .text          0x0040132c      0x6dc build/Detect1.o
                0x0040132c                Detect1
 .text          0x00401a08       0x34 build/WriteClock.o
                0x00401a08                _WriteClock
 .text          0x00401a3c      0x320 build/ButtonFunctions.o
                0x00401a3c                BPress
                0x00401a48                YPress
                0x00401a48                SelPress
                0x00401a48                STPress
                0x00401a9c                JPUPress
                0x00401b40                UpRightPress
                0x00401bc8                UpLeftPress
                0x00401c40                JPLPress
                0x00401cb8                JPRPress
                0x00401d40                APress
                0x00401d40                XPress
                0x00401d40                RBPress
                0x00401d40                LBPress
 .text          0x00401d5c       0x8c build/jtag.o
                0x00401d5c                EnableJTAG
 .text          0x00401de8       0x80 build/framebuffer.o
                0x00401de8                InitFrameBuffer
 .text          0x00401e68        0x0 build/DetectCollisions.o
 .text          0x00401e68       0x74 build/InitAll.o
                0x00401e68                _InitAll
 .text          0x00401edc        0x0 build/UpdateScore.o
 .text          0x00401edc      0x130 build/StartScreen.o
 .text          0x0040200c       0x38 build/ReadData.o
                0x0040200c                _ReadData
 .text          0x00402044      0x450 build/Detect3.o
                0x00402044                Detect3
 .text          0x00402494       0xd0 build/UpdateSprites.o
 .text          0x00402564      0x9c8 build/drawingFunctions.o
                0x00402564                initialscreen
                0x004025f8                initializeBackground
                0x00402634                drawMario
                0x00402690                clearMario
                0x004026c4                drawCloud
                0x004026e8                drawBlock
                0x0040270c                drawCoinBlock
                0x00402730                drawPipe
                0x00402754                drawDragon
                0x00402778                drawShell
                0x0040279c                drawCastle
                0x004027c0                drawPit
                0x004027e4                drawBowser
                0x00402808                clearBowser
                0x0040282c                clearCastle
                0x00402850                clearBox
                0x00402874                clearDragon
                0x00402898                clearPipe
                0x004028bc                clearShell
                0x004028e0                drawselectCoin
                0x00402904                clearselectCoin
                0x00402928                drawPauseSelectCoin
                0x0040294c                clearPauseSelectCoinGreen
                0x00402970                clearPauseSelectCoinBlue
                0x00402994                drawPicture
                0x00402a10                updateScreenRight
                0x00402a34                updateScreenLeft
                0x00402a58                clear1draw2
                0x00402ac4                clear2draw3
                0x00402b44                initializeScreenTwo
                0x00402bdc                initializeScreenThree
                0x00402c4c                clear3draw2
                0x00402cd0                clear2draw1
 .text          0x00402f2c       0xc8 build/Grav.o
                0x00402f2c                Grav
 .text          0x00402ff4       0x68 build/Wait.o
                0x00402ff4                _Wait
                0x00403024                WaitLong
 .text          0x0040305c       0x34 build/WriteLatch.o
                0x0040305c                _WriteLatch
 .text          0x00403090      0x440 build/Detect2.o
                0x00403090                Detect2
 .text          0x004034d0      0x4bc build/PauseMenu.o
                0x004034d0                PauseMenu
                0x004035b8                restart
                0x0040388c                drawPauseMenu
                0x004038b0                ClearMenu
 .text          0x0040398c       0xb4 build/ReadSNES.o
                0x0040398c                _ReadSNES
 .text          0x00403a40      0x1cc build/MFD.o
                0x00403a40                marioFallDown
 .text          0x00403c0c       0x38 build/GameLoop.o
                0x00403c10                GL
OUTPUT(build/output.elf elf32-littlearm)

.glue_7         0x00403c44        0x0
 .glue_7        0x00000000        0x0 linker stubs

.glue_7t        0x00403c44        0x0
 .glue_7t       0x00000000        0x0 linker stubs

.vfp11_veneer   0x00403c44        0x0
 .vfp11_veneer  0x00000000        0x0 linker stubs

.v4_bx          0x00403c44        0x0
 .v4_bx         0x00000000        0x0 linker stubs

.iplt           0x00403c44        0x0
 .iplt          0x00000000        0x0 build/Main.o

.rel.dyn        0x00403c44        0x0
 .rel.iplt      0x00000000        0x0 build/Main.o

.bss            0x00403c44        0x0
 .bss           0x00403c44        0x0 build/Main.o
 .bss           0x00403c44        0x0 build/updateMonsters.o
 .bss           0x00403c44        0x0 build/Detect1.o
 .bss           0x00403c44        0x0 build/WriteClock.o
 .bss           0x00403c44        0x0 build/ButtonFunctions.o
 .bss           0x00403c44        0x0 build/jtag.o
 .bss           0x00403c44        0x0 build/framebuffer.o
 .bss           0x00403c44        0x0 build/DetectCollisions.o
 .bss           0x00403c44        0x0 build/InitAll.o
 .bss           0x00403c44        0x0 build/UpdateScore.o
 .bss           0x00403c44        0x0 build/StartScreen.o
 .bss           0x00403c44        0x0 build/ReadData.o
 .bss           0x00403c44        0x0 build/Detect3.o
 .bss           0x00403c44        0x0 build/UpdateSprites.o
 .bss           0x00403c44        0x0 build/drawingFunctions.o
 .bss           0x00403c44        0x0 build/Grav.o
 .bss           0x00403c44        0x0 build/Wait.o
 .bss           0x00403c44        0x0 build/WriteLatch.o
 .bss           0x00403c44        0x0 build/Detect2.o
 .bss           0x00403c44        0x0 build/PauseMenu.o
 .bss           0x00403c44        0x0 build/ReadSNES.o
 .bss           0x00403c44        0x0 build/MFD.o
 .bss           0x00403c44        0x0 build/GameLoop.o

.ARM.attributes
                0x00000000       0x29
 .ARM.attributes
                0x00000000       0x29 build/Main.o
 .ARM.attributes
                0x00000029       0x29 build/updateMonsters.o
 .ARM.attributes
                0x00000052       0x29 build/Detect1.o
 .ARM.attributes
                0x0000007b       0x29 build/WriteClock.o
 .ARM.attributes
                0x000000a4       0x29 build/ButtonFunctions.o
 .ARM.attributes
                0x000000cd       0x29 build/jtag.o
 .ARM.attributes
                0x000000f6       0x29 build/framebuffer.o
 .ARM.attributes
                0x0000011f       0x29 build/DetectCollisions.o
 .ARM.attributes
                0x00000148       0x29 build/InitAll.o
 .ARM.attributes
                0x00000171       0x29 build/UpdateScore.o
 .ARM.attributes
                0x0000019a       0x29 build/StartScreen.o
 .ARM.attributes
                0x000001c3       0x29 build/ReadData.o
 .ARM.attributes
                0x000001ec       0x29 build/Detect3.o
 .ARM.attributes
                0x00000215       0x29 build/UpdateSprites.o
 .ARM.attributes
                0x0000023e       0x29 build/drawingFunctions.o
 .ARM.attributes
                0x00000267       0x29 build/Grav.o
 .ARM.attributes
                0x00000290       0x29 build/Wait.o
 .ARM.attributes
                0x000002b9       0x29 build/WriteLatch.o
 .ARM.attributes
                0x000002e2       0x29 build/Detect2.o
 .ARM.attributes
                0x0000030b       0x29 build/PauseMenu.o
 .ARM.attributes
                0x00000334       0x29 build/ReadSNES.o
 .ARM.attributes
                0x0000035d       0x29 build/MFD.o
 .ARM.attributes
                0x00000386       0x29 build/GameLoop.o

.debug_line     0x00000000     0x1137
 .debug_line    0x00000000       0x64 build/Main.o
 .debug_line    0x00000064       0xc1 build/updateMonsters.o
 .debug_line    0x00000125      0x214 build/Detect1.o
 .debug_line    0x00000339       0x4f build/WriteClock.o
 .debug_line    0x00000388      0x12d build/ButtonFunctions.o
 .debug_line    0x000004b5       0x61 build/jtag.o
 .debug_line    0x00000516       0x67 build/framebuffer.o
 .debug_line    0x0000057d       0x5e build/InitAll.o
 .debug_line    0x000005db       0x9f build/StartScreen.o
 .debug_line    0x0000067a       0x4e build/ReadData.o
 .debug_line    0x000006c8      0x170 build/Detect3.o
 .debug_line    0x00000838       0x86 build/UpdateSprites.o
 .debug_line    0x000008be      0x301 build/drawingFunctions.o
 .debug_line    0x00000bbf       0x70 build/Grav.o
 .debug_line    0x00000c2f       0x56 build/Wait.o
 .debug_line    0x00000c85       0x4f build/WriteLatch.o
 .debug_line    0x00000cd4      0x164 build/Detect2.o
 .debug_line    0x00000e38      0x17c build/PauseMenu.o
 .debug_line    0x00000fb4       0x6f build/ReadSNES.o
 .debug_line    0x00001023       0xb5 build/MFD.o
 .debug_line    0x000010d8       0x5f build/GameLoop.o

.debug_info     0x00000000      0x7c0
 .debug_info    0x00000000       0x58 build/Main.o
 .debug_info    0x00000058       0x63 build/updateMonsters.o
 .debug_info    0x000000bb       0x5c build/Detect1.o
 .debug_info    0x00000117       0x62 build/WriteClock.o
 .debug_info    0x00000179       0x60 build/ButtonFunctions.o
 .debug_info    0x000001d9       0x5c build/jtag.o
 .debug_info    0x00000235       0x63 build/framebuffer.o
 .debug_info    0x00000298       0x5f build/InitAll.o
 .debug_info    0x000002f7       0x5f build/StartScreen.o
 .debug_info    0x00000356       0x60 build/ReadData.o
 .debug_info    0x000003b6       0x5c build/Detect3.o
 .debug_info    0x00000412       0x61 build/UpdateSprites.o
 .debug_info    0x00000473       0x65 build/drawingFunctions.o
 .debug_info    0x000004d8       0x59 build/Grav.o
 .debug_info    0x00000531       0x5c build/Wait.o
 .debug_info    0x0000058d       0x62 build/WriteLatch.o
 .debug_info    0x000005ef       0x5c build/Detect2.o
 .debug_info    0x0000064b       0x5e build/PauseMenu.o
 .debug_info    0x000006a9       0x60 build/ReadSNES.o
 .debug_info    0x00000709       0x5b build/MFD.o
 .debug_info    0x00000764       0x5c build/GameLoop.o

.debug_abbrev   0x00000000      0x19a
 .debug_abbrev  0x00000000       0x12 build/Main.o
 .debug_abbrev  0x00000012       0x14 build/updateMonsters.o
 .debug_abbrev  0x00000026       0x14 build/Detect1.o
 .debug_abbrev  0x0000003a       0x14 build/WriteClock.o
 .debug_abbrev  0x0000004e       0x12 build/ButtonFunctions.o
 .debug_abbrev  0x00000060       0x14 build/jtag.o
 .debug_abbrev  0x00000074       0x14 build/framebuffer.o
 .debug_abbrev  0x00000088       0x14 build/InitAll.o
 .debug_abbrev  0x0000009c       0x12 build/StartScreen.o
 .debug_abbrev  0x000000ae       0x14 build/ReadData.o
 .debug_abbrev  0x000000c2       0x14 build/Detect3.o
 .debug_abbrev  0x000000d6       0x12 build/UpdateSprites.o
 .debug_abbrev  0x000000e8       0x14 build/drawingFunctions.o
 .debug_abbrev  0x000000fc       0x14 build/Grav.o
 .debug_abbrev  0x00000110       0x14 build/Wait.o
 .debug_abbrev  0x00000124       0x14 build/WriteLatch.o
 .debug_abbrev  0x00000138       0x14 build/Detect2.o
 .debug_abbrev  0x0000014c       0x14 build/PauseMenu.o
 .debug_abbrev  0x00000160       0x14 build/ReadSNES.o
 .debug_abbrev  0x00000174       0x14 build/MFD.o
 .debug_abbrev  0x00000188       0x12 build/GameLoop.o

.debug_aranges  0x00000000      0x2c8
 .debug_aranges
                0x00000000       0x28 build/Main.o
 .debug_aranges
                0x00000028       0x20 build/updateMonsters.o
 .debug_aranges
                0x00000048       0x20 build/Detect1.o
 .debug_aranges
                0x00000068       0x20 build/WriteClock.o
 .debug_aranges
                0x00000088       0x28 build/ButtonFunctions.o
 .debug_aranges
                0x000000b0       0x20 build/jtag.o
 .debug_aranges
                0x000000d0       0x20 build/framebuffer.o
 .debug_aranges
                0x000000f0       0x20 build/InitAll.o
 .debug_aranges
                0x00000110       0x28 build/StartScreen.o
 .debug_aranges
                0x00000138       0x20 build/ReadData.o
 .debug_aranges
                0x00000158       0x20 build/Detect3.o
 .debug_aranges
                0x00000178       0x28 build/UpdateSprites.o
 .debug_aranges
                0x000001a0       0x20 build/drawingFunctions.o
 .debug_aranges
                0x000001c0       0x20 build/Grav.o
 .debug_aranges
                0x000001e0       0x20 build/Wait.o
 .debug_aranges
                0x00000200       0x20 build/WriteLatch.o
 .debug_aranges
                0x00000220       0x20 build/Detect2.o
 .debug_aranges
                0x00000240       0x20 build/PauseMenu.o
 .debug_aranges
                0x00000260       0x20 build/ReadSNES.o
 .debug_aranges
                0x00000280       0x20 build/MFD.o
 .debug_aranges
                0x000002a0       0x28 build/GameLoop.o

.debug_ranges   0x00000000       0xa0
 .debug_ranges  0x00000000       0x20 build/Main.o
 .debug_ranges  0x00000020       0x20 build/ButtonFunctions.o
 .debug_ranges  0x00000040       0x20 build/StartScreen.o
 .debug_ranges  0x00000060       0x20 build/UpdateSprites.o
 .debug_ranges  0x00000080       0x20 build/GameLoop.o
