
Memory Configuration

Name             Origin             Length             Attributes
*default*        0x00000000         0xffffffff

Linker script and memory map

LOAD build/Main.o
LOAD build/updateMonsters.o
LOAD build/Detect1.o
LOAD build/WriteClock.o
LOAD build/jtag.o
LOAD build/framebuffer.o
LOAD build/DetectCollisions.o
LOAD build/InitAll.o
LOAD build/UpdateScore.o
LOAD build/StartScreen.o
LOAD build/ReadData.o
LOAD build/UpdateSprites.o
LOAD build/drawingFunctions.o
LOAD build/Wait.o
LOAD build/WriteLatch.o
LOAD build/ReadSNES.o
LOAD build/ButtonFunctions.o
LOAD build/GameLoop.o

.init           0x00008000       0x14
 *(.init)
 .init          0x00008000        0x4 build/Main.o
                0x00008000                _start
 .init          0x00008004        0x0 build/Detect1.o
 .init          0x00008004        0x0 build/WriteClock.o
 .init          0x00008004        0x0 build/InitAll.o
 .init          0x00008004        0x4 build/StartScreen.o
                0x00008004                _StartScreen
 .init          0x00008008        0x0 build/ReadData.o
 .init          0x00008008        0x4 build/UpdateSprites.o
                0x00008008                _UpdateSprites
 .init          0x0000800c        0x0 build/Wait.o
 .init          0x0000800c        0x0 build/WriteLatch.o
 .init          0x0000800c        0x0 build/ReadSNES.o
 .init          0x0000800c        0x4 build/ButtonFunctions.o
                0x0000800c                _ButtonFunctions
 .init          0x00008010        0x4 build/GameLoop.o
                0x00008010                _GameLoop

.data           0x00009080   0x3d3904
 *(.data)
 .data          0x00009080        0x9 build/Main.o
                0x00009080                buttons
                0x00009081                mariowidth
                0x00009085                marioheight
 .data          0x00009089        0x0 build/updateMonsters.o
 .data          0x00009089        0x0 build/Detect1.o
 .data          0x00009089        0x0 build/WriteClock.o
 .data          0x00009089        0x0 build/jtag.o
 *fill*         0x00009089        0x7 3f3f3f3f
 .data          0x00009090       0x70 build/framebuffer.o
                0x000090f0                FrameBufferPointer
 .data          0x00009100        0x0 build/DetectCollisions.o
 .data          0x00009100        0x0 build/InitAll.o
 .data          0x00009100        0x0 build/UpdateScore.o
 .data          0x00009100   0x180000 build/StartScreen.o
 .data          0x00189100        0x0 build/ReadData.o
 .data          0x00189100        0x0 build/UpdateSprites.o
 .data          0x00189100   0x253884 build/drawingFunctions.o
                0x00189100                mario
                0x0018910c                dragonEnemy
                0x00189118                shellEnemy
                0x00189124                screenNumber
                0x00189128                block1
                0x00189130                block2
                0x00189138                block3
                0x00189140                block4
                0x00189148                cblock
                0x00189150                cblock2
                0x00189158                cblock3
                0x00189160                pipe1
                0x00189168                pipe2
                0x00189170                castle
                0x00189178                bowser
                0x00189180                pit
                0x00189188                playingstatus
                0x0018918c                currentSelection
                0x00189190                selectcoin1
                0x00189198                selectcoin2
                0x001891a0                lives
                0x001891a4                score
                0x001891a8                coins
 .data          0x003dc984        0x0 build/Wait.o
 .data          0x003dc984        0x0 build/WriteLatch.o
 .data          0x003dc984        0x0 build/ReadSNES.o
 .data          0x003dc984        0x0 build/ButtonFunctions.o
 .data          0x003dc984        0x0 build/GameLoop.o
 *.c.o(*)

.igot.plt       0x003dc984        0x0
 .igot.plt      0x00000000        0x0 build/Main.o

.text           0x003dc984     0x11d8
 *.c.o(.text)
 *(.text)
 .text          0x003dc984       0x64 build/Main.o
                0x003dc9d8                hang
 .text          0x003dc9e8      0x138 build/updateMonsters.o
                0x003dc9e8                updateMonsters
 .text          0x003dcb20      0x1f8 build/Detect1.o
                0x003dcb20                Detect1
 .text          0x003dcd18       0x34 build/WriteClock.o
                0x003dcd18                _WriteClock
 .text          0x003dcd4c       0x8c build/jtag.o
                0x003dcd4c                EnableJTAG
 .text          0x003dcdd8       0x80 build/framebuffer.o
                0x003dcdd8                InitFrameBuffer
 .text          0x003dce58        0x0 build/DetectCollisions.o
 .text          0x003dce58       0x74 build/InitAll.o
                0x003dce58                _InitAll
 .text          0x003dcecc        0x0 build/UpdateScore.o
 .text          0x003dcecc      0x130 build/StartScreen.o
 .text          0x003dcffc       0x38 build/ReadData.o
                0x003dcffc                _ReadData
 .text          0x003dd034       0xd0 build/UpdateSprites.o
 .text          0x003dd104      0x678 build/drawingFunctions.o
                0x003dd104                initialscreen
                0x003dd18c                initializeBackground
                0x003dd1c8                drawMario
                0x003dd224                clearMario
                0x003dd258                drawCloud
                0x003dd27c                drawBlock
                0x003dd2a0                drawCoinBlock
                0x003dd2c4                drawPipe
                0x003dd2e8                drawDragon
                0x003dd30c                drawShell
                0x003dd330                drawCastle
                0x003dd354                drawPit
                0x003dd378                drawBowser
                0x003dd39c                clearBox
                0x003dd3c0                clearDragon
                0x003dd3e4                clearPipe
                0x003dd408                clearShell
                0x003dd42c                drawselectCoin
                0x003dd450                clearselectCoin
                0x003dd474                drawPicture
                0x003dd4f0                updateScreen
                0x003dd5f8                initializeScreenTwo
                0x003dd668                initializeScreenThree
 .text          0x003dd77c       0x68 build/Wait.o
                0x003dd77c                _Wait
                0x003dd7ac                WaitLong
 .text          0x003dd7e4       0x34 build/WriteLatch.o
                0x003dd7e4                _WriteLatch
 .text          0x003dd818       0x94 build/ReadSNES.o
                0x003dd818                _ReadSNES
 .text          0x003dd8ac      0x278 build/ButtonFunctions.o
                0x003dd8ac                BPress
                0x003dd8b8                YPress
                0x003dd8b8                SelPress
                0x003dd8b8                STPress
                0x003dd950                JPUPress
                0x003dd9e4                downex
                0x003dda80                JPLPress
                0x003ddab0                JPRPress
                0x003ddb10                APress
                0x003ddb10                XPress
                0x003ddb10                RBPress
                0x003ddb10                LBPress
 .text          0x003ddb24       0x38 build/GameLoop.o
                0x003ddb28                GL
OUTPUT(build/output.elf elf32-littlearm)

.glue_7         0x003ddb5c        0x0
 .glue_7        0x00000000        0x0 linker stubs

.glue_7t        0x003ddb5c        0x0
 .glue_7t       0x00000000        0x0 linker stubs

.vfp11_veneer   0x003ddb5c        0x0
 .vfp11_veneer  0x00000000        0x0 linker stubs

.v4_bx          0x003ddb5c        0x0
 .v4_bx         0x00000000        0x0 linker stubs

.iplt           0x003ddb5c        0x0
 .iplt          0x00000000        0x0 build/Main.o

.rel.dyn        0x003ddb5c        0x0
 .rel.iplt      0x00000000        0x0 build/Main.o

.bss            0x003ddb5c        0x0
 .bss           0x003ddb5c        0x0 build/Main.o
 .bss           0x003ddb5c        0x0 build/updateMonsters.o
 .bss           0x003ddb5c        0x0 build/Detect1.o
 .bss           0x003ddb5c        0x0 build/WriteClock.o
 .bss           0x003ddb5c        0x0 build/jtag.o
 .bss           0x003ddb5c        0x0 build/framebuffer.o
 .bss           0x003ddb5c        0x0 build/DetectCollisions.o
 .bss           0x003ddb5c        0x0 build/InitAll.o
 .bss           0x003ddb5c        0x0 build/UpdateScore.o
 .bss           0x003ddb5c        0x0 build/StartScreen.o
 .bss           0x003ddb5c        0x0 build/ReadData.o
 .bss           0x003ddb5c        0x0 build/UpdateSprites.o
 .bss           0x003ddb5c        0x0 build/drawingFunctions.o
 .bss           0x003ddb5c        0x0 build/Wait.o
 .bss           0x003ddb5c        0x0 build/WriteLatch.o
 .bss           0x003ddb5c        0x0 build/ReadSNES.o
 .bss           0x003ddb5c        0x0 build/ButtonFunctions.o
 .bss           0x003ddb5c        0x0 build/GameLoop.o

.ARM.attributes
                0x00000000       0x29
 .ARM.attributes
                0x00000000       0x29 build/Main.o
 .ARM.attributes
                0x00000029       0x29 build/updateMonsters.o
 .ARM.attributes
                0x00000052       0x29 build/Detect1.o
 .ARM.attributes
                0x0000007b       0x29 build/WriteClock.o
 .ARM.attributes
                0x000000a4       0x29 build/jtag.o
 .ARM.attributes
                0x000000cd       0x29 build/framebuffer.o
 .ARM.attributes
                0x000000f6       0x29 build/DetectCollisions.o
 .ARM.attributes
                0x0000011f       0x29 build/InitAll.o
 .ARM.attributes
                0x00000148       0x29 build/UpdateScore.o
 .ARM.attributes
                0x00000171       0x29 build/StartScreen.o
 .ARM.attributes
                0x0000019a       0x29 build/ReadData.o
 .ARM.attributes
                0x000001c3       0x29 build/UpdateSprites.o
 .ARM.attributes
                0x000001ec       0x29 build/drawingFunctions.o
 .ARM.attributes
                0x00000215       0x29 build/Wait.o
 .ARM.attributes
                0x0000023e       0x29 build/WriteLatch.o
 .ARM.attributes
                0x00000267       0x29 build/ReadSNES.o
 .ARM.attributes
                0x00000290       0x29 build/ButtonFunctions.o
 .ARM.attributes
                0x000002b9       0x29 build/GameLoop.o

.debug_line     0x00000000      0x92c
 .debug_line    0x00000000       0x64 build/Main.o
 .debug_line    0x00000064       0x99 build/updateMonsters.o
 .debug_line    0x000000fd       0xca build/Detect1.o
 .debug_line    0x000001c7       0x4f build/WriteClock.o
 .debug_line    0x00000216       0x61 build/jtag.o
 .debug_line    0x00000277       0x67 build/framebuffer.o
 .debug_line    0x000002de       0x5e build/InitAll.o
 .debug_line    0x0000033c       0x9f build/StartScreen.o
 .debug_line    0x000003db       0x4e build/ReadData.o
 .debug_line    0x00000429       0x86 build/UpdateSprites.o
 .debug_line    0x000004af      0x215 build/drawingFunctions.o
 .debug_line    0x000006c4       0x56 build/Wait.o
 .debug_line    0x0000071a       0x4f build/WriteLatch.o
 .debug_line    0x00000769       0x67 build/ReadSNES.o
 .debug_line    0x000007d0       0xfd build/ButtonFunctions.o
 .debug_line    0x000008cd       0x5f build/GameLoop.o

.debug_info     0x00000000      0x6d3
 .debug_info    0x00000000       0x60 build/Main.o
 .debug_info    0x00000060       0x6e build/updateMonsters.o
 .debug_info    0x000000ce       0x6d build/Detect1.o
 .debug_info    0x0000013b       0x73 build/WriteClock.o
 .debug_info    0x000001ae       0x6d build/jtag.o
 .debug_info    0x0000021b       0x74 build/framebuffer.o
 .debug_info    0x0000028f       0x70 build/InitAll.o
 .debug_info    0x000002ff       0x67 build/StartScreen.o
 .debug_info    0x00000366       0x71 build/ReadData.o
 .debug_info    0x000003d7       0x69 build/UpdateSprites.o
 .debug_info    0x00000440       0x76 build/drawingFunctions.o
 .debug_info    0x000004b6       0x6d build/Wait.o
 .debug_info    0x00000523       0x73 build/WriteLatch.o
 .debug_info    0x00000596       0x68 build/ReadSNES.o
 .debug_info    0x000005fe       0x71 build/ButtonFunctions.o
 .debug_info    0x0000066f       0x64 build/GameLoop.o

.debug_abbrev   0x00000000      0x136
 .debug_abbrev  0x00000000       0x12 build/Main.o
 .debug_abbrev  0x00000012       0x14 build/updateMonsters.o
 .debug_abbrev  0x00000026       0x14 build/Detect1.o
 .debug_abbrev  0x0000003a       0x14 build/WriteClock.o
 .debug_abbrev  0x0000004e       0x14 build/jtag.o
 .debug_abbrev  0x00000062       0x14 build/framebuffer.o
 .debug_abbrev  0x00000076       0x14 build/InitAll.o
 .debug_abbrev  0x0000008a       0x12 build/StartScreen.o
 .debug_abbrev  0x0000009c       0x14 build/ReadData.o
 .debug_abbrev  0x000000b0       0x12 build/UpdateSprites.o
 .debug_abbrev  0x000000c2       0x14 build/drawingFunctions.o
 .debug_abbrev  0x000000d6       0x14 build/Wait.o
 .debug_abbrev  0x000000ea       0x14 build/WriteLatch.o
 .debug_abbrev  0x000000fe       0x14 build/ReadSNES.o
 .debug_abbrev  0x00000112       0x12 build/ButtonFunctions.o
 .debug_abbrev  0x00000124       0x12 build/GameLoop.o

.debug_aranges  0x00000000      0x228
 .debug_aranges
                0x00000000       0x28 build/Main.o
 .debug_aranges
                0x00000028       0x20 build/updateMonsters.o
 .debug_aranges
                0x00000048       0x20 build/Detect1.o
 .debug_aranges
                0x00000068       0x20 build/WriteClock.o
 .debug_aranges
                0x00000088       0x20 build/jtag.o
 .debug_aranges
                0x000000a8       0x20 build/framebuffer.o
 .debug_aranges
                0x000000c8       0x20 build/InitAll.o
 .debug_aranges
                0x000000e8       0x28 build/StartScreen.o
 .debug_aranges
                0x00000110       0x20 build/ReadData.o
 .debug_aranges
                0x00000130       0x28 build/UpdateSprites.o
 .debug_aranges
                0x00000158       0x20 build/drawingFunctions.o
 .debug_aranges
                0x00000178       0x20 build/Wait.o
 .debug_aranges
                0x00000198       0x20 build/WriteLatch.o
 .debug_aranges
                0x000001b8       0x20 build/ReadSNES.o
 .debug_aranges
                0x000001d8       0x28 build/ButtonFunctions.o
 .debug_aranges
                0x00000200       0x28 build/GameLoop.o

.debug_ranges   0x00000000       0xa0
 .debug_ranges  0x00000000       0x20 build/Main.o
 .debug_ranges  0x00000020       0x20 build/StartScreen.o
 .debug_ranges  0x00000040       0x20 build/UpdateSprites.o
 .debug_ranges  0x00000060       0x20 build/ButtonFunctions.o
 .debug_ranges  0x00000080       0x20 build/GameLoop.o
