
Memory Configuration

Name             Origin             Length             Attributes
*default*        0x00000000         0xffffffff

Linker script and memory map

LOAD build/Main.o
LOAD build/updateMonsters.o
LOAD build/Detect1.o
LOAD build/WriteClock.o
LOAD build/jtag.o
LOAD build/framebuffer.o
LOAD build/DetectCollisions.o
LOAD build/InitAll.o
LOAD build/UpdateScore.o
LOAD build/StartScreen.o
LOAD build/ReadData.o
LOAD build/UpdateSprites.o
LOAD build/drawingFunctions.o
LOAD build/Wait.o
LOAD build/WriteLatch.o
LOAD build/PauseMenu.o
LOAD build/ReadSNES.o
LOAD build/ButtonFunctions.o
LOAD build/GameLoop.o

.init           0x00008000       0x14
 *(.init)
 .init          0x00008000        0x4 build/Main.o
                0x00008000                _start
 .init          0x00008004        0x0 build/Detect1.o
 .init          0x00008004        0x0 build/WriteClock.o
 .init          0x00008004        0x0 build/InitAll.o
 .init          0x00008004        0x4 build/StartScreen.o
                0x00008004                _StartScreen
 .init          0x00008008        0x0 build/ReadData.o
 .init          0x00008008        0x4 build/UpdateSprites.o
                0x00008008                _UpdateSprites
 .init          0x0000800c        0x0 build/Wait.o
 .init          0x0000800c        0x0 build/WriteLatch.o
 .init          0x0000800c        0x0 build/ReadSNES.o
 .init          0x0000800c        0x4 build/ButtonFunctions.o
                0x0000800c                _ButtonFunctions
 .init          0x00008010        0x4 build/GameLoop.o
                0x00008010                _GameLoop

.data           0x00009080   0x4741dc
 *(.data)
 .data          0x00009080        0x9 build/Main.o
                0x00009080                buttons
                0x00009081                mariowidth
                0x00009085                marioheight
 .data          0x00009089        0x0 build/updateMonsters.o
 *fill*         0x00009089        0x3 3f3f3f3f
 .data          0x0000908c        0x8 build/Detect1.o
 .data          0x00009094        0x0 build/WriteClock.o
 .data          0x00009094        0x0 build/jtag.o
 *fill*         0x00009094        0xc 3f3f3f3f
 .data          0x000090a0       0x70 build/framebuffer.o
                0x00009100                FrameBufferPointer
 .data          0x00009110        0x0 build/DetectCollisions.o
 .data          0x00009110        0x0 build/InitAll.o
 .data          0x00009110        0x0 build/UpdateScore.o
 .data          0x00009110   0x180000 build/StartScreen.o
 .data          0x00189110        0x0 build/ReadData.o
 .data          0x00189110        0x0 build/UpdateSprites.o
 .data          0x00189110   0x2538a0 build/drawingFunctions.o
                0x00189110                mario
                0x0018911c                dragonEnemy
                0x00189128                shellEnemy
                0x00189134                screenNumber
                0x00189138                block1
                0x00189140                block2
                0x00189148                block3
                0x00189150                block4
                0x00189158                cblock
                0x00189160                cblock2
                0x00189168                cblock3
                0x00189170                pipe1
                0x00189178                pipe2
                0x00189180                castle
                0x00189188                bowser
                0x00189190                pit
                0x00189198                playingstatus
                0x0018919c                currentSelection
                0x001891a0                currentSelectionPause
                0x001891a4                selectcoin1
                0x001891ac                selectcoin2
                0x001891b4                selectcoin3
                0x001891bc                selectcoin4
                0x001891c4                lives
                0x001891c8                score
                0x001891cc                coins
                0x001891d0                js1
                0x001891d4                shelllife
 .data          0x003dc9b0        0x0 build/Wait.o
 .data          0x003dc9b0        0x0 build/WriteLatch.o
 .data          0x003dc9b0    0xa08ac build/PauseMenu.o
 .data          0x0047d25c        0x0 build/ReadSNES.o
 .data          0x0047d25c        0x0 build/ButtonFunctions.o
 .data          0x0047d25c        0x0 build/GameLoop.o
 *.c.o(*)

.igot.plt       0x0047d25c        0x0
 .igot.plt      0x00000000        0x0 build/Main.o

.text           0x0047d25c     0x1a44
 *.c.o(.text)
 *(.text)
 .text          0x0047d25c       0x64 build/Main.o
                0x0047d2a4                nG
                0x0047d2b0                hang
 .text          0x0047d2c0      0x14c build/updateMonsters.o
                0x0047d2c0                updateMonsters
 .text          0x0047d40c      0x3e4 build/Detect1.o
                0x0047d40c                Detect1
 .text          0x0047d7f0       0x34 build/WriteClock.o
                0x0047d7f0                _WriteClock
 .text          0x0047d824       0x8c build/jtag.o
                0x0047d824                EnableJTAG
 .text          0x0047d8b0       0x80 build/framebuffer.o
                0x0047d8b0                InitFrameBuffer
 .text          0x0047d930        0x0 build/DetectCollisions.o
 .text          0x0047d930       0x74 build/InitAll.o
                0x0047d930                _InitAll
 .text          0x0047d9a4        0x0 build/UpdateScore.o
 .text          0x0047d9a4      0x130 build/StartScreen.o
 .text          0x0047dad4       0x38 build/ReadData.o
                0x0047dad4                _ReadData
 .text          0x0047db0c       0xd0 build/UpdateSprites.o
 .text          0x0047dbdc      0x854 build/drawingFunctions.o
                0x0047dbdc                initialscreen
                0x0047dc70                initializeBackground
                0x0047dcac                drawMario
                0x0047dd08                clearMario
                0x0047dd3c                drawCloud
                0x0047dd60                drawBlock
                0x0047dd84                drawCoinBlock
                0x0047dda8                drawPipe
                0x0047ddcc                drawDragon
                0x0047ddf0                drawShell
                0x0047de14                drawCastle
                0x0047de38                drawPit
                0x0047de5c                drawBowser
                0x0047de80                clearBowser
                0x0047dea4                clearCastle
                0x0047dec8                clearBox
                0x0047deec                clearDragon
                0x0047df10                clearPipe
                0x0047df34                clearShell
                0x0047df58                drawselectCoin
                0x0047df7c                clearselectCoin
                0x0047dfa0                drawPicture
                0x0047e01c                updateScreenRight
                0x0047e040                updateScreenLeft
                0x0047e064                clear1draw2
                0x0047e0d0                clear2draw3
                0x0047e150                initializeScreenTwo
                0x0047e1c0                initializeScreenThree
                0x0047e230                clear3draw2
                0x0047e2b4                clear2draw1
 .text          0x0047e430       0x68 build/Wait.o
                0x0047e430                _Wait
                0x0047e460                WaitLong
 .text          0x0047e498       0x34 build/WriteLatch.o
                0x0047e498                _WriteLatch
 .text          0x0047e4cc      0x3f4 build/PauseMenu.o
                0x0047e4cc                PauseMenu
                0x0047e5b8                restart
 .text          0x0047e8c0       0x94 build/ReadSNES.o
                0x0047e8c0                _ReadSNES
 .text          0x0047e954      0x314 build/ButtonFunctions.o
                0x0047e954                BPress
                0x0047e960                YPress
                0x0047e960                SelPress
                0x0047e960                STPress
                0x0047e9b4                JPUPress
                0x0047ea84                downex
                0x0047ea8c                UpRightPress
                0x0047eb04                UpLeftPress
                0x0047eb6c                JPLPress
                0x0047ebc4                JPRPress
                0x0047ec4c                APress
                0x0047ec4c                XPress
                0x0047ec4c                RBPress
                0x0047ec4c                LBPress
 .text          0x0047ec68       0x38 build/GameLoop.o
                0x0047ec6c                GL
OUTPUT(build/output.elf elf32-littlearm)

.glue_7         0x0047eca0        0x0
 .glue_7        0x00000000        0x0 linker stubs

.glue_7t        0x0047eca0        0x0
 .glue_7t       0x00000000        0x0 linker stubs

.vfp11_veneer   0x0047eca0        0x0
 .vfp11_veneer  0x00000000        0x0 linker stubs

.v4_bx          0x0047eca0        0x0
 .v4_bx         0x00000000        0x0 linker stubs

.iplt           0x0047eca0        0x0
 .iplt          0x00000000        0x0 build/Main.o

.rel.dyn        0x0047eca0        0x0
 .rel.iplt      0x00000000        0x0 build/Main.o

.bss            0x0047eca0        0x0
 .bss           0x0047eca0        0x0 build/Main.o
 .bss           0x0047eca0        0x0 build/updateMonsters.o
 .bss           0x0047eca0        0x0 build/Detect1.o
 .bss           0x0047eca0        0x0 build/WriteClock.o
 .bss           0x0047eca0        0x0 build/jtag.o
 .bss           0x0047eca0        0x0 build/framebuffer.o
 .bss           0x0047eca0        0x0 build/DetectCollisions.o
 .bss           0x0047eca0        0x0 build/InitAll.o
 .bss           0x0047eca0        0x0 build/UpdateScore.o
 .bss           0x0047eca0        0x0 build/StartScreen.o
 .bss           0x0047eca0        0x0 build/ReadData.o
 .bss           0x0047eca0        0x0 build/UpdateSprites.o
 .bss           0x0047eca0        0x0 build/drawingFunctions.o
 .bss           0x0047eca0        0x0 build/Wait.o
 .bss           0x0047eca0        0x0 build/WriteLatch.o
 .bss           0x0047eca0        0x0 build/PauseMenu.o
 .bss           0x0047eca0        0x0 build/ReadSNES.o
 .bss           0x0047eca0        0x0 build/ButtonFunctions.o
 .bss           0x0047eca0        0x0 build/GameLoop.o

.ARM.attributes
                0x00000000       0x29
 .ARM.attributes
                0x00000000       0x29 build/Main.o
 .ARM.attributes
                0x00000029       0x29 build/updateMonsters.o
 .ARM.attributes
                0x00000052       0x29 build/Detect1.o
 .ARM.attributes
                0x0000007b       0x29 build/WriteClock.o
 .ARM.attributes
                0x000000a4       0x29 build/jtag.o
 .ARM.attributes
                0x000000cd       0x29 build/framebuffer.o
 .ARM.attributes
                0x000000f6       0x29 build/DetectCollisions.o
 .ARM.attributes
                0x0000011f       0x29 build/InitAll.o
 .ARM.attributes
                0x00000148       0x29 build/UpdateScore.o
 .ARM.attributes
                0x00000171       0x29 build/StartScreen.o
 .ARM.attributes
                0x0000019a       0x29 build/ReadData.o
 .ARM.attributes
                0x000001c3       0x29 build/UpdateSprites.o
 .ARM.attributes
                0x000001ec       0x29 build/drawingFunctions.o
 .ARM.attributes
                0x00000215       0x29 build/Wait.o
 .ARM.attributes
                0x0000023e       0x29 build/WriteLatch.o
 .ARM.attributes
                0x00000267       0x29 build/PauseMenu.o
 .ARM.attributes
                0x00000290       0x29 build/ReadSNES.o
 .ARM.attributes
                0x000002b9       0x29 build/ButtonFunctions.o
 .ARM.attributes
                0x000002e2       0x29 build/GameLoop.o

.debug_line     0x00000000      0xba3
 .debug_line    0x00000000       0x64 build/Main.o
 .debug_line    0x00000064       0xa0 build/updateMonsters.o
 .debug_line    0x00000104      0x148 build/Detect1.o
 .debug_line    0x0000024c       0x4f build/WriteClock.o
 .debug_line    0x0000029b       0x61 build/jtag.o
 .debug_line    0x000002fc       0x67 build/framebuffer.o
 .debug_line    0x00000363       0x5e build/InitAll.o
 .debug_line    0x000003c1       0x9f build/StartScreen.o
 .debug_line    0x00000460       0x4e build/ReadData.o
 .debug_line    0x000004ae       0x86 build/UpdateSprites.o
 .debug_line    0x00000534      0x293 build/drawingFunctions.o
 .debug_line    0x000007c7       0x56 build/Wait.o
 .debug_line    0x0000081d       0x4f build/WriteLatch.o
 .debug_line    0x0000086c      0x145 build/PauseMenu.o
 .debug_line    0x000009b1       0x67 build/ReadSNES.o
 .debug_line    0x00000a18      0x12c build/ButtonFunctions.o
 .debug_line    0x00000b44       0x5f build/GameLoop.o

.debug_info     0x00000000      0x663
 .debug_info    0x00000000       0x58 build/Main.o
 .debug_info    0x00000058       0x66 build/updateMonsters.o
 .debug_info    0x000000be       0x5f build/Detect1.o
 .debug_info    0x0000011d       0x62 build/WriteClock.o
 .debug_info    0x0000017f       0x5c build/jtag.o
 .debug_info    0x000001db       0x63 build/framebuffer.o
 .debug_info    0x0000023e       0x5f build/InitAll.o
 .debug_info    0x0000029d       0x5f build/StartScreen.o
 .debug_info    0x000002fc       0x60 build/ReadData.o
 .debug_info    0x0000035c       0x61 build/UpdateSprites.o
 .debug_info    0x000003bd       0x68 build/drawingFunctions.o
 .debug_info    0x00000425       0x5c build/Wait.o
 .debug_info    0x00000481       0x62 build/WriteLatch.o
 .debug_info    0x000004e3       0x61 build/PauseMenu.o
 .debug_info    0x00000544       0x60 build/ReadSNES.o
 .debug_info    0x000005a4       0x63 build/ButtonFunctions.o
 .debug_info    0x00000607       0x5c build/GameLoop.o

.debug_abbrev   0x00000000      0x14a
 .debug_abbrev  0x00000000       0x12 build/Main.o
 .debug_abbrev  0x00000012       0x14 build/updateMonsters.o
 .debug_abbrev  0x00000026       0x14 build/Detect1.o
 .debug_abbrev  0x0000003a       0x14 build/WriteClock.o
 .debug_abbrev  0x0000004e       0x14 build/jtag.o
 .debug_abbrev  0x00000062       0x14 build/framebuffer.o
 .debug_abbrev  0x00000076       0x14 build/InitAll.o
 .debug_abbrev  0x0000008a       0x12 build/StartScreen.o
 .debug_abbrev  0x0000009c       0x14 build/ReadData.o
 .debug_abbrev  0x000000b0       0x12 build/UpdateSprites.o
 .debug_abbrev  0x000000c2       0x14 build/drawingFunctions.o
 .debug_abbrev  0x000000d6       0x14 build/Wait.o
 .debug_abbrev  0x000000ea       0x14 build/WriteLatch.o
 .debug_abbrev  0x000000fe       0x14 build/PauseMenu.o
 .debug_abbrev  0x00000112       0x14 build/ReadSNES.o
 .debug_abbrev  0x00000126       0x12 build/ButtonFunctions.o
 .debug_abbrev  0x00000138       0x12 build/GameLoop.o

.debug_aranges  0x00000000      0x248
 .debug_aranges
                0x00000000       0x28 build/Main.o
 .debug_aranges
                0x00000028       0x20 build/updateMonsters.o
 .debug_aranges
                0x00000048       0x20 build/Detect1.o
 .debug_aranges
                0x00000068       0x20 build/WriteClock.o
 .debug_aranges
                0x00000088       0x20 build/jtag.o
 .debug_aranges
                0x000000a8       0x20 build/framebuffer.o
 .debug_aranges
                0x000000c8       0x20 build/InitAll.o
 .debug_aranges
                0x000000e8       0x28 build/StartScreen.o
 .debug_aranges
                0x00000110       0x20 build/ReadData.o
 .debug_aranges
                0x00000130       0x28 build/UpdateSprites.o
 .debug_aranges
                0x00000158       0x20 build/drawingFunctions.o
 .debug_aranges
                0x00000178       0x20 build/Wait.o
 .debug_aranges
                0x00000198       0x20 build/WriteLatch.o
 .debug_aranges
                0x000001b8       0x20 build/PauseMenu.o
 .debug_aranges
                0x000001d8       0x20 build/ReadSNES.o
 .debug_aranges
                0x000001f8       0x28 build/ButtonFunctions.o
 .debug_aranges
                0x00000220       0x28 build/GameLoop.o

.debug_ranges   0x00000000       0xa0
 .debug_ranges  0x00000000       0x20 build/Main.o
 .debug_ranges  0x00000020       0x20 build/StartScreen.o
 .debug_ranges  0x00000040       0x20 build/UpdateSprites.o
 .debug_ranges  0x00000060       0x20 build/ButtonFunctions.o
 .debug_ranges  0x00000080       0x20 build/GameLoop.o
