
Memory Configuration

Name             Origin             Length             Attributes
*default*        0x00000000         0xffffffff

Linker script and memory map

LOAD build/Main.o
LOAD build/updateMonsters.o
LOAD build/Detect1.o
LOAD build/WriteClock.o
LOAD build/framebuffer.o
LOAD build/jtag.o
LOAD build/drawingFunctions.o
LOAD build/DetectCollisions.o
LOAD build/InitAll.o
LOAD build/UpdateScore.o
LOAD build/StartScreen.o
LOAD build/ReadData.o
LOAD build/UpdateSprites.o
LOAD build/Wait.o
LOAD build/WriteLatch.o
LOAD build/PauseMenu.o
LOAD build/MFD.o
LOAD build/ReadSNES.o
LOAD build/ButtonFunctions.o
LOAD build/GameLoop.o

.init           0x00008000       0x14
 *(.init)
 .init          0x00008000        0x4 build/Main.o
                0x00008000                _start
 .init          0x00008004        0x0 build/Detect1.o
 .init          0x00008004        0x0 build/WriteClock.o
 .init          0x00008004        0x0 build/InitAll.o
 .init          0x00008004        0x4 build/StartScreen.o
                0x00008004                _StartScreen
 .init          0x00008008        0x0 build/ReadData.o
 .init          0x00008008        0x4 build/UpdateSprites.o
                0x00008008                _UpdateSprites
 .init          0x0000800c        0x0 build/Wait.o
 .init          0x0000800c        0x0 build/WriteLatch.o
 .init          0x0000800c        0x0 build/MFD.o
 .init          0x0000800c        0x0 build/ReadSNES.o
 .init          0x0000800c        0x4 build/ButtonFunctions.o
                0x0000800c                _ButtonFunctions
 .init          0x00008010        0x4 build/GameLoop.o
                0x00008010                _GameLoop

.data           0x00009080   0x3f8064
 *(.data)
 .data          0x00009080        0x9 build/Main.o
                0x00009080                buttons
                0x00009081                mariowidth
                0x00009085                marioheight
 .data          0x00009089        0x0 build/updateMonsters.o
 *fill*         0x00009089        0x7 3f3f3f3f
 .data          0x00009090       0x10 build/Detect1.o
                0x00009090                state1
                0x00009094                state2
                0x00009098                state3
 .data          0x000090a0        0x0 build/WriteClock.o
 .data          0x000090a0       0x70 build/framebuffer.o
                0x00009100                FrameBufferPointer
 .data          0x00009110        0x0 build/jtag.o
 .data          0x00009110   0x254470 build/drawingFunctions.o
                0x00009110                mario
                0x0000911c                dragonEnemy
                0x00009128                shellEnemy
                0x00009134                screenNumber
                0x00009138                block1
                0x00009140                block2
                0x00009148                block3
                0x00009150                block4
                0x00009158                cblock
                0x00009160                cblock2
                0x00009168                cblock3
                0x00009170                pipe1
                0x00009178                pipe2
                0x00009180                castle
                0x00009188                bowser
                0x00009190                pit
                0x00009198                playingstatus
                0x0000919c                currentSelection
                0x000091a0                currentSelectionPause
                0x000091a4                selectcoin1
                0x000091ac                selectcoin2
                0x000091b4                selectcoin3
                0x000091bc                selectcoin4
                0x000091c4                lives
                0x000091c8                score
                0x000091cc                coins
                0x000091d0                js1
                0x000091d4                shelllife
 .data          0x0025d580        0x0 build/DetectCollisions.o
 .data          0x0025d580        0x0 build/InitAll.o
 .data          0x0025d580        0x0 build/UpdateScore.o
 .data          0x0025d580   0x180000 build/StartScreen.o
 .data          0x003dd580        0x0 build/ReadData.o
 .data          0x003dd580        0x0 build/UpdateSprites.o
 .data          0x003dd580        0x0 build/Wait.o
 .data          0x003dd580        0x0 build/WriteLatch.o
 .data          0x003dd580    0x23b64 build/PauseMenu.o
                0x003dd580                PauseMenuLocation
 .data          0x004010e4        0x0 build/MFD.o
 .data          0x004010e4        0x0 build/ReadSNES.o
 .data          0x004010e4        0x0 build/ButtonFunctions.o
 .data          0x004010e4        0x0 build/GameLoop.o
 *.c.o(*)

.igot.plt       0x004010e4        0x0
 .igot.plt      0x00000000        0x0 build/Main.o

.text           0x004010e4     0x1cc8
 *.c.o(.text)
 *(.text)
 .text          0x004010e4       0x64 build/Main.o
                0x0040112c                nG
                0x00401138                hang
 .text          0x00401148      0x148 build/updateMonsters.o
                0x00401148                updateMonsters
 .text          0x00401290      0x3c8 build/Detect1.o
                0x00401290                Detect1
 .text          0x00401658       0x34 build/WriteClock.o
                0x00401658                _WriteClock
 .text          0x0040168c       0x80 build/framebuffer.o
                0x0040168c                InitFrameBuffer
 .text          0x0040170c       0x8c build/jtag.o
                0x0040170c                EnableJTAG
 .text          0x00401798      0x8cc build/drawingFunctions.o
                0x00401798                initialscreen
                0x0040182c                initializeBackground
                0x00401868                drawMario
                0x004018c4                clearMario
                0x004018f8                drawCloud
                0x0040191c                drawBlock
                0x00401940                drawCoinBlock
                0x00401964                drawPipe
                0x00401988                drawDragon
                0x004019ac                drawShell
                0x004019d0                drawCastle
                0x004019f4                drawPit
                0x00401a18                drawBowser
                0x00401a3c                clearBowser
                0x00401a60                clearCastle
                0x00401a84                clearBox
                0x00401aa8                clearDragon
                0x00401acc                clearPipe
                0x00401af0                clearShell
                0x00401b14                drawselectCoin
                0x00401b38                clearselectCoin
                0x00401b5c                drawPauseSelectCoin
                0x00401b80                clearPauseSelectCoinGreen
                0x00401ba4                clearPauseSelectCoinBlue
                0x00401bc8                drawPicture
                0x00401c44                updateScreenRight
                0x00401c68                updateScreenLeft
                0x00401c8c                clear1draw2
                0x00401cf8                clear2draw3
                0x00401d78                initializeScreenTwo
                0x00401de8                initializeScreenThree
                0x00401e58                clear3draw2
                0x00401edc                clear2draw1
 .text          0x00402064        0x0 build/DetectCollisions.o
 .text          0x00402064       0x74 build/InitAll.o
                0x00402064                _InitAll
 .text          0x004020d8        0x0 build/UpdateScore.o
 .text          0x004020d8      0x130 build/StartScreen.o
 .text          0x00402208       0x38 build/ReadData.o
                0x00402208                _ReadData
 .text          0x00402240       0xd0 build/UpdateSprites.o
 .text          0x00402310       0x68 build/Wait.o
                0x00402310                _Wait
                0x00402340                WaitLong
 .text          0x00402378       0x34 build/WriteLatch.o
                0x00402378                _WriteLatch
 .text          0x004023ac      0x448 build/PauseMenu.o
                0x004023ac                PauseMenu
                0x00402494                restart
                0x00402708                drawPauseMenu
                0x0040272c                ClearMenu
 .text          0x004027f4      0x1cc build/MFD.o
                0x004027f4                marioFallDown
 .text          0x004029c0       0x94 build/ReadSNES.o
                0x004029c0                _ReadSNES
 .text          0x00402a54      0x320 build/ButtonFunctions.o
                0x00402a54                BPress
                0x00402a60                YPress
                0x00402a60                SelPress
                0x00402a60                STPress
                0x00402ab4                JPUPress
                0x00402b20                jumpdown
                0x00402b88                downex
                0x00402b90                UpRightPress
                0x00402c08                UpLeftPress
                0x00402c70                JPLPress
                0x00402cd8                JPRPress
                0x00402d58                APress
                0x00402d58                XPress
                0x00402d58                RBPress
                0x00402d58                LBPress
 .text          0x00402d74       0x38 build/GameLoop.o
                0x00402d78                GL
OUTPUT(build/output.elf elf32-littlearm)

.glue_7         0x00402dac        0x0
 .glue_7        0x00000000        0x0 linker stubs

.glue_7t        0x00402dac        0x0
 .glue_7t       0x00000000        0x0 linker stubs

.vfp11_veneer   0x00402dac        0x0
 .vfp11_veneer  0x00000000        0x0 linker stubs

.v4_bx          0x00402dac        0x0
 .v4_bx         0x00000000        0x0 linker stubs

.iplt           0x00402dac        0x0
 .iplt          0x00000000        0x0 build/Main.o

.rel.dyn        0x00402dac        0x0
 .rel.iplt      0x00000000        0x0 build/Main.o

.bss            0x00402dac        0x0
 .bss           0x00402dac        0x0 build/Main.o
 .bss           0x00402dac        0x0 build/updateMonsters.o
 .bss           0x00402dac        0x0 build/Detect1.o
 .bss           0x00402dac        0x0 build/WriteClock.o
 .bss           0x00402dac        0x0 build/framebuffer.o
 .bss           0x00402dac        0x0 build/jtag.o
 .bss           0x00402dac        0x0 build/drawingFunctions.o
 .bss           0x00402dac        0x0 build/DetectCollisions.o
 .bss           0x00402dac        0x0 build/InitAll.o
 .bss           0x00402dac        0x0 build/UpdateScore.o
 .bss           0x00402dac        0x0 build/StartScreen.o
 .bss           0x00402dac        0x0 build/ReadData.o
 .bss           0x00402dac        0x0 build/UpdateSprites.o
 .bss           0x00402dac        0x0 build/Wait.o
 .bss           0x00402dac        0x0 build/WriteLatch.o
 .bss           0x00402dac        0x0 build/PauseMenu.o
 .bss           0x00402dac        0x0 build/MFD.o
 .bss           0x00402dac        0x0 build/ReadSNES.o
 .bss           0x00402dac        0x0 build/ButtonFunctions.o
 .bss           0x00402dac        0x0 build/GameLoop.o

.ARM.attributes
                0x00000000       0x29
 .ARM.attributes
                0x00000000       0x29 build/Main.o
 .ARM.attributes
                0x00000029       0x29 build/updateMonsters.o
 .ARM.attributes
                0x00000052       0x29 build/Detect1.o
 .ARM.attributes
                0x0000007b       0x29 build/WriteClock.o
 .ARM.attributes
                0x000000a4       0x29 build/framebuffer.o
 .ARM.attributes
                0x000000cd       0x29 build/jtag.o
 .ARM.attributes
                0x000000f6       0x29 build/drawingFunctions.o
 .ARM.attributes
                0x0000011f       0x29 build/DetectCollisions.o
 .ARM.attributes
                0x00000148       0x29 build/InitAll.o
 .ARM.attributes
                0x00000171       0x29 build/UpdateScore.o
 .ARM.attributes
                0x0000019a       0x29 build/StartScreen.o
 .ARM.attributes
                0x000001c3       0x29 build/ReadData.o
 .ARM.attributes
                0x000001ec       0x29 build/UpdateSprites.o
 .ARM.attributes
                0x00000215       0x29 build/Wait.o
 .ARM.attributes
                0x0000023e       0x29 build/WriteLatch.o
 .ARM.attributes
                0x00000267       0x29 build/PauseMenu.o
 .ARM.attributes
                0x00000290       0x29 build/MFD.o
 .ARM.attributes
                0x000002b9       0x29 build/ReadSNES.o
 .ARM.attributes
                0x000002e2       0x29 build/ButtonFunctions.o
 .ARM.attributes
                0x0000030b       0x29 build/GameLoop.o

.debug_line     0x00000000      0xc90
 .debug_line    0x00000000       0x64 build/Main.o
 .debug_line    0x00000064       0x9d build/updateMonsters.o
 .debug_line    0x00000101      0x142 build/Detect1.o
 .debug_line    0x00000243       0x4f build/WriteClock.o
 .debug_line    0x00000292       0x67 build/framebuffer.o
 .debug_line    0x000002f9       0x61 build/jtag.o
 .debug_line    0x0000035a      0x2b7 build/drawingFunctions.o
 .debug_line    0x00000611       0x5e build/InitAll.o
 .debug_line    0x0000066f       0x9f build/StartScreen.o
 .debug_line    0x0000070e       0x4e build/ReadData.o
 .debug_line    0x0000075c       0x86 build/UpdateSprites.o
 .debug_line    0x000007e2       0x56 build/Wait.o
 .debug_line    0x00000838       0x4f build/WriteLatch.o
 .debug_line    0x00000887      0x15f build/PauseMenu.o
 .debug_line    0x000009e6       0xb5 build/MFD.o
 .debug_line    0x00000a9b       0x67 build/ReadSNES.o
 .debug_line    0x00000b02      0x12f build/ButtonFunctions.o
 .debug_line    0x00000c31       0x5f build/GameLoop.o

.debug_info     0x00000000      0x688
 .debug_info    0x00000000       0x55 build/Main.o
 .debug_info    0x00000055       0x63 build/updateMonsters.o
 .debug_info    0x000000b8       0x5c build/Detect1.o
 .debug_info    0x00000114       0x5f build/WriteClock.o
 .debug_info    0x00000173       0x60 build/framebuffer.o
 .debug_info    0x000001d3       0x59 build/jtag.o
 .debug_info    0x0000022c       0x65 build/drawingFunctions.o
 .debug_info    0x00000291       0x5c build/InitAll.o
 .debug_info    0x000002ed       0x5c build/StartScreen.o
 .debug_info    0x00000349       0x5d build/ReadData.o
 .debug_info    0x000003a6       0x5e build/UpdateSprites.o
 .debug_info    0x00000404       0x59 build/Wait.o
 .debug_info    0x0000045d       0x5f build/WriteLatch.o
 .debug_info    0x000004bc       0x5e build/PauseMenu.o
 .debug_info    0x0000051a       0x58 build/MFD.o
 .debug_info    0x00000572       0x5d build/ReadSNES.o
 .debug_info    0x000005cf       0x60 build/ButtonFunctions.o
 .debug_info    0x0000062f       0x59 build/GameLoop.o

.debug_abbrev   0x00000000      0x15e
 .debug_abbrev  0x00000000       0x12 build/Main.o
 .debug_abbrev  0x00000012       0x14 build/updateMonsters.o
 .debug_abbrev  0x00000026       0x14 build/Detect1.o
 .debug_abbrev  0x0000003a       0x14 build/WriteClock.o
 .debug_abbrev  0x0000004e       0x14 build/framebuffer.o
 .debug_abbrev  0x00000062       0x14 build/jtag.o
 .debug_abbrev  0x00000076       0x14 build/drawingFunctions.o
 .debug_abbrev  0x0000008a       0x14 build/InitAll.o
 .debug_abbrev  0x0000009e       0x12 build/StartScreen.o
 .debug_abbrev  0x000000b0       0x14 build/ReadData.o
 .debug_abbrev  0x000000c4       0x12 build/UpdateSprites.o
 .debug_abbrev  0x000000d6       0x14 build/Wait.o
 .debug_abbrev  0x000000ea       0x14 build/WriteLatch.o
 .debug_abbrev  0x000000fe       0x14 build/PauseMenu.o
 .debug_abbrev  0x00000112       0x14 build/MFD.o
 .debug_abbrev  0x00000126       0x14 build/ReadSNES.o
 .debug_abbrev  0x0000013a       0x12 build/ButtonFunctions.o
 .debug_abbrev  0x0000014c       0x12 build/GameLoop.o

.debug_aranges  0x00000000      0x268
 .debug_aranges
                0x00000000       0x28 build/Main.o
 .debug_aranges
                0x00000028       0x20 build/updateMonsters.o
 .debug_aranges
                0x00000048       0x20 build/Detect1.o
 .debug_aranges
                0x00000068       0x20 build/WriteClock.o
 .debug_aranges
                0x00000088       0x20 build/framebuffer.o
 .debug_aranges
                0x000000a8       0x20 build/jtag.o
 .debug_aranges
                0x000000c8       0x20 build/drawingFunctions.o
 .debug_aranges
                0x000000e8       0x20 build/InitAll.o
 .debug_aranges
                0x00000108       0x28 build/StartScreen.o
 .debug_aranges
                0x00000130       0x20 build/ReadData.o
 .debug_aranges
                0x00000150       0x28 build/UpdateSprites.o
 .debug_aranges
                0x00000178       0x20 build/Wait.o
 .debug_aranges
                0x00000198       0x20 build/WriteLatch.o
 .debug_aranges
                0x000001b8       0x20 build/PauseMenu.o
 .debug_aranges
                0x000001d8       0x20 build/MFD.o
 .debug_aranges
                0x000001f8       0x20 build/ReadSNES.o
 .debug_aranges
                0x00000218       0x28 build/ButtonFunctions.o
 .debug_aranges
                0x00000240       0x28 build/GameLoop.o

.debug_ranges   0x00000000       0xa0
 .debug_ranges  0x00000000       0x20 build/Main.o
 .debug_ranges  0x00000020       0x20 build/StartScreen.o
 .debug_ranges  0x00000040       0x20 build/UpdateSprites.o
 .debug_ranges  0x00000060       0x20 build/ButtonFunctions.o
 .debug_ranges  0x00000080       0x20 build/GameLoop.o
