
Memory Configuration

Name             Origin             Length             Attributes
*default*        0x00000000         0xffffffff

Linker script and memory map

LOAD build/Main.o
LOAD build/updateMonsters.o
LOAD build/Detect1.o
LOAD build/WriteClock.o
LOAD build/framebuffer.o
LOAD build/jtag.o
LOAD build/drawingFunctions.o
LOAD build/DetectCollisions.o
LOAD build/InitAll.o
LOAD build/ButtonFunctions.o
LOAD build/UpdateScore.o
LOAD build/StartScreen.o
LOAD build/ReadData.o
LOAD build/Wait.o
LOAD build/WriteLatch.o
LOAD build/PauseMenu.o
LOAD build/ReadSNES.o
LOAD build/UpdateSprites.o
LOAD build/GameLoop.o

.init           0x00008000       0x14
 *(.init)
 .init          0x00008000        0x4 build/Main.o
                0x00008000                _start
 .init          0x00008004        0x0 build/Detect1.o
 .init          0x00008004        0x0 build/WriteClock.o
 .init          0x00008004        0x0 build/InitAll.o
 .init          0x00008004        0x4 build/ButtonFunctions.o
                0x00008004                _ButtonFunctions
 .init          0x00008008        0x4 build/StartScreen.o
                0x00008008                _StartScreen
 .init          0x0000800c        0x0 build/ReadData.o
 .init          0x0000800c        0x0 build/Wait.o
 .init          0x0000800c        0x0 build/WriteLatch.o
 .init          0x0000800c        0x0 build/ReadSNES.o
 .init          0x0000800c        0x4 build/UpdateSprites.o
                0x0000800c                _UpdateSprites
 .init          0x00008010        0x4 build/GameLoop.o
                0x00008010                _GameLoop

.data           0x00009080   0x4741dc
 *(.data)
 .data          0x00009080        0x9 build/Main.o
                0x00009080                buttons
                0x00009081                mariowidth
                0x00009085                marioheight
 .data          0x00009089        0x0 build/updateMonsters.o
 *fill*         0x00009089        0x3 3f3f3f3f
 .data          0x0000908c        0x8 build/Detect1.o
 .data          0x00009094        0x0 build/WriteClock.o
 *fill*         0x00009094        0xc 3f3f3f3f
 .data          0x000090a0       0x70 build/framebuffer.o
                0x00009100                FrameBufferPointer
 .data          0x00009110        0x0 build/jtag.o
 .data          0x00009110   0x2538a0 build/drawingFunctions.o
                0x00009110                mario
                0x0000911c                dragonEnemy
                0x00009128                shellEnemy
                0x00009134                screenNumber
                0x00009138                block1
                0x00009140                block2
                0x00009148                block3
                0x00009150                block4
                0x00009158                cblock
                0x00009160                cblock2
                0x00009168                cblock3
                0x00009170                pipe1
                0x00009178                pipe2
                0x00009180                castle
                0x00009188                bowser
                0x00009190                pit
                0x00009198                playingstatus
                0x0000919c                currentSelection
                0x000091a0                currentSelectionPause
                0x000091a4                selectcoin1
                0x000091ac                selectcoin2
                0x000091b4                selectcoin3
                0x000091bc                selectcoin4
                0x000091c4                lives
                0x000091c8                score
                0x000091cc                coins
                0x000091d0                js1
                0x000091d4                shelllife
 .data          0x0025c9b0        0x0 build/DetectCollisions.o
 .data          0x0025c9b0        0x0 build/InitAll.o
 .data          0x0025c9b0        0x0 build/ButtonFunctions.o
 .data          0x0025c9b0        0x0 build/UpdateScore.o
 .data          0x0025c9b0   0x180000 build/StartScreen.o
 .data          0x003dc9b0        0x0 build/ReadData.o
 .data          0x003dc9b0        0x0 build/Wait.o
 .data          0x003dc9b0        0x0 build/WriteLatch.o
 .data          0x003dc9b0    0xa08ac build/PauseMenu.o
 .data          0x0047d25c        0x0 build/ReadSNES.o
 .data          0x0047d25c        0x0 build/UpdateSprites.o
 .data          0x0047d25c        0x0 build/GameLoop.o
 *.c.o(*)

.igot.plt       0x0047d25c        0x0
 .igot.plt      0x00000000        0x0 build/Main.o

.text           0x0047d25c     0x1840
 *.c.o(.text)
 *(.text)
 .text          0x0047d25c       0x64 build/Main.o
                0x0047d2a4                nG
                0x0047d2b0                hang
 .text          0x0047d2c0      0x14c build/updateMonsters.o
                0x0047d2c0                updateMonsters
 .text          0x0047d40c      0x414 build/Detect1.o
                0x0047d40c                Detect1
 .text          0x0047d820       0x34 build/WriteClock.o
                0x0047d820                _WriteClock
 .text          0x0047d854       0x80 build/framebuffer.o
                0x0047d854                InitFrameBuffer
 .text          0x0047d8d4       0x8c build/jtag.o
                0x0047d8d4                EnableJTAG
 .text          0x0047d960      0x678 build/drawingFunctions.o
                0x0047d960                initialscreen
                0x0047d9e8                initializeBackground
                0x0047da24                drawMario
                0x0047da80                clearMario
                0x0047dab4                drawCloud
                0x0047dad8                drawBlock
                0x0047dafc                drawCoinBlock
                0x0047db20                drawPipe
                0x0047db44                drawDragon
                0x0047db68                drawShell
                0x0047db8c                drawCastle
                0x0047dbb0                drawPit
                0x0047dbd4                drawBowser
                0x0047dbf8                clearBox
                0x0047dc1c                clearDragon
                0x0047dc40                clearPipe
                0x0047dc64                clearShell
                0x0047dc88                drawselectCoin
                0x0047dcac                clearselectCoin
                0x0047dcd0                drawPicture
                0x0047dd4c                updateScreen
                0x0047de54                initializeScreenTwo
                0x0047dec4                initializeScreenThree
 .text          0x0047dfd8        0x0 build/DetectCollisions.o
 .text          0x0047dfd8       0x74 build/InitAll.o
                0x0047dfd8                _InitAll
 .text          0x0047e04c      0x2bc build/ButtonFunctions.o
                0x0047e04c                BPress
                0x0047e058                YPress
                0x0047e058                SelPress
                0x0047e058                STPress
                0x0047e0ac                JPUPress
                0x0047e17c                downex
                0x0047e184                UpRightPress
                0x0047e1ec                UpLeftPress
                0x0047e230                JPLPress
                0x0047e278                JPRPress
                0x0047e2f0                APress
                0x0047e2f0                XPress
                0x0047e2f0                RBPress
                0x0047e2f0                LBPress
 .text          0x0047e308        0x0 build/UpdateScore.o
 .text          0x0047e308      0x130 build/StartScreen.o
 .text          0x0047e438       0x38 build/ReadData.o
                0x0047e438                _ReadData
 .text          0x0047e470       0x68 build/Wait.o
                0x0047e470                _Wait
                0x0047e4a0                WaitLong
 .text          0x0047e4d8       0x34 build/WriteLatch.o
                0x0047e4d8                _WriteLatch
 .text          0x0047e50c      0x3f4 build/PauseMenu.o
                0x0047e50c                PauseMenu
                0x0047e5f8                restart
 .text          0x0047e900       0x94 build/ReadSNES.o
                0x0047e900                _ReadSNES
 .text          0x0047e994       0xd0 build/UpdateSprites.o
 .text          0x0047ea64       0x38 build/GameLoop.o
                0x0047ea68                GL
OUTPUT(build/output.elf elf32-littlearm)

.glue_7         0x0047ea9c        0x0
 .glue_7        0x00000000        0x0 linker stubs

.glue_7t        0x0047ea9c        0x0
 .glue_7t       0x00000000        0x0 linker stubs

.vfp11_veneer   0x0047ea9c        0x0
 .vfp11_veneer  0x00000000        0x0 linker stubs

.v4_bx          0x0047ea9c        0x0
 .v4_bx         0x00000000        0x0 linker stubs

.iplt           0x0047ea9c        0x0
 .iplt          0x00000000        0x0 build/Main.o

.rel.dyn        0x0047ea9c        0x0
 .rel.iplt      0x00000000        0x0 build/Main.o

.bss            0x0047ea9c        0x0
 .bss           0x0047ea9c        0x0 build/Main.o
 .bss           0x0047ea9c        0x0 build/updateMonsters.o
 .bss           0x0047ea9c        0x0 build/Detect1.o
 .bss           0x0047ea9c        0x0 build/WriteClock.o
 .bss           0x0047ea9c        0x0 build/framebuffer.o
 .bss           0x0047ea9c        0x0 build/jtag.o
 .bss           0x0047ea9c        0x0 build/drawingFunctions.o
 .bss           0x0047ea9c        0x0 build/DetectCollisions.o
 .bss           0x0047ea9c        0x0 build/InitAll.o
 .bss           0x0047ea9c        0x0 build/ButtonFunctions.o
 .bss           0x0047ea9c        0x0 build/UpdateScore.o
 .bss           0x0047ea9c        0x0 build/StartScreen.o
 .bss           0x0047ea9c        0x0 build/ReadData.o
 .bss           0x0047ea9c        0x0 build/Wait.o
 .bss           0x0047ea9c        0x0 build/WriteLatch.o
 .bss           0x0047ea9c        0x0 build/PauseMenu.o
 .bss           0x0047ea9c        0x0 build/ReadSNES.o
 .bss           0x0047ea9c        0x0 build/UpdateSprites.o
 .bss           0x0047ea9c        0x0 build/GameLoop.o

.ARM.attributes
                0x00000000       0x29
 .ARM.attributes
                0x00000000       0x29 build/Main.o
 .ARM.attributes
                0x00000029       0x29 build/updateMonsters.o
 .ARM.attributes
                0x00000052       0x29 build/Detect1.o
 .ARM.attributes
                0x0000007b       0x29 build/WriteClock.o
 .ARM.attributes
                0x000000a4       0x29 build/framebuffer.o
 .ARM.attributes
                0x000000cd       0x29 build/jtag.o
 .ARM.attributes
                0x000000f6       0x29 build/drawingFunctions.o
 .ARM.attributes
                0x0000011f       0x29 build/DetectCollisions.o
 .ARM.attributes
                0x00000148       0x29 build/InitAll.o
 .ARM.attributes
                0x00000171       0x29 build/ButtonFunctions.o
 .ARM.attributes
                0x0000019a       0x29 build/UpdateScore.o
 .ARM.attributes
                0x000001c3       0x29 build/StartScreen.o
 .ARM.attributes
                0x000001ec       0x29 build/ReadData.o
 .ARM.attributes
                0x00000215       0x29 build/Wait.o
 .ARM.attributes
                0x0000023e       0x29 build/WriteLatch.o
 .ARM.attributes
                0x00000267       0x29 build/PauseMenu.o
 .ARM.attributes
                0x00000290       0x29 build/ReadSNES.o
 .ARM.attributes
                0x000002b9       0x29 build/UpdateSprites.o
 .ARM.attributes
                0x000002e2       0x29 build/GameLoop.o

.debug_line     0x00000000      0xb17
 .debug_line    0x00000000       0x64 build/Main.o
 .debug_line    0x00000064       0xa0 build/updateMonsters.o
 .debug_line    0x00000104      0x154 build/Detect1.o
 .debug_line    0x00000258       0x4f build/WriteClock.o
 .debug_line    0x000002a7       0x67 build/framebuffer.o
 .debug_line    0x0000030e       0x61 build/jtag.o
 .debug_line    0x0000036f      0x215 build/drawingFunctions.o
 .debug_line    0x00000584       0x5e build/InitAll.o
 .debug_line    0x000005e2      0x112 build/ButtonFunctions.o
 .debug_line    0x000006f4       0x9f build/StartScreen.o
 .debug_line    0x00000793       0x4e build/ReadData.o
 .debug_line    0x000007e1       0x56 build/Wait.o
 .debug_line    0x00000837       0x4f build/WriteLatch.o
 .debug_line    0x00000886      0x145 build/PauseMenu.o
 .debug_line    0x000009cb       0x67 build/ReadSNES.o
 .debug_line    0x00000a32       0x86 build/UpdateSprites.o
 .debug_line    0x00000ab8       0x5f build/GameLoop.o

.debug_info     0x00000000      0x756
 .debug_info    0x00000000       0x64 build/Main.o
 .debug_info    0x00000064       0x76 build/updateMonsters.o
 .debug_info    0x000000da       0x6f build/Detect1.o
 .debug_info    0x00000149       0x73 build/WriteClock.o
 .debug_info    0x000001bc       0x74 build/framebuffer.o
 .debug_info    0x00000230       0x6d build/jtag.o
 .debug_info    0x0000029d       0x78 build/drawingFunctions.o
 .debug_info    0x00000315       0x70 build/InitAll.o
 .debug_info    0x00000385       0x73 build/ButtonFunctions.o
 .debug_info    0x000003f8       0x67 build/StartScreen.o
 .debug_info    0x0000045f       0x71 build/ReadData.o
 .debug_info    0x000004d0       0x6d build/Wait.o
 .debug_info    0x0000053d       0x73 build/WriteLatch.o
 .debug_info    0x000005b0       0x71 build/PauseMenu.o
 .debug_info    0x00000621       0x68 build/ReadSNES.o
 .debug_info    0x00000689       0x69 build/UpdateSprites.o
 .debug_info    0x000006f2       0x64 build/GameLoop.o

.debug_abbrev   0x00000000      0x14a
 .debug_abbrev  0x00000000       0x12 build/Main.o
 .debug_abbrev  0x00000012       0x14 build/updateMonsters.o
 .debug_abbrev  0x00000026       0x14 build/Detect1.o
 .debug_abbrev  0x0000003a       0x14 build/WriteClock.o
 .debug_abbrev  0x0000004e       0x14 build/framebuffer.o
 .debug_abbrev  0x00000062       0x14 build/jtag.o
 .debug_abbrev  0x00000076       0x14 build/drawingFunctions.o
 .debug_abbrev  0x0000008a       0x14 build/InitAll.o
 .debug_abbrev  0x0000009e       0x12 build/ButtonFunctions.o
 .debug_abbrev  0x000000b0       0x12 build/StartScreen.o
 .debug_abbrev  0x000000c2       0x14 build/ReadData.o
 .debug_abbrev  0x000000d6       0x14 build/Wait.o
 .debug_abbrev  0x000000ea       0x14 build/WriteLatch.o
 .debug_abbrev  0x000000fe       0x14 build/PauseMenu.o
 .debug_abbrev  0x00000112       0x14 build/ReadSNES.o
 .debug_abbrev  0x00000126       0x12 build/UpdateSprites.o
 .debug_abbrev  0x00000138       0x12 build/GameLoop.o

.debug_aranges  0x00000000      0x248
 .debug_aranges
                0x00000000       0x28 build/Main.o
 .debug_aranges
                0x00000028       0x20 build/updateMonsters.o
 .debug_aranges
                0x00000048       0x20 build/Detect1.o
 .debug_aranges
                0x00000068       0x20 build/WriteClock.o
 .debug_aranges
                0x00000088       0x20 build/framebuffer.o
 .debug_aranges
                0x000000a8       0x20 build/jtag.o
 .debug_aranges
                0x000000c8       0x20 build/drawingFunctions.o
 .debug_aranges
                0x000000e8       0x20 build/InitAll.o
 .debug_aranges
                0x00000108       0x28 build/ButtonFunctions.o
 .debug_aranges
                0x00000130       0x28 build/StartScreen.o
 .debug_aranges
                0x00000158       0x20 build/ReadData.o
 .debug_aranges
                0x00000178       0x20 build/Wait.o
 .debug_aranges
                0x00000198       0x20 build/WriteLatch.o
 .debug_aranges
                0x000001b8       0x20 build/PauseMenu.o
 .debug_aranges
                0x000001d8       0x20 build/ReadSNES.o
 .debug_aranges
                0x000001f8       0x28 build/UpdateSprites.o
 .debug_aranges
                0x00000220       0x28 build/GameLoop.o

.debug_ranges   0x00000000       0xa0
 .debug_ranges  0x00000000       0x20 build/Main.o
 .debug_ranges  0x00000020       0x20 build/ButtonFunctions.o
 .debug_ranges  0x00000040       0x20 build/StartScreen.o
 .debug_ranges  0x00000060       0x20 build/UpdateSprites.o
 .debug_ranges  0x00000080       0x20 build/GameLoop.o
