
Memory Configuration

Name             Origin             Length             Attributes
*default*        0x00000000         0xffffffff

Linker script and memory map

LOAD build/Main.o
LOAD build/updateMonsters.o
LOAD build/Detect1.o
LOAD build/WriteClock.o
LOAD build/ButtonFunctions.o
LOAD build/jtag.o
LOAD build/framebuffer.o
LOAD build/DetectCollisions.o
LOAD build/InitAll.o
LOAD build/UpdateScore.o
LOAD build/StartScreen.o
LOAD build/ReadData.o
LOAD build/Detect2.o
LOAD build/UpdateSprites.o
LOAD build/drawingFunctions.o
LOAD build/Grav.o
LOAD build/Wait.o
LOAD build/WriteLatch.o
LOAD build/PauseMenu.o
LOAD build/ReadSNES.o
LOAD build/MFD.o
LOAD build/GameLoop.o

.init           0x00008000       0x14
 *(.init)
 .init          0x00008000        0x4 build/Main.o
                0x00008000                _start
 .init          0x00008004        0x0 build/Detect1.o
 .init          0x00008004        0x0 build/WriteClock.o
 .init          0x00008004        0x4 build/ButtonFunctions.o
                0x00008004                _ButtonFunctions
 .init          0x00008008        0x0 build/InitAll.o
 .init          0x00008008        0x4 build/StartScreen.o
                0x00008008                _StartScreen
 .init          0x0000800c        0x0 build/ReadData.o
 .init          0x0000800c        0x0 build/Detect2.o
 .init          0x0000800c        0x4 build/UpdateSprites.o
                0x0000800c                _UpdateSprites
 .init          0x00008010        0x0 build/Grav.o
 .init          0x00008010        0x0 build/Wait.o
 .init          0x00008010        0x0 build/WriteLatch.o
 .init          0x00008010        0x0 build/ReadSNES.o
 .init          0x00008010        0x0 build/MFD.o
 .init          0x00008010        0x4 build/GameLoop.o
                0x00008010                _GameLoop

.data           0x00009080   0x3f8060
 *(.data)
 .data          0x00009080        0x9 build/Main.o
                0x00009080                buttons
                0x00009081                mariowidth
                0x00009085                marioheight
 .data          0x00009089        0x0 build/updateMonsters.o
 *fill*         0x00009089        0x7 3f3f3f3f
 .data          0x00009090       0x10 build/Detect1.o
                0x00009090                state1
                0x00009094                state2
                0x00009098                state3
                0x0000909c                floor
 .data          0x000090a0        0x0 build/WriteClock.o
 .data          0x000090a0        0x0 build/ButtonFunctions.o
 .data          0x000090a0        0x0 build/jtag.o
 .data          0x000090a0       0x70 build/framebuffer.o
                0x00009100                FrameBufferPointer
 .data          0x00009110        0x0 build/DetectCollisions.o
 .data          0x00009110        0x0 build/InitAll.o
 .data          0x00009110        0x0 build/UpdateScore.o
 .data          0x00009110   0x180000 build/StartScreen.o
 .data          0x00189110        0x0 build/ReadData.o
 .data          0x00189110        0x0 build/Detect2.o
 .data          0x00189110        0x0 build/UpdateSprites.o
 .data          0x00189110   0x254468 build/drawingFunctions.o
                0x00189110                mario
                0x0018911c                dragonEnemy
                0x00189128                shellEnemy
                0x00189134                screenNumber
                0x00189138                block1
                0x00189140                block2
                0x00189148                block3
                0x00189150                block4
                0x00189158                cblock
                0x00189160                cblock2
                0x00189168                cblock3
                0x00189170                pipe1
                0x00189178                pipe2
                0x00189180                castle
                0x00189188                bowser
                0x00189190                pit
                0x00189198                playingstatus
                0x0018919c                currentSelection
                0x001891a0                currentSelectionPause
                0x001891a4                selectcoin1
                0x001891ac                selectcoin2
                0x001891b4                selectcoin3
                0x001891bc                selectcoin4
                0x001891c4                lives
                0x001891c8                score
                0x001891cc                coins
 .data          0x003dd578        0x4 build/Grav.o
                0x003dd578                gravflag
 .data          0x003dd57c        0x0 build/Wait.o
 .data          0x003dd57c        0x0 build/WriteLatch.o
 .data          0x003dd57c    0x23b64 build/PauseMenu.o
                0x003dd57c                PauseMenuLocation
 .data          0x004010e0        0x0 build/ReadSNES.o
 .data          0x004010e0        0x0 build/MFD.o
 .data          0x004010e0        0x0 build/GameLoop.o
 *.c.o(*)

.igot.plt       0x004010e0        0x0
 .igot.plt      0x00000000        0x0 build/Main.o

.text           0x004010e0     0x1f28
 *.c.o(.text)
 *(.text)
 .text          0x004010e0       0x64 build/Main.o
                0x00401128                nG
                0x00401134                hang
 .text          0x00401144      0x148 build/updateMonsters.o
                0x00401144                updateMonsters
 .text          0x0040128c      0x468 build/Detect1.o
                0x0040128c                Detect1
 .text          0x004016f4       0x34 build/WriteClock.o
                0x004016f4                _WriteClock
 .text          0x00401728      0x2f8 build/ButtonFunctions.o
                0x00401728                BPress
                0x00401734                YPress
                0x00401734                SelPress
                0x00401734                STPress
                0x00401788                JPUPress
                0x00401824                UpRightPress
                0x004018a4                UpLeftPress
                0x00401914                JPLPress
                0x00401984                JPRPress
                0x00401a04                APress
                0x00401a04                XPress
                0x00401a04                RBPress
                0x00401a04                LBPress
 .text          0x00401a20       0x8c build/jtag.o
                0x00401a20                EnableJTAG
 .text          0x00401aac       0x80 build/framebuffer.o
                0x00401aac                InitFrameBuffer
 .text          0x00401b2c        0x0 build/DetectCollisions.o
 .text          0x00401b2c       0x74 build/InitAll.o
                0x00401b2c                _InitAll
 .text          0x00401ba0        0x0 build/UpdateScore.o
 .text          0x00401ba0      0x130 build/StartScreen.o
 .text          0x00401cd0       0x38 build/ReadData.o
                0x00401cd0                _ReadData
 .text          0x00401d08       0xd0 build/Detect2.o
                0x00401d08                Detect2
 .text          0x00401dd8       0xd0 build/UpdateSprites.o
 .text          0x00401ea8      0x8dc build/drawingFunctions.o
                0x00401ea8                initialscreen
                0x00401f3c                initializeBackground
                0x00401f78                drawMario
                0x00401fd4                clearMario
                0x00402008                drawCloud
                0x0040202c                drawBlock
                0x00402050                drawCoinBlock
                0x00402074                drawPipe
                0x00402098                drawDragon
                0x004020bc                drawShell
                0x004020e0                drawCastle
                0x00402104                drawPit
                0x00402128                drawBowser
                0x0040214c                clearBowser
                0x00402170                clearCastle
                0x00402194                clearBox
                0x004021b8                clearDragon
                0x004021dc                clearPipe
                0x00402200                clearShell
                0x00402224                drawselectCoin
                0x00402248                clearselectCoin
                0x0040226c                drawPauseSelectCoin
                0x00402290                clearPauseSelectCoinGreen
                0x004022b4                clearPauseSelectCoinBlue
                0x004022d8                drawPicture
                0x00402354                updateScreenRight
                0x00402378                updateScreenLeft
                0x0040239c                clear1draw2
                0x00402408                clear2draw3
                0x00402488                initializeScreenTwo
                0x004024f8                initializeScreenThree
                0x00402568                clear3draw2
                0x004025ec                clear2draw1
 .text          0x00402784       0xc8 build/Grav.o
                0x00402784                Grav
 .text          0x0040284c       0x68 build/Wait.o
                0x0040284c                _Wait
                0x0040287c                WaitLong
 .text          0x004028b4       0x34 build/WriteLatch.o
                0x004028b4                _WriteLatch
 .text          0x004028e8      0x468 build/PauseMenu.o
                0x004028e8                PauseMenu
                0x004029d0                restart
                0x00402c5c                drawPauseMenu
                0x00402c80                ClearMenu
 .text          0x00402d50       0xb4 build/ReadSNES.o
                0x00402d50                _ReadSNES
 .text          0x00402e04      0x1cc build/MFD.o
                0x00402e04                marioFallDown
 .text          0x00402fd0       0x38 build/GameLoop.o
                0x00402fd4                GL
OUTPUT(build/output.elf elf32-littlearm)

.glue_7         0x00403008        0x0
 .glue_7        0x00000000        0x0 linker stubs

.glue_7t        0x00403008        0x0
 .glue_7t       0x00000000        0x0 linker stubs

.vfp11_veneer   0x00403008        0x0
 .vfp11_veneer  0x00000000        0x0 linker stubs

.v4_bx          0x00403008        0x0
 .v4_bx         0x00000000        0x0 linker stubs

.iplt           0x00403008        0x0
 .iplt          0x00000000        0x0 build/Main.o

.rel.dyn        0x00403008        0x0
 .rel.iplt      0x00000000        0x0 build/Main.o

.bss            0x00403008        0x0
 .bss           0x00403008        0x0 build/Main.o
 .bss           0x00403008        0x0 build/updateMonsters.o
 .bss           0x00403008        0x0 build/Detect1.o
 .bss           0x00403008        0x0 build/WriteClock.o
 .bss           0x00403008        0x0 build/ButtonFunctions.o
 .bss           0x00403008        0x0 build/jtag.o
 .bss           0x00403008        0x0 build/framebuffer.o
 .bss           0x00403008        0x0 build/DetectCollisions.o
 .bss           0x00403008        0x0 build/InitAll.o
 .bss           0x00403008        0x0 build/UpdateScore.o
 .bss           0x00403008        0x0 build/StartScreen.o
 .bss           0x00403008        0x0 build/ReadData.o
 .bss           0x00403008        0x0 build/Detect2.o
 .bss           0x00403008        0x0 build/UpdateSprites.o
 .bss           0x00403008        0x0 build/drawingFunctions.o
 .bss           0x00403008        0x0 build/Grav.o
 .bss           0x00403008        0x0 build/Wait.o
 .bss           0x00403008        0x0 build/WriteLatch.o
 .bss           0x00403008        0x0 build/PauseMenu.o
 .bss           0x00403008        0x0 build/ReadSNES.o
 .bss           0x00403008        0x0 build/MFD.o
 .bss           0x00403008        0x0 build/GameLoop.o

.ARM.attributes
                0x00000000       0x29
 .ARM.attributes
                0x00000000       0x29 build/Main.o
 .ARM.attributes
                0x00000029       0x29 build/updateMonsters.o
 .ARM.attributes
                0x00000052       0x29 build/Detect1.o
 .ARM.attributes
                0x0000007b       0x29 build/WriteClock.o
 .ARM.attributes
                0x000000a4       0x29 build/ButtonFunctions.o
 .ARM.attributes
                0x000000cd       0x29 build/jtag.o
 .ARM.attributes
                0x000000f6       0x29 build/framebuffer.o
 .ARM.attributes
                0x0000011f       0x29 build/DetectCollisions.o
 .ARM.attributes
                0x00000148       0x29 build/InitAll.o
 .ARM.attributes
                0x00000171       0x29 build/UpdateScore.o
 .ARM.attributes
                0x0000019a       0x29 build/StartScreen.o
 .ARM.attributes
                0x000001c3       0x29 build/ReadData.o
 .ARM.attributes
                0x000001ec       0x29 build/Detect2.o
 .ARM.attributes
                0x00000215       0x29 build/UpdateSprites.o
 .ARM.attributes
                0x0000023e       0x29 build/drawingFunctions.o
 .ARM.attributes
                0x00000267       0x29 build/Grav.o
 .ARM.attributes
                0x00000290       0x29 build/Wait.o
 .ARM.attributes
                0x000002b9       0x29 build/WriteLatch.o
 .ARM.attributes
                0x000002e2       0x29 build/PauseMenu.o
 .ARM.attributes
                0x0000030b       0x29 build/ReadSNES.o
 .ARM.attributes
                0x00000334       0x29 build/MFD.o
 .ARM.attributes
                0x0000035d       0x29 build/GameLoop.o

.debug_line     0x00000000      0xdae
 .debug_line    0x00000000       0x64 build/Main.o
 .debug_line    0x00000064       0x9d build/updateMonsters.o
 .debug_line    0x00000101      0x16d build/Detect1.o
 .debug_line    0x0000026e       0x4f build/WriteClock.o
 .debug_line    0x000002bd      0x125 build/ButtonFunctions.o
 .debug_line    0x000003e2       0x61 build/jtag.o
 .debug_line    0x00000443       0x67 build/framebuffer.o
 .debug_line    0x000004aa       0x5e build/InitAll.o
 .debug_line    0x00000508       0x9f build/StartScreen.o
 .debug_line    0x000005a7       0x4e build/ReadData.o
 .debug_line    0x000005f5       0x79 build/Detect2.o
 .debug_line    0x0000066e       0x86 build/UpdateSprites.o
 .debug_line    0x000006f4      0x2bb build/drawingFunctions.o
 .debug_line    0x000009af       0x70 build/Grav.o
 .debug_line    0x00000a1f       0x56 build/Wait.o
 .debug_line    0x00000a75       0x4f build/WriteLatch.o
 .debug_line    0x00000ac4      0x167 build/PauseMenu.o
 .debug_line    0x00000c2b       0x6f build/ReadSNES.o
 .debug_line    0x00000c9a       0xb5 build/MFD.o
 .debug_line    0x00000d4f       0x5f build/GameLoop.o

.debug_info     0x00000000      0x770
 .debug_info    0x00000000       0x58 build/Main.o
 .debug_info    0x00000058       0x66 build/updateMonsters.o
 .debug_info    0x000000be       0x5c build/Detect1.o
 .debug_info    0x0000011a       0x62 build/WriteClock.o
 .debug_info    0x0000017c       0x60 build/ButtonFunctions.o
 .debug_info    0x000001dc       0x5c build/jtag.o
 .debug_info    0x00000238       0x63 build/framebuffer.o
 .debug_info    0x0000029b       0x5f build/InitAll.o
 .debug_info    0x000002fa       0x5f build/StartScreen.o
 .debug_info    0x00000359       0x60 build/ReadData.o
 .debug_info    0x000003b9       0x5f build/Detect2.o
 .debug_info    0x00000418       0x61 build/UpdateSprites.o
 .debug_info    0x00000479       0x68 build/drawingFunctions.o
 .debug_info    0x000004e1       0x59 build/Grav.o
 .debug_info    0x0000053a       0x5c build/Wait.o
 .debug_info    0x00000596       0x62 build/WriteLatch.o
 .debug_info    0x000005f8       0x61 build/PauseMenu.o
 .debug_info    0x00000659       0x60 build/ReadSNES.o
 .debug_info    0x000006b9       0x5b build/MFD.o
 .debug_info    0x00000714       0x5c build/GameLoop.o

.debug_abbrev   0x00000000      0x186
 .debug_abbrev  0x00000000       0x12 build/Main.o
 .debug_abbrev  0x00000012       0x14 build/updateMonsters.o
 .debug_abbrev  0x00000026       0x14 build/Detect1.o
 .debug_abbrev  0x0000003a       0x14 build/WriteClock.o
 .debug_abbrev  0x0000004e       0x12 build/ButtonFunctions.o
 .debug_abbrev  0x00000060       0x14 build/jtag.o
 .debug_abbrev  0x00000074       0x14 build/framebuffer.o
 .debug_abbrev  0x00000088       0x14 build/InitAll.o
 .debug_abbrev  0x0000009c       0x12 build/StartScreen.o
 .debug_abbrev  0x000000ae       0x14 build/ReadData.o
 .debug_abbrev  0x000000c2       0x14 build/Detect2.o
 .debug_abbrev  0x000000d6       0x12 build/UpdateSprites.o
 .debug_abbrev  0x000000e8       0x14 build/drawingFunctions.o
 .debug_abbrev  0x000000fc       0x14 build/Grav.o
 .debug_abbrev  0x00000110       0x14 build/Wait.o
 .debug_abbrev  0x00000124       0x14 build/WriteLatch.o
 .debug_abbrev  0x00000138       0x14 build/PauseMenu.o
 .debug_abbrev  0x0000014c       0x14 build/ReadSNES.o
 .debug_abbrev  0x00000160       0x14 build/MFD.o
 .debug_abbrev  0x00000174       0x12 build/GameLoop.o

.debug_aranges  0x00000000      0x2a8
 .debug_aranges
                0x00000000       0x28 build/Main.o
 .debug_aranges
                0x00000028       0x20 build/updateMonsters.o
 .debug_aranges
                0x00000048       0x20 build/Detect1.o
 .debug_aranges
                0x00000068       0x20 build/WriteClock.o
 .debug_aranges
                0x00000088       0x28 build/ButtonFunctions.o
 .debug_aranges
                0x000000b0       0x20 build/jtag.o
 .debug_aranges
                0x000000d0       0x20 build/framebuffer.o
 .debug_aranges
                0x000000f0       0x20 build/InitAll.o
 .debug_aranges
                0x00000110       0x28 build/StartScreen.o
 .debug_aranges
                0x00000138       0x20 build/ReadData.o
 .debug_aranges
                0x00000158       0x20 build/Detect2.o
 .debug_aranges
                0x00000178       0x28 build/UpdateSprites.o
 .debug_aranges
                0x000001a0       0x20 build/drawingFunctions.o
 .debug_aranges
                0x000001c0       0x20 build/Grav.o
 .debug_aranges
                0x000001e0       0x20 build/Wait.o
 .debug_aranges
                0x00000200       0x20 build/WriteLatch.o
 .debug_aranges
                0x00000220       0x20 build/PauseMenu.o
 .debug_aranges
                0x00000240       0x20 build/ReadSNES.o
 .debug_aranges
                0x00000260       0x20 build/MFD.o
 .debug_aranges
                0x00000280       0x28 build/GameLoop.o

.debug_ranges   0x00000000       0xa0
 .debug_ranges  0x00000000       0x20 build/Main.o
 .debug_ranges  0x00000020       0x20 build/ButtonFunctions.o
 .debug_ranges  0x00000040       0x20 build/StartScreen.o
 .debug_ranges  0x00000060       0x20 build/UpdateSprites.o
 .debug_ranges  0x00000080       0x20 build/GameLoop.o
