
Memory Configuration

Name             Origin             Length             Attributes
*default*        0x00000000         0xffffffff

Linker script and memory map

LOAD build/Main.o
LOAD build/updateMonsters.o
LOAD build/Detect1.o
LOAD build/WriteClock.o
LOAD build/jtag.o
LOAD build/framebuffer.o
LOAD build/DetectCollisions.o
LOAD build/InitAll.o
LOAD build/UpdateScore.o
LOAD build/StartScreen.o
LOAD build/ReadData.o
LOAD build/UpdateSprites.o
LOAD build/drawingFunctions.o
LOAD build/Wait.o
LOAD build/WriteLatch.o
LOAD build/PauseMenu.o
LOAD build/ReadSNES.o
LOAD build/ButtonFunctions.o
LOAD build/GameLoop.o

.init           0x00008000       0x14
 *(.init)
 .init          0x00008000        0x4 build/Main.o
                0x00008000                _start
 .init          0x00008004        0x0 build/Detect1.o
 .init          0x00008004        0x0 build/WriteClock.o
 .init          0x00008004        0x0 build/InitAll.o
 .init          0x00008004        0x4 build/StartScreen.o
                0x00008004                _StartScreen
 .init          0x00008008        0x0 build/ReadData.o
 .init          0x00008008        0x4 build/UpdateSprites.o
                0x00008008                _UpdateSprites
 .init          0x0000800c        0x0 build/Wait.o
 .init          0x0000800c        0x0 build/WriteLatch.o
 .init          0x0000800c        0x0 build/ReadSNES.o
 .init          0x0000800c        0x4 build/ButtonFunctions.o
                0x0000800c                _ButtonFunctions
 .init          0x00008010        0x4 build/GameLoop.o
                0x00008010                _GameLoop

.data           0x00009080   0x4741c4
 *(.data)
 .data          0x00009080        0x9 build/Main.o
                0x00009080                buttons
                0x00009081                mariowidth
                0x00009085                marioheight
 .data          0x00009089        0x0 build/updateMonsters.o
 .data          0x00009089        0x0 build/Detect1.o
 .data          0x00009089        0x0 build/WriteClock.o
 .data          0x00009089        0x0 build/jtag.o
 *fill*         0x00009089        0x7 3f3f3f3f
 .data          0x00009090       0x70 build/framebuffer.o
                0x000090f0                FrameBufferPointer
 .data          0x00009100        0x0 build/DetectCollisions.o
 .data          0x00009100        0x0 build/InitAll.o
 .data          0x00009100        0x0 build/UpdateScore.o
 .data          0x00009100   0x180000 build/StartScreen.o
 .data          0x00189100        0x0 build/ReadData.o
 .data          0x00189100        0x0 build/UpdateSprites.o
 .data          0x00189100   0x253898 build/drawingFunctions.o
                0x00189100                mario
                0x0018910c                dragonEnemy
                0x00189118                shellEnemy
                0x00189124                screenNumber
                0x00189128                block1
                0x00189130                block2
                0x00189138                block3
                0x00189140                block4
                0x00189148                cblock
                0x00189150                cblock2
                0x00189158                cblock3
                0x00189160                pipe1
                0x00189168                pipe2
                0x00189170                castle
                0x00189178                bowser
                0x00189180                pit
                0x00189188                playingstatus
                0x0018918c                currentSelection
                0x00189190                currentSelectionPause
                0x00189194                selectcoin1
                0x0018919c                selectcoin2
                0x001891a4                selectcoin3
                0x001891ac                selectcoin4
                0x001891b4                lives
                0x001891b8                score
                0x001891bc                coins
 .data          0x003dc998        0x0 build/Wait.o
 .data          0x003dc998        0x0 build/WriteLatch.o
 .data          0x003dc998    0xa08ac build/PauseMenu.o
 .data          0x0047d244        0x0 build/ReadSNES.o
 .data          0x0047d244        0x0 build/ButtonFunctions.o
 .data          0x0047d244        0x0 build/GameLoop.o
 *.c.o(*)

.igot.plt       0x0047d244        0x0
 .igot.plt      0x00000000        0x0 build/Main.o

.text           0x0047d244     0x1588
 *.c.o(.text)
 *(.text)
 .text          0x0047d244       0x64 build/Main.o
                0x0047d28c                nG
                0x0047d298                hang
 .text          0x0047d2a8      0x138 build/updateMonsters.o
                0x0047d2a8                updateMonsters
 .text          0x0047d3e0      0x1f8 build/Detect1.o
                0x0047d3e0                Detect1
 .text          0x0047d5d8       0x34 build/WriteClock.o
                0x0047d5d8                _WriteClock
 .text          0x0047d60c       0x8c build/jtag.o
                0x0047d60c                EnableJTAG
 .text          0x0047d698       0x80 build/framebuffer.o
                0x0047d698                InitFrameBuffer
 .text          0x0047d718        0x0 build/DetectCollisions.o
 .text          0x0047d718       0x74 build/InitAll.o
                0x0047d718                _InitAll
 .text          0x0047d78c        0x0 build/UpdateScore.o
 .text          0x0047d78c      0x130 build/StartScreen.o
 .text          0x0047d8bc       0x38 build/ReadData.o
                0x0047d8bc                _ReadData
 .text          0x0047d8f4       0xd0 build/UpdateSprites.o
 .text          0x0047d9c4      0x678 build/drawingFunctions.o
                0x0047d9c4                initialscreen
                0x0047da4c                initializeBackground
                0x0047da88                drawMario
                0x0047dae4                clearMario
                0x0047db18                drawCloud
                0x0047db3c                drawBlock
                0x0047db60                drawCoinBlock
                0x0047db84                drawPipe
                0x0047dba8                drawDragon
                0x0047dbcc                drawShell
                0x0047dbf0                drawCastle
                0x0047dc14                drawPit
                0x0047dc38                drawBowser
                0x0047dc5c                clearBox
                0x0047dc80                clearDragon
                0x0047dca4                clearPipe
                0x0047dcc8                clearShell
                0x0047dcec                drawselectCoin
                0x0047dd10                clearselectCoin
                0x0047dd34                drawPicture
                0x0047ddb0                updateScreen
                0x0047deb8                initializeScreenTwo
                0x0047df28                initializeScreenThree
 .text          0x0047e03c       0x68 build/Wait.o
                0x0047e03c                _Wait
                0x0047e06c                WaitLong
 .text          0x0047e0a4       0x34 build/WriteLatch.o
                0x0047e0a4                _WriteLatch
 .text          0x0047e0d8      0x3f4 build/PauseMenu.o
                0x0047e0d8                PauseMenu
 .text          0x0047e4cc       0x94 build/ReadSNES.o
                0x0047e4cc                _ReadSNES
 .text          0x0047e560      0x234 build/ButtonFunctions.o
                0x0047e560                BPress
                0x0047e56c                YPress
                0x0047e56c                SelPress
                0x0047e56c                STPress
                0x0047e5c0                JPUPress
                0x0047e654                downex
                0x0047e6f0                JPLPress
                0x0047e720                JPRPress
                0x0047e780                APress
                0x0047e780                XPress
                0x0047e780                RBPress
                0x0047e780                LBPress
 .text          0x0047e794       0x38 build/GameLoop.o
                0x0047e798                GL
OUTPUT(build/output.elf elf32-littlearm)

.glue_7         0x0047e7cc        0x0
 .glue_7        0x00000000        0x0 linker stubs

.glue_7t        0x0047e7cc        0x0
 .glue_7t       0x00000000        0x0 linker stubs

.vfp11_veneer   0x0047e7cc        0x0
 .vfp11_veneer  0x00000000        0x0 linker stubs

.v4_bx          0x0047e7cc        0x0
 .v4_bx         0x00000000        0x0 linker stubs

.iplt           0x0047e7cc        0x0
 .iplt          0x00000000        0x0 build/Main.o

.rel.dyn        0x0047e7cc        0x0
 .rel.iplt      0x00000000        0x0 build/Main.o

.bss            0x0047e7cc        0x0
 .bss           0x0047e7cc        0x0 build/Main.o
 .bss           0x0047e7cc        0x0 build/updateMonsters.o
 .bss           0x0047e7cc        0x0 build/Detect1.o
 .bss           0x0047e7cc        0x0 build/WriteClock.o
 .bss           0x0047e7cc        0x0 build/jtag.o
 .bss           0x0047e7cc        0x0 build/framebuffer.o
 .bss           0x0047e7cc        0x0 build/DetectCollisions.o
 .bss           0x0047e7cc        0x0 build/InitAll.o
 .bss           0x0047e7cc        0x0 build/UpdateScore.o
 .bss           0x0047e7cc        0x0 build/StartScreen.o
 .bss           0x0047e7cc        0x0 build/ReadData.o
 .bss           0x0047e7cc        0x0 build/UpdateSprites.o
 .bss           0x0047e7cc        0x0 build/drawingFunctions.o
 .bss           0x0047e7cc        0x0 build/Wait.o
 .bss           0x0047e7cc        0x0 build/WriteLatch.o
 .bss           0x0047e7cc        0x0 build/PauseMenu.o
 .bss           0x0047e7cc        0x0 build/ReadSNES.o
 .bss           0x0047e7cc        0x0 build/ButtonFunctions.o
 .bss           0x0047e7cc        0x0 build/GameLoop.o

.ARM.attributes
                0x00000000       0x29
 .ARM.attributes
                0x00000000       0x29 build/Main.o
 .ARM.attributes
                0x00000029       0x29 build/updateMonsters.o
 .ARM.attributes
                0x00000052       0x29 build/Detect1.o
 .ARM.attributes
                0x0000007b       0x29 build/WriteClock.o
 .ARM.attributes
                0x000000a4       0x29 build/jtag.o
 .ARM.attributes
                0x000000cd       0x29 build/framebuffer.o
 .ARM.attributes
                0x000000f6       0x29 build/DetectCollisions.o
 .ARM.attributes
                0x0000011f       0x29 build/InitAll.o
 .ARM.attributes
                0x00000148       0x29 build/UpdateScore.o
 .ARM.attributes
                0x00000171       0x29 build/StartScreen.o
 .ARM.attributes
                0x0000019a       0x29 build/ReadData.o
 .ARM.attributes
                0x000001c3       0x29 build/UpdateSprites.o
 .ARM.attributes
                0x000001ec       0x29 build/drawingFunctions.o
 .ARM.attributes
                0x00000215       0x29 build/Wait.o
 .ARM.attributes
                0x0000023e       0x29 build/WriteLatch.o
 .ARM.attributes
                0x00000267       0x29 build/PauseMenu.o
 .ARM.attributes
                0x00000290       0x29 build/ReadSNES.o
 .ARM.attributes
                0x000002b9       0x29 build/ButtonFunctions.o
 .ARM.attributes
                0x000002e2       0x29 build/GameLoop.o

.debug_line     0x00000000      0xa60
 .debug_line    0x00000000       0x64 build/Main.o
 .debug_line    0x00000064       0x99 build/updateMonsters.o
 .debug_line    0x000000fd       0xca build/Detect1.o
 .debug_line    0x000001c7       0x4f build/WriteClock.o
 .debug_line    0x00000216       0x61 build/jtag.o
 .debug_line    0x00000277       0x67 build/framebuffer.o
 .debug_line    0x000002de       0x5e build/InitAll.o
 .debug_line    0x0000033c       0x9f build/StartScreen.o
 .debug_line    0x000003db       0x4e build/ReadData.o
 .debug_line    0x00000429       0x86 build/UpdateSprites.o
 .debug_line    0x000004af      0x215 build/drawingFunctions.o
 .debug_line    0x000006c4       0x56 build/Wait.o
 .debug_line    0x0000071a       0x4f build/WriteLatch.o
 .debug_line    0x00000769      0x145 build/PauseMenu.o
 .debug_line    0x000008ae       0x67 build/ReadSNES.o
 .debug_line    0x00000915       0xec build/ButtonFunctions.o
 .debug_line    0x00000a01       0x5f build/GameLoop.o

.debug_info     0x00000000      0x740
 .debug_info    0x00000000       0x64 build/Main.o
 .debug_info    0x00000064       0x6e build/updateMonsters.o
 .debug_info    0x000000d2       0x6d build/Detect1.o
 .debug_info    0x0000013f       0x73 build/WriteClock.o
 .debug_info    0x000001b2       0x6d build/jtag.o
 .debug_info    0x0000021f       0x74 build/framebuffer.o
 .debug_info    0x00000293       0x70 build/InitAll.o
 .debug_info    0x00000303       0x67 build/StartScreen.o
 .debug_info    0x0000036a       0x71 build/ReadData.o
 .debug_info    0x000003db       0x69 build/UpdateSprites.o
 .debug_info    0x00000444       0x74 build/drawingFunctions.o
 .debug_info    0x000004b8       0x6d build/Wait.o
 .debug_info    0x00000525       0x73 build/WriteLatch.o
 .debug_info    0x00000598       0x6d build/PauseMenu.o
 .debug_info    0x00000605       0x68 build/ReadSNES.o
 .debug_info    0x0000066d       0x6f build/ButtonFunctions.o
 .debug_info    0x000006dc       0x64 build/GameLoop.o

.debug_abbrev   0x00000000      0x14a
 .debug_abbrev  0x00000000       0x12 build/Main.o
 .debug_abbrev  0x00000012       0x14 build/updateMonsters.o
 .debug_abbrev  0x00000026       0x14 build/Detect1.o
 .debug_abbrev  0x0000003a       0x14 build/WriteClock.o
 .debug_abbrev  0x0000004e       0x14 build/jtag.o
 .debug_abbrev  0x00000062       0x14 build/framebuffer.o
 .debug_abbrev  0x00000076       0x14 build/InitAll.o
 .debug_abbrev  0x0000008a       0x12 build/StartScreen.o
 .debug_abbrev  0x0000009c       0x14 build/ReadData.o
 .debug_abbrev  0x000000b0       0x12 build/UpdateSprites.o
 .debug_abbrev  0x000000c2       0x14 build/drawingFunctions.o
 .debug_abbrev  0x000000d6       0x14 build/Wait.o
 .debug_abbrev  0x000000ea       0x14 build/WriteLatch.o
 .debug_abbrev  0x000000fe       0x14 build/PauseMenu.o
 .debug_abbrev  0x00000112       0x14 build/ReadSNES.o
 .debug_abbrev  0x00000126       0x12 build/ButtonFunctions.o
 .debug_abbrev  0x00000138       0x12 build/GameLoop.o

.debug_aranges  0x00000000      0x248
 .debug_aranges
                0x00000000       0x28 build/Main.o
 .debug_aranges
                0x00000028       0x20 build/updateMonsters.o
 .debug_aranges
                0x00000048       0x20 build/Detect1.o
 .debug_aranges
                0x00000068       0x20 build/WriteClock.o
 .debug_aranges
                0x00000088       0x20 build/jtag.o
 .debug_aranges
                0x000000a8       0x20 build/framebuffer.o
 .debug_aranges
                0x000000c8       0x20 build/InitAll.o
 .debug_aranges
                0x000000e8       0x28 build/StartScreen.o
 .debug_aranges
                0x00000110       0x20 build/ReadData.o
 .debug_aranges
                0x00000130       0x28 build/UpdateSprites.o
 .debug_aranges
                0x00000158       0x20 build/drawingFunctions.o
 .debug_aranges
                0x00000178       0x20 build/Wait.o
 .debug_aranges
                0x00000198       0x20 build/WriteLatch.o
 .debug_aranges
                0x000001b8       0x20 build/PauseMenu.o
 .debug_aranges
                0x000001d8       0x20 build/ReadSNES.o
 .debug_aranges
                0x000001f8       0x28 build/ButtonFunctions.o
 .debug_aranges
                0x00000220       0x28 build/GameLoop.o

.debug_ranges   0x00000000       0xa0
 .debug_ranges  0x00000000       0x20 build/Main.o
 .debug_ranges  0x00000020       0x20 build/StartScreen.o
 .debug_ranges  0x00000040       0x20 build/UpdateSprites.o
 .debug_ranges  0x00000060       0x20 build/ButtonFunctions.o
 .debug_ranges  0x00000080       0x20 build/GameLoop.o
