
Memory Configuration

Name             Origin             Length             Attributes
*default*        0x00000000         0xffffffff

Linker script and memory map

LOAD build/Main.o
LOAD build/updateMonsters.o
LOAD build/Detect1.o
LOAD build/WriteClock.o
LOAD build/ButtonFunctions.o
LOAD build/jtag.o
LOAD build/framebuffer.o
LOAD build/DetectCollisions.o
LOAD build/InitAll.o
LOAD build/UpdateScore.o
LOAD build/StartScreen.o
LOAD build/ReadData.o
LOAD build/Detect2.o
LOAD build/UpdateSprites.o
LOAD build/drawingFunctions.o
LOAD build/Grav.o
LOAD build/Wait.o
LOAD build/WriteLatch.o
LOAD build/PauseMenu.o
LOAD build/ReadSNES.o
LOAD build/MFD.o
LOAD build/GameLoop.o

.init           0x00008000       0x14
 *(.init)
 .init          0x00008000        0x4 build/Main.o
                0x00008000                _start
 .init          0x00008004        0x0 build/Detect1.o
 .init          0x00008004        0x0 build/WriteClock.o
 .init          0x00008004        0x4 build/ButtonFunctions.o
                0x00008004                _ButtonFunctions
 .init          0x00008008        0x0 build/InitAll.o
 .init          0x00008008        0x4 build/StartScreen.o
                0x00008008                _StartScreen
 .init          0x0000800c        0x0 build/ReadData.o
 .init          0x0000800c        0x0 build/Detect2.o
 .init          0x0000800c        0x4 build/UpdateSprites.o
                0x0000800c                _UpdateSprites
 .init          0x00008010        0x0 build/Grav.o
 .init          0x00008010        0x0 build/Wait.o
 .init          0x00008010        0x0 build/WriteLatch.o
 .init          0x00008010        0x0 build/ReadSNES.o
 .init          0x00008010        0x0 build/MFD.o
 .init          0x00008010        0x4 build/GameLoop.o
                0x00008010                _GameLoop

.data           0x00009080   0x3f806c
 *(.data)
 .data          0x00009080        0x9 build/Main.o
                0x00009080                buttons
                0x00009081                mariowidth
                0x00009085                marioheight
 .data          0x00009089        0x0 build/updateMonsters.o
 *fill*         0x00009089        0x7 3f3f3f3f
 .data          0x00009090       0x10 build/Detect1.o
                0x00009090                state1
                0x00009094                state2
                0x00009098                state3
                0x0000909c                floor
 .data          0x000090a0        0x0 build/WriteClock.o
 .data          0x000090a0        0x0 build/ButtonFunctions.o
 .data          0x000090a0        0x0 build/jtag.o
 .data          0x000090a0       0x70 build/framebuffer.o
                0x00009100                FrameBufferPointer
 .data          0x00009110        0x0 build/DetectCollisions.o
 .data          0x00009110        0x0 build/InitAll.o
 .data          0x00009110        0x0 build/UpdateScore.o
 .data          0x00009110   0x180000 build/StartScreen.o
 .data          0x00189110        0x0 build/ReadData.o
 .data          0x00189110        0xc build/Detect2.o
                0x00189110                topFlag
                0x00189114                coin1State
                0x00189118                coin2State
 .data          0x0018911c        0x0 build/UpdateSprites.o
 .data          0x0018911c   0x254468 build/drawingFunctions.o
                0x0018911c                mario
                0x00189128                dragonEnemy
                0x00189134                shellEnemy
                0x00189140                screenNumber
                0x00189144                block1
                0x0018914c                block2
                0x00189154                block3
                0x0018915c                block4
                0x00189164                cblock
                0x0018916c                cblock2
                0x00189174                cblock3
                0x0018917c                pipe1
                0x00189184                pipe2
                0x0018918c                castle
                0x00189194                bowser
                0x0018919c                pit
                0x001891a4                playingstatus
                0x001891a8                currentSelection
                0x001891ac                currentSelectionPause
                0x001891b0                selectcoin1
                0x001891b8                selectcoin2
                0x001891c0                selectcoin3
                0x001891c8                selectcoin4
                0x001891d0                lives
                0x001891d4                score
                0x001891d8                coins
 .data          0x003dd584        0x4 build/Grav.o
                0x003dd584                gravflag
 .data          0x003dd588        0x0 build/Wait.o
 .data          0x003dd588        0x0 build/WriteLatch.o
 .data          0x003dd588    0x23b64 build/PauseMenu.o
                0x003dd588                PauseMenuLocation
 .data          0x004010ec        0x0 build/ReadSNES.o
 .data          0x004010ec        0x0 build/MFD.o
 .data          0x004010ec        0x0 build/GameLoop.o
 *.c.o(*)

.igot.plt       0x004010ec        0x0
 .igot.plt      0x00000000        0x0 build/Main.o

.text           0x004010ec     0x2568
 *.c.o(.text)
 *(.text)
 .text          0x004010ec       0x64 build/Main.o
                0x00401134                nG
                0x00401140                hang
 .text          0x00401150      0x1b8 build/updateMonsters.o
                0x00401150                updateMonsters
 .text          0x00401308      0x5dc build/Detect1.o
                0x00401308                Detect1
 .text          0x004018e4       0x34 build/WriteClock.o
                0x004018e4                _WriteClock
 .text          0x00401918      0x2f8 build/ButtonFunctions.o
                0x00401918                BPress
                0x00401924                YPress
                0x00401924                SelPress
                0x00401924                STPress
                0x00401978                JPUPress
                0x00401a14                UpRightPress
                0x00401a94                UpLeftPress
                0x00401b04                JPLPress
                0x00401b74                JPRPress
                0x00401bf4                APress
                0x00401bf4                XPress
                0x00401bf4                RBPress
                0x00401bf4                LBPress
 .text          0x00401c10       0x8c build/jtag.o
                0x00401c10                EnableJTAG
 .text          0x00401c9c       0x80 build/framebuffer.o
                0x00401c9c                InitFrameBuffer
 .text          0x00401d1c        0x0 build/DetectCollisions.o
 .text          0x00401d1c       0x74 build/InitAll.o
                0x00401d1c                _InitAll
 .text          0x00401d90        0x0 build/UpdateScore.o
 .text          0x00401d90      0x130 build/StartScreen.o
 .text          0x00401ec0       0x38 build/ReadData.o
                0x00401ec0                _ReadData
 .text          0x00401ef8      0x440 build/Detect2.o
                0x00401ef8                Detect2
 .text          0x00402338       0xd0 build/UpdateSprites.o
 .text          0x00402408      0x998 build/drawingFunctions.o
                0x00402408                initialscreen
                0x0040249c                initializeBackground
                0x004024d8                drawMario
                0x00402534                clearMario
                0x00402568                drawCloud
                0x0040258c                drawBlock
                0x004025b0                drawCoinBlock
                0x004025d4                drawPipe
                0x004025f8                drawDragon
                0x0040261c                drawShell
                0x00402640                drawCastle
                0x00402664                drawPit
                0x00402688                drawBowser
                0x004026ac                clearBowser
                0x004026d0                clearCastle
                0x004026f4                clearBox
                0x00402718                clearDragon
                0x0040273c                clearPipe
                0x00402760                clearShell
                0x00402784                drawselectCoin
                0x004027a8                clearselectCoin
                0x004027cc                drawPauseSelectCoin
                0x004027f0                clearPauseSelectCoinGreen
                0x00402814                clearPauseSelectCoinBlue
                0x00402838                drawPicture
                0x004028b4                updateScreenRight
                0x004028d8                updateScreenLeft
                0x004028fc                clear1draw2
                0x00402968                clear2draw3
                0x004029e8                initializeScreenTwo
                0x00402a58                initializeScreenThree
                0x00402ac8                clear3draw2
                0x00402b4c                clear2draw1
 .text          0x00402da0       0xc8 build/Grav.o
                0x00402da0                Grav
 .text          0x00402e68       0x68 build/Wait.o
                0x00402e68                _Wait
                0x00402e98                WaitLong
 .text          0x00402ed0       0x34 build/WriteLatch.o
                0x00402ed0                _WriteLatch
 .text          0x00402f04      0x498 build/PauseMenu.o
                0x00402f04                PauseMenu
                0x00402fec                restart
                0x0040329c                drawPauseMenu
                0x004032c0                ClearMenu
 .text          0x0040339c       0xb4 build/ReadSNES.o
                0x0040339c                _ReadSNES
 .text          0x00403450      0x1cc build/MFD.o
                0x00403450                marioFallDown
 .text          0x0040361c       0x38 build/GameLoop.o
                0x00403620                GL
OUTPUT(build/output.elf elf32-littlearm)

.glue_7         0x00403654        0x0
 .glue_7        0x00000000        0x0 linker stubs

.glue_7t        0x00403654        0x0
 .glue_7t       0x00000000        0x0 linker stubs

.vfp11_veneer   0x00403654        0x0
 .vfp11_veneer  0x00000000        0x0 linker stubs

.v4_bx          0x00403654        0x0
 .v4_bx         0x00000000        0x0 linker stubs

.iplt           0x00403654        0x0
 .iplt          0x00000000        0x0 build/Main.o

.rel.dyn        0x00403654        0x0
 .rel.iplt      0x00000000        0x0 build/Main.o

.bss            0x00403654        0x0
 .bss           0x00403654        0x0 build/Main.o
 .bss           0x00403654        0x0 build/updateMonsters.o
 .bss           0x00403654        0x0 build/Detect1.o
 .bss           0x00403654        0x0 build/WriteClock.o
 .bss           0x00403654        0x0 build/ButtonFunctions.o
 .bss           0x00403654        0x0 build/jtag.o
 .bss           0x00403654        0x0 build/framebuffer.o
 .bss           0x00403654        0x0 build/DetectCollisions.o
 .bss           0x00403654        0x0 build/InitAll.o
 .bss           0x00403654        0x0 build/UpdateScore.o
 .bss           0x00403654        0x0 build/StartScreen.o
 .bss           0x00403654        0x0 build/ReadData.o
 .bss           0x00403654        0x0 build/Detect2.o
 .bss           0x00403654        0x0 build/UpdateSprites.o
 .bss           0x00403654        0x0 build/drawingFunctions.o
 .bss           0x00403654        0x0 build/Grav.o
 .bss           0x00403654        0x0 build/Wait.o
 .bss           0x00403654        0x0 build/WriteLatch.o
 .bss           0x00403654        0x0 build/PauseMenu.o
 .bss           0x00403654        0x0 build/ReadSNES.o
 .bss           0x00403654        0x0 build/MFD.o
 .bss           0x00403654        0x0 build/GameLoop.o

.ARM.attributes
                0x00000000       0x29
 .ARM.attributes
                0x00000000       0x29 build/Main.o
 .ARM.attributes
                0x00000029       0x29 build/updateMonsters.o
 .ARM.attributes
                0x00000052       0x29 build/Detect1.o
 .ARM.attributes
                0x0000007b       0x29 build/WriteClock.o
 .ARM.attributes
                0x000000a4       0x29 build/ButtonFunctions.o
 .ARM.attributes
                0x000000cd       0x29 build/jtag.o
 .ARM.attributes
                0x000000f6       0x29 build/framebuffer.o
 .ARM.attributes
                0x0000011f       0x29 build/DetectCollisions.o
 .ARM.attributes
                0x00000148       0x29 build/InitAll.o
 .ARM.attributes
                0x00000171       0x29 build/UpdateScore.o
 .ARM.attributes
                0x0000019a       0x29 build/StartScreen.o
 .ARM.attributes
                0x000001c3       0x29 build/ReadData.o
 .ARM.attributes
                0x000001ec       0x29 build/Detect2.o
 .ARM.attributes
                0x00000215       0x29 build/UpdateSprites.o
 .ARM.attributes
                0x0000023e       0x29 build/drawingFunctions.o
 .ARM.attributes
                0x00000267       0x29 build/Grav.o
 .ARM.attributes
                0x00000290       0x29 build/Wait.o
 .ARM.attributes
                0x000002b9       0x29 build/WriteLatch.o
 .ARM.attributes
                0x000002e2       0x29 build/PauseMenu.o
 .ARM.attributes
                0x0000030b       0x29 build/ReadSNES.o
 .ARM.attributes
                0x00000334       0x29 build/MFD.o
 .ARM.attributes
                0x0000035d       0x29 build/GameLoop.o

.debug_line     0x00000000      0xf60
 .debug_line    0x00000000       0x64 build/Main.o
 .debug_line    0x00000064       0xbd build/updateMonsters.o
 .debug_line    0x00000121      0x1d2 build/Detect1.o
 .debug_line    0x000002f3       0x4f build/WriteClock.o
 .debug_line    0x00000342      0x125 build/ButtonFunctions.o
 .debug_line    0x00000467       0x61 build/jtag.o
 .debug_line    0x000004c8       0x67 build/framebuffer.o
 .debug_line    0x0000052f       0x5e build/InitAll.o
 .debug_line    0x0000058d       0x9f build/StartScreen.o
 .debug_line    0x0000062c       0x4e build/ReadData.o
 .debug_line    0x0000067a      0x164 build/Detect2.o
 .debug_line    0x000007de       0x86 build/UpdateSprites.o
 .debug_line    0x00000864      0x2f1 build/drawingFunctions.o
 .debug_line    0x00000b55       0x70 build/Grav.o
 .debug_line    0x00000bc5       0x56 build/Wait.o
 .debug_line    0x00000c1b       0x4f build/WriteLatch.o
 .debug_line    0x00000c6a      0x173 build/PauseMenu.o
 .debug_line    0x00000ddd       0x6f build/ReadSNES.o
 .debug_line    0x00000e4c       0xb5 build/MFD.o
 .debug_line    0x00000f01       0x5f build/GameLoop.o

.debug_info     0x00000000      0x764
 .debug_info    0x00000000       0x58 build/Main.o
 .debug_info    0x00000058       0x63 build/updateMonsters.o
 .debug_info    0x000000bb       0x5c build/Detect1.o
 .debug_info    0x00000117       0x62 build/WriteClock.o
 .debug_info    0x00000179       0x60 build/ButtonFunctions.o
 .debug_info    0x000001d9       0x5c build/jtag.o
 .debug_info    0x00000235       0x63 build/framebuffer.o
 .debug_info    0x00000298       0x5f build/InitAll.o
 .debug_info    0x000002f7       0x5f build/StartScreen.o
 .debug_info    0x00000356       0x60 build/ReadData.o
 .debug_info    0x000003b6       0x5c build/Detect2.o
 .debug_info    0x00000412       0x61 build/UpdateSprites.o
 .debug_info    0x00000473       0x65 build/drawingFunctions.o
 .debug_info    0x000004d8       0x59 build/Grav.o
 .debug_info    0x00000531       0x5c build/Wait.o
 .debug_info    0x0000058d       0x62 build/WriteLatch.o
 .debug_info    0x000005ef       0x5e build/PauseMenu.o
 .debug_info    0x0000064d       0x60 build/ReadSNES.o
 .debug_info    0x000006ad       0x5b build/MFD.o
 .debug_info    0x00000708       0x5c build/GameLoop.o

.debug_abbrev   0x00000000      0x186
 .debug_abbrev  0x00000000       0x12 build/Main.o
 .debug_abbrev  0x00000012       0x14 build/updateMonsters.o
 .debug_abbrev  0x00000026       0x14 build/Detect1.o
 .debug_abbrev  0x0000003a       0x14 build/WriteClock.o
 .debug_abbrev  0x0000004e       0x12 build/ButtonFunctions.o
 .debug_abbrev  0x00000060       0x14 build/jtag.o
 .debug_abbrev  0x00000074       0x14 build/framebuffer.o
 .debug_abbrev  0x00000088       0x14 build/InitAll.o
 .debug_abbrev  0x0000009c       0x12 build/StartScreen.o
 .debug_abbrev  0x000000ae       0x14 build/ReadData.o
 .debug_abbrev  0x000000c2       0x14 build/Detect2.o
 .debug_abbrev  0x000000d6       0x12 build/UpdateSprites.o
 .debug_abbrev  0x000000e8       0x14 build/drawingFunctions.o
 .debug_abbrev  0x000000fc       0x14 build/Grav.o
 .debug_abbrev  0x00000110       0x14 build/Wait.o
 .debug_abbrev  0x00000124       0x14 build/WriteLatch.o
 .debug_abbrev  0x00000138       0x14 build/PauseMenu.o
 .debug_abbrev  0x0000014c       0x14 build/ReadSNES.o
 .debug_abbrev  0x00000160       0x14 build/MFD.o
 .debug_abbrev  0x00000174       0x12 build/GameLoop.o

.debug_aranges  0x00000000      0x2a8
 .debug_aranges
                0x00000000       0x28 build/Main.o
 .debug_aranges
                0x00000028       0x20 build/updateMonsters.o
 .debug_aranges
                0x00000048       0x20 build/Detect1.o
 .debug_aranges
                0x00000068       0x20 build/WriteClock.o
 .debug_aranges
                0x00000088       0x28 build/ButtonFunctions.o
 .debug_aranges
                0x000000b0       0x20 build/jtag.o
 .debug_aranges
                0x000000d0       0x20 build/framebuffer.o
 .debug_aranges
                0x000000f0       0x20 build/InitAll.o
 .debug_aranges
                0x00000110       0x28 build/StartScreen.o
 .debug_aranges
                0x00000138       0x20 build/ReadData.o
 .debug_aranges
                0x00000158       0x20 build/Detect2.o
 .debug_aranges
                0x00000178       0x28 build/UpdateSprites.o
 .debug_aranges
                0x000001a0       0x20 build/drawingFunctions.o
 .debug_aranges
                0x000001c0       0x20 build/Grav.o
 .debug_aranges
                0x000001e0       0x20 build/Wait.o
 .debug_aranges
                0x00000200       0x20 build/WriteLatch.o
 .debug_aranges
                0x00000220       0x20 build/PauseMenu.o
 .debug_aranges
                0x00000240       0x20 build/ReadSNES.o
 .debug_aranges
                0x00000260       0x20 build/MFD.o
 .debug_aranges
                0x00000280       0x28 build/GameLoop.o

.debug_ranges   0x00000000       0xa0
 .debug_ranges  0x00000000       0x20 build/Main.o
 .debug_ranges  0x00000020       0x20 build/ButtonFunctions.o
 .debug_ranges  0x00000040       0x20 build/StartScreen.o
 .debug_ranges  0x00000060       0x20 build/UpdateSprites.o
 .debug_ranges  0x00000080       0x20 build/GameLoop.o
