
Memory Configuration

Name             Origin             Length             Attributes
*default*        0x00000000         0xffffffff

Linker script and memory map

LOAD build/Main.o
LOAD build/updateMonsters.o
LOAD build/Detect1.o
LOAD build/WriteClock.o
LOAD build/framebuffer.o
LOAD build/jtag.o
LOAD build/drawingFunctions.o
LOAD build/DetectCollisions.o
LOAD build/InitAll.o
LOAD build/ButtonFunctions.o
LOAD build/UpdateScore.o
LOAD build/StartScreen.o
LOAD build/ReadData.o
LOAD build/Wait.o
LOAD build/WriteLatch.o
LOAD build/PauseMenu.o
LOAD build/ReadSNES.o
LOAD build/UpdateSprites.o
LOAD build/GameLoop.o

.init           0x00008000       0x14
 *(.init)
 .init          0x00008000        0x4 build/Main.o
                0x00008000                _start
 .init          0x00008004        0x0 build/Detect1.o
 .init          0x00008004        0x0 build/WriteClock.o
 .init          0x00008004        0x0 build/InitAll.o
 .init          0x00008004        0x4 build/ButtonFunctions.o
                0x00008004                _ButtonFunctions
 .init          0x00008008        0x4 build/StartScreen.o
                0x00008008                _StartScreen
 .init          0x0000800c        0x0 build/ReadData.o
 .init          0x0000800c        0x0 build/Wait.o
 .init          0x0000800c        0x0 build/WriteLatch.o
 .init          0x0000800c        0x0 build/ReadSNES.o
 .init          0x0000800c        0x4 build/UpdateSprites.o
                0x0000800c                _UpdateSprites
 .init          0x00008010        0x4 build/GameLoop.o
                0x00008010                _GameLoop

.data           0x00009080   0x4741c8
 *(.data)
 .data          0x00009080        0x9 build/Main.o
                0x00009080                buttons
                0x00009081                mariowidth
                0x00009085                marioheight
 .data          0x00009089        0x0 build/updateMonsters.o
 .data          0x00009089        0x0 build/Detect1.o
 .data          0x00009089        0x0 build/WriteClock.o
 *fill*         0x00009089        0x7 3f3f3f3f
 .data          0x00009090       0x70 build/framebuffer.o
                0x000090f0                FrameBufferPointer
 .data          0x00009100        0x0 build/jtag.o
 .data          0x00009100   0x25389c build/drawingFunctions.o
                0x00009100                mario
                0x0000910c                dragonEnemy
                0x00009118                shellEnemy
                0x00009124                screenNumber
                0x00009128                block1
                0x00009130                block2
                0x00009138                block3
                0x00009140                block4
                0x00009148                cblock
                0x00009150                cblock2
                0x00009158                cblock3
                0x00009160                pipe1
                0x00009168                pipe2
                0x00009170                castle
                0x00009178                bowser
                0x00009180                pit
                0x00009188                playingstatus
                0x0000918c                currentSelection
                0x00009190                currentSelectionPause
                0x00009194                selectcoin1
                0x0000919c                selectcoin2
                0x000091a4                selectcoin3
                0x000091ac                selectcoin4
                0x000091b4                lives
                0x000091b8                score
                0x000091bc                coins
                0x000091c0                js1
 .data          0x0025c99c        0x0 build/DetectCollisions.o
 .data          0x0025c99c        0x0 build/InitAll.o
 .data          0x0025c99c        0x0 build/ButtonFunctions.o
 .data          0x0025c99c        0x0 build/UpdateScore.o
 .data          0x0025c99c   0x180000 build/StartScreen.o
 .data          0x003dc99c        0x0 build/ReadData.o
 .data          0x003dc99c        0x0 build/Wait.o
 .data          0x003dc99c        0x0 build/WriteLatch.o
 .data          0x003dc99c    0xa08ac build/PauseMenu.o
 .data          0x0047d248        0x0 build/ReadSNES.o
 .data          0x0047d248        0x0 build/UpdateSprites.o
 .data          0x0047d248        0x0 build/GameLoop.o
 *.c.o(*)

.igot.plt       0x0047d248        0x0
 .igot.plt      0x00000000        0x0 build/Main.o

.text           0x0047d248     0x170c
 *.c.o(.text)
 *(.text)
 .text          0x0047d248       0x64 build/Main.o
                0x0047d290                nG
                0x0047d29c                hang
 .text          0x0047d2ac      0x138 build/updateMonsters.o
                0x0047d2ac                updateMonsters
 .text          0x0047d3e4      0x310 build/Detect1.o
                0x0047d3e4                Detect1
 .text          0x0047d6f4       0x34 build/WriteClock.o
                0x0047d6f4                _WriteClock
 .text          0x0047d728       0x80 build/framebuffer.o
                0x0047d728                InitFrameBuffer
 .text          0x0047d7a8       0x8c build/jtag.o
                0x0047d7a8                EnableJTAG
 .text          0x0047d834      0x678 build/drawingFunctions.o
                0x0047d834                initialscreen
                0x0047d8bc                initializeBackground
                0x0047d8f8                drawMario
                0x0047d954                clearMario
                0x0047d988                drawCloud
                0x0047d9ac                drawBlock
                0x0047d9d0                drawCoinBlock
                0x0047d9f4                drawPipe
                0x0047da18                drawDragon
                0x0047da3c                drawShell
                0x0047da60                drawCastle
                0x0047da84                drawPit
                0x0047daa8                drawBowser
                0x0047dacc                clearBox
                0x0047daf0                clearDragon
                0x0047db14                clearPipe
                0x0047db38                clearShell
                0x0047db5c                drawselectCoin
                0x0047db80                clearselectCoin
                0x0047dba4                drawPicture
                0x0047dc20                updateScreen
                0x0047dd28                initializeScreenTwo
                0x0047dd98                initializeScreenThree
 .text          0x0047deac        0x0 build/DetectCollisions.o
 .text          0x0047deac       0x74 build/InitAll.o
                0x0047deac                _InitAll
 .text          0x0047df20      0x2a0 build/ButtonFunctions.o
                0x0047df20                BPress
                0x0047df2c                YPress
                0x0047df2c                SelPress
                0x0047df2c                STPress
                0x0047df80                JPUPress
                0x0047e034                downex
                0x0047e0e8                JPLPress
                0x0047e130                JPRPress
                0x0047e1a8                APress
                0x0047e1a8                XPress
                0x0047e1a8                RBPress
                0x0047e1a8                LBPress
 .text          0x0047e1c0        0x0 build/UpdateScore.o
 .text          0x0047e1c0      0x130 build/StartScreen.o
 .text          0x0047e2f0       0x38 build/ReadData.o
                0x0047e2f0                _ReadData
 .text          0x0047e328       0x68 build/Wait.o
                0x0047e328                _Wait
                0x0047e358                WaitLong
 .text          0x0047e390       0x34 build/WriteLatch.o
                0x0047e390                _WriteLatch
 .text          0x0047e3c4      0x3f4 build/PauseMenu.o
                0x0047e3c4                PauseMenu
                0x0047e4b0                restart
 .text          0x0047e7b8       0x94 build/ReadSNES.o
                0x0047e7b8                _ReadSNES
 .text          0x0047e84c       0xd0 build/UpdateSprites.o
 .text          0x0047e91c       0x38 build/GameLoop.o
                0x0047e920                GL
OUTPUT(build/output.elf elf32-littlearm)

.glue_7         0x0047e954        0x0
 .glue_7        0x00000000        0x0 linker stubs

.glue_7t        0x0047e954        0x0
 .glue_7t       0x00000000        0x0 linker stubs

.vfp11_veneer   0x0047e954        0x0
 .vfp11_veneer  0x00000000        0x0 linker stubs

.v4_bx          0x0047e954        0x0
 .v4_bx         0x00000000        0x0 linker stubs

.iplt           0x0047e954        0x0
 .iplt          0x00000000        0x0 build/Main.o

.rel.dyn        0x0047e954        0x0
 .rel.iplt      0x00000000        0x0 build/Main.o

.bss            0x0047e954        0x0
 .bss           0x0047e954        0x0 build/Main.o
 .bss           0x0047e954        0x0 build/updateMonsters.o
 .bss           0x0047e954        0x0 build/Detect1.o
 .bss           0x0047e954        0x0 build/WriteClock.o
 .bss           0x0047e954        0x0 build/framebuffer.o
 .bss           0x0047e954        0x0 build/jtag.o
 .bss           0x0047e954        0x0 build/drawingFunctions.o
 .bss           0x0047e954        0x0 build/DetectCollisions.o
 .bss           0x0047e954        0x0 build/InitAll.o
 .bss           0x0047e954        0x0 build/ButtonFunctions.o
 .bss           0x0047e954        0x0 build/UpdateScore.o
 .bss           0x0047e954        0x0 build/StartScreen.o
 .bss           0x0047e954        0x0 build/ReadData.o
 .bss           0x0047e954        0x0 build/Wait.o
 .bss           0x0047e954        0x0 build/WriteLatch.o
 .bss           0x0047e954        0x0 build/PauseMenu.o
 .bss           0x0047e954        0x0 build/ReadSNES.o
 .bss           0x0047e954        0x0 build/UpdateSprites.o
 .bss           0x0047e954        0x0 build/GameLoop.o

.ARM.attributes
                0x00000000       0x29
 .ARM.attributes
                0x00000000       0x29 build/Main.o
 .ARM.attributes
                0x00000029       0x29 build/updateMonsters.o
 .ARM.attributes
                0x00000052       0x29 build/Detect1.o
 .ARM.attributes
                0x0000007b       0x29 build/WriteClock.o
 .ARM.attributes
                0x000000a4       0x29 build/framebuffer.o
 .ARM.attributes
                0x000000cd       0x29 build/jtag.o
 .ARM.attributes
                0x000000f6       0x29 build/drawingFunctions.o
 .ARM.attributes
                0x0000011f       0x29 build/DetectCollisions.o
 .ARM.attributes
                0x00000148       0x29 build/InitAll.o
 .ARM.attributes
                0x00000171       0x29 build/ButtonFunctions.o
 .ARM.attributes
                0x0000019a       0x29 build/UpdateScore.o
 .ARM.attributes
                0x000001c3       0x29 build/StartScreen.o
 .ARM.attributes
                0x000001ec       0x29 build/ReadData.o
 .ARM.attributes
                0x00000215       0x29 build/Wait.o
 .ARM.attributes
                0x0000023e       0x29 build/WriteLatch.o
 .ARM.attributes
                0x00000267       0x29 build/PauseMenu.o
 .ARM.attributes
                0x00000290       0x29 build/ReadSNES.o
 .ARM.attributes
                0x000002b9       0x29 build/UpdateSprites.o
 .ARM.attributes
                0x000002e2       0x29 build/GameLoop.o

.debug_line     0x00000000      0xacb
 .debug_line    0x00000000       0x64 build/Main.o
 .debug_line    0x00000064       0x99 build/updateMonsters.o
 .debug_line    0x000000fd      0x116 build/Detect1.o
 .debug_line    0x00000213       0x4f build/WriteClock.o
 .debug_line    0x00000262       0x67 build/framebuffer.o
 .debug_line    0x000002c9       0x61 build/jtag.o
 .debug_line    0x0000032a      0x215 build/drawingFunctions.o
 .debug_line    0x0000053f       0x5e build/InitAll.o
 .debug_line    0x0000059d      0x10b build/ButtonFunctions.o
 .debug_line    0x000006a8       0x9f build/StartScreen.o
 .debug_line    0x00000747       0x4e build/ReadData.o
 .debug_line    0x00000795       0x56 build/Wait.o
 .debug_line    0x000007eb       0x4f build/WriteLatch.o
 .debug_line    0x0000083a      0x145 build/PauseMenu.o
 .debug_line    0x0000097f       0x67 build/ReadSNES.o
 .debug_line    0x000009e6       0x86 build/UpdateSprites.o
 .debug_line    0x00000a6c       0x5f build/GameLoop.o

.debug_info     0x00000000      0x74e
 .debug_info    0x00000000       0x64 build/Main.o
 .debug_info    0x00000064       0x6e build/updateMonsters.o
 .debug_info    0x000000d2       0x6f build/Detect1.o
 .debug_info    0x00000141       0x73 build/WriteClock.o
 .debug_info    0x000001b4       0x74 build/framebuffer.o
 .debug_info    0x00000228       0x6d build/jtag.o
 .debug_info    0x00000295       0x78 build/drawingFunctions.o
 .debug_info    0x0000030d       0x70 build/InitAll.o
 .debug_info    0x0000037d       0x73 build/ButtonFunctions.o
 .debug_info    0x000003f0       0x67 build/StartScreen.o
 .debug_info    0x00000457       0x71 build/ReadData.o
 .debug_info    0x000004c8       0x6d build/Wait.o
 .debug_info    0x00000535       0x73 build/WriteLatch.o
 .debug_info    0x000005a8       0x71 build/PauseMenu.o
 .debug_info    0x00000619       0x68 build/ReadSNES.o
 .debug_info    0x00000681       0x69 build/UpdateSprites.o
 .debug_info    0x000006ea       0x64 build/GameLoop.o

.debug_abbrev   0x00000000      0x14a
 .debug_abbrev  0x00000000       0x12 build/Main.o
 .debug_abbrev  0x00000012       0x14 build/updateMonsters.o
 .debug_abbrev  0x00000026       0x14 build/Detect1.o
 .debug_abbrev  0x0000003a       0x14 build/WriteClock.o
 .debug_abbrev  0x0000004e       0x14 build/framebuffer.o
 .debug_abbrev  0x00000062       0x14 build/jtag.o
 .debug_abbrev  0x00000076       0x14 build/drawingFunctions.o
 .debug_abbrev  0x0000008a       0x14 build/InitAll.o
 .debug_abbrev  0x0000009e       0x12 build/ButtonFunctions.o
 .debug_abbrev  0x000000b0       0x12 build/StartScreen.o
 .debug_abbrev  0x000000c2       0x14 build/ReadData.o
 .debug_abbrev  0x000000d6       0x14 build/Wait.o
 .debug_abbrev  0x000000ea       0x14 build/WriteLatch.o
 .debug_abbrev  0x000000fe       0x14 build/PauseMenu.o
 .debug_abbrev  0x00000112       0x14 build/ReadSNES.o
 .debug_abbrev  0x00000126       0x12 build/UpdateSprites.o
 .debug_abbrev  0x00000138       0x12 build/GameLoop.o

.debug_aranges  0x00000000      0x248
 .debug_aranges
                0x00000000       0x28 build/Main.o
 .debug_aranges
                0x00000028       0x20 build/updateMonsters.o
 .debug_aranges
                0x00000048       0x20 build/Detect1.o
 .debug_aranges
                0x00000068       0x20 build/WriteClock.o
 .debug_aranges
                0x00000088       0x20 build/framebuffer.o
 .debug_aranges
                0x000000a8       0x20 build/jtag.o
 .debug_aranges
                0x000000c8       0x20 build/drawingFunctions.o
 .debug_aranges
                0x000000e8       0x20 build/InitAll.o
 .debug_aranges
                0x00000108       0x28 build/ButtonFunctions.o
 .debug_aranges
                0x00000130       0x28 build/StartScreen.o
 .debug_aranges
                0x00000158       0x20 build/ReadData.o
 .debug_aranges
                0x00000178       0x20 build/Wait.o
 .debug_aranges
                0x00000198       0x20 build/WriteLatch.o
 .debug_aranges
                0x000001b8       0x20 build/PauseMenu.o
 .debug_aranges
                0x000001d8       0x20 build/ReadSNES.o
 .debug_aranges
                0x000001f8       0x28 build/UpdateSprites.o
 .debug_aranges
                0x00000220       0x28 build/GameLoop.o

.debug_ranges   0x00000000       0xa0
 .debug_ranges  0x00000000       0x20 build/Main.o
 .debug_ranges  0x00000020       0x20 build/ButtonFunctions.o
 .debug_ranges  0x00000040       0x20 build/StartScreen.o
 .debug_ranges  0x00000060       0x20 build/UpdateSprites.o
 .debug_ranges  0x00000080       0x20 build/GameLoop.o
