
Memory Configuration

Name             Origin             Length             Attributes
*default*        0x00000000         0xffffffff

Linker script and memory map

LOAD build/Main.o
LOAD build/WriteClock.o
LOAD build/framebuffer.o
LOAD build/jtag.o
LOAD build/drawingFunctions.o
LOAD build/DetectCollisions.o
LOAD build/InitAll.o
LOAD build/UpdateScore.o
LOAD build/ReadData.o
LOAD build/UpdateSprites.o
LOAD build/Wait.o
LOAD build/WriteLatch.o
LOAD build/ReadSNES.o
LOAD build/ButtonFunctions.o
LOAD build/GameLoop.o

.init           0x00008000       0x10
 *(.init)
 .init          0x00008000        0x4 build/Main.o
                0x00008000                _start
 .init          0x00008004        0x0 build/WriteClock.o
 .init          0x00008004        0x0 build/InitAll.o
 .init          0x00008004        0x0 build/ReadData.o
 .init          0x00008004        0x4 build/UpdateSprites.o
                0x00008004                _UpdateSprites
 .init          0x00008008        0x0 build/Wait.o
 .init          0x00008008        0x0 build/WriteLatch.o
 .init          0x00008008        0x0 build/ReadSNES.o
 .init          0x00008008        0x4 build/ButtonFunctions.o
                0x00008008                _ButtonFunctions
 .init          0x0000800c        0x4 build/GameLoop.o
                0x0000800c                _GameLoop

.data           0x00009080   0x250468
 *(.data)
 .data          0x00009080        0x9 build/Main.o
                0x00009080                buttons
                0x00009081                mariowidth
                0x00009085                marioheight
 .data          0x00009089        0x0 build/WriteClock.o
 *fill*         0x00009089        0x7 3f3f3f3f
 .data          0x00009090       0x70 build/framebuffer.o
                0x000090f0                FrameBufferPointer
 .data          0x00009100        0x0 build/jtag.o
 .data          0x00009100   0x2503e8 build/drawingFunctions.o
                0x00009100                mario
                0x0000910c                dragonEnemy
                0x00009114                shellEnemy
                0x0000911c                screenNumber
                0x00009120                block1
                0x00009128                block2
                0x00009130                block3
                0x00009138                block4
                0x00009140                cblock
                0x00009148                cblock2
                0x00009150                cblock3
                0x00009158                pipe1
                0x00009160                pipe2
                0x00009168                castle
                0x00009170                bowser
                0x00009178                pit
                0x00009180                score
                0x00009184                coins
 .data          0x002594e8        0x0 build/DetectCollisions.o
 .data          0x002594e8        0x0 build/InitAll.o
 .data          0x002594e8        0x0 build/UpdateScore.o
 .data          0x002594e8        0x0 build/ReadData.o
 .data          0x002594e8        0x0 build/UpdateSprites.o
 .data          0x002594e8        0x0 build/Wait.o
 .data          0x002594e8        0x0 build/WriteLatch.o
 .data          0x002594e8        0x0 build/ReadSNES.o
 .data          0x002594e8        0x0 build/ButtonFunctions.o
 .data          0x002594e8        0x0 build/GameLoop.o
 *.c.o(*)

.igot.plt       0x002594e8        0x0
 .igot.plt      0x00000000        0x0 build/Main.o

.text           0x002594e8      0xc94
 *.c.o(.text)
 *(.text)
 .text          0x002594e8       0x60 build/Main.o
 .text          0x00259548       0x34 build/WriteClock.o
                0x00259548                _WriteClock
 .text          0x0025957c       0x80 build/framebuffer.o
                0x0025957c                InitFrameBuffer
 .text          0x002595fc       0x8c build/jtag.o
                0x002595fc                EnableJTAG
 .text          0x00259688      0x5f0 build/drawingFunctions.o
                0x00259688                initialscreen
                0x00259714                initializeBackground
                0x00259750                drawMario
                0x002597ac                clearMario
                0x002597e0                drawCloud
                0x00259804                drawBlock
                0x00259828                drawCoinBlock
                0x0025984c                drawPipe
                0x00259870                drawDragon
                0x00259894                drawShell
                0x002598b8                drawCastle
                0x002598dc                drawPit
                0x00259900                drawBowser
                0x00259924                clearBox
                0x00259948                clearDragon
                0x0025996c                clearPipe
                0x00259990                drawPicture
                0x00259a0c                updateScreen
                0x00259b00                initializeScreenTwo
                0x00259b70                initializeScreenThree
 .text          0x00259c78        0x0 build/DetectCollisions.o
 .text          0x00259c78       0x74 build/InitAll.o
                0x00259c78                _InitAll
 .text          0x00259cec        0x0 build/UpdateScore.o
 .text          0x00259cec       0x38 build/ReadData.o
                0x00259cec                _ReadData
 .text          0x00259d24       0xd0 build/UpdateSprites.o
 .text          0x00259df4       0x68 build/Wait.o
                0x00259df4                _Wait
                0x00259e24                WaitLong
 .text          0x00259e5c       0x34 build/WriteLatch.o
                0x00259e5c                _WriteLatch
 .text          0x00259e90       0x78 build/ReadSNES.o
                0x00259e90                _ReadSNES
 .text          0x00259f08      0x23c build/ButtonFunctions.o
                0x00259f08                BPress
                0x00259f14                YPress
                0x00259f14                SelPress
                0x00259f14                STPress
                0x00259fa8                JPUPress
                0x0025a0ac                JPLPress
                0x0025a0dc                JPRPress
                0x0025a134                APress
                0x0025a134                XPress
                0x0025a134                RBPress
                0x0025a134                LBPress
 .text          0x0025a144       0x38 build/GameLoop.o
                0x0025a148                GL
OUTPUT(build/output.elf elf32-littlearm)

.glue_7         0x0025a17c        0x0
 .glue_7        0x00000000        0x0 linker stubs

.glue_7t        0x0025a17c        0x0
 .glue_7t       0x00000000        0x0 linker stubs

.vfp11_veneer   0x0025a17c        0x0
 .vfp11_veneer  0x00000000        0x0 linker stubs

.v4_bx          0x0025a17c        0x0
 .v4_bx         0x00000000        0x0 linker stubs

.iplt           0x0025a17c        0x0
 .iplt          0x00000000        0x0 build/Main.o

.rel.dyn        0x0025a17c        0x0
 .rel.iplt      0x00000000        0x0 build/Main.o

.bss            0x0025a17c        0x0
 .bss           0x0025a17c        0x0 build/Main.o
 .bss           0x0025a17c        0x0 build/WriteClock.o
 .bss           0x0025a17c        0x0 build/framebuffer.o
 .bss           0x0025a17c        0x0 build/jtag.o
 .bss           0x0025a17c        0x0 build/drawingFunctions.o
 .bss           0x0025a17c        0x0 build/DetectCollisions.o
 .bss           0x0025a17c        0x0 build/InitAll.o
 .bss           0x0025a17c        0x0 build/UpdateScore.o
 .bss           0x0025a17c        0x0 build/ReadData.o
 .bss           0x0025a17c        0x0 build/UpdateSprites.o
 .bss           0x0025a17c        0x0 build/Wait.o
 .bss           0x0025a17c        0x0 build/WriteLatch.o
 .bss           0x0025a17c        0x0 build/ReadSNES.o
 .bss           0x0025a17c        0x0 build/ButtonFunctions.o
 .bss           0x0025a17c        0x0 build/GameLoop.o

.ARM.attributes
                0x00000000       0x29
 .ARM.attributes
                0x00000000       0x29 build/Main.o
 .ARM.attributes
                0x00000029       0x29 build/WriteClock.o
 .ARM.attributes
                0x00000052       0x29 build/framebuffer.o
 .ARM.attributes
                0x0000007b       0x29 build/jtag.o
 .ARM.attributes
                0x000000a4       0x29 build/drawingFunctions.o
 .ARM.attributes
                0x000000cd       0x29 build/DetectCollisions.o
 .ARM.attributes
                0x000000f6       0x29 build/InitAll.o
 .ARM.attributes
                0x0000011f       0x29 build/UpdateScore.o
 .ARM.attributes
                0x00000148       0x29 build/ReadData.o
 .ARM.attributes
                0x00000171       0x29 build/UpdateSprites.o
 .ARM.attributes
                0x0000019a       0x29 build/Wait.o
 .ARM.attributes
                0x000001c3       0x29 build/WriteLatch.o
 .ARM.attributes
                0x000001ec       0x29 build/ReadSNES.o
 .ARM.attributes
                0x00000215       0x29 build/ButtonFunctions.o
 .ARM.attributes
                0x0000023e       0x29 build/GameLoop.o

.debug_line     0x00000000      0x6ec
 .debug_line    0x00000000       0x63 build/Main.o
 .debug_line    0x00000063       0x4f build/WriteClock.o
 .debug_line    0x000000b2       0x67 build/framebuffer.o
 .debug_line    0x00000119       0x61 build/jtag.o
 .debug_line    0x0000017a      0x1ed build/drawingFunctions.o
 .debug_line    0x00000367       0x5e build/InitAll.o
 .debug_line    0x000003c5       0x4e build/ReadData.o
 .debug_line    0x00000413       0x8a build/UpdateSprites.o
 .debug_line    0x0000049d       0x56 build/Wait.o
 .debug_line    0x000004f3       0x4f build/WriteLatch.o
 .debug_line    0x00000542       0x5e build/ReadSNES.o
 .debug_line    0x000005a0       0xed build/ButtonFunctions.o
 .debug_line    0x0000068d       0x5f build/GameLoop.o

.debug_info     0x00000000      0x5bb
 .debug_info    0x00000000       0x69 build/Main.o
 .debug_info    0x00000069       0x73 build/WriteClock.o
 .debug_info    0x000000dc       0x74 build/framebuffer.o
 .debug_info    0x00000150       0x6d build/jtag.o
 .debug_info    0x000001bd       0x79 build/drawingFunctions.o
 .debug_info    0x00000236       0x70 build/InitAll.o
 .debug_info    0x000002a6       0x71 build/ReadData.o
 .debug_info    0x00000317       0x72 build/UpdateSprites.o
 .debug_info    0x00000389       0x6d build/Wait.o
 .debug_info    0x000003f6       0x73 build/WriteLatch.o
 .debug_info    0x00000469       0x71 build/ReadSNES.o
 .debug_info    0x000004da       0x74 build/ButtonFunctions.o
 .debug_info    0x0000054e       0x6d build/GameLoop.o

.debug_abbrev   0x00000000       0xfc
 .debug_abbrev  0x00000000       0x12 build/Main.o
 .debug_abbrev  0x00000012       0x14 build/WriteClock.o
 .debug_abbrev  0x00000026       0x14 build/framebuffer.o
 .debug_abbrev  0x0000003a       0x14 build/jtag.o
 .debug_abbrev  0x0000004e       0x14 build/drawingFunctions.o
 .debug_abbrev  0x00000062       0x14 build/InitAll.o
 .debug_abbrev  0x00000076       0x14 build/ReadData.o
 .debug_abbrev  0x0000008a       0x12 build/UpdateSprites.o
 .debug_abbrev  0x0000009c       0x14 build/Wait.o
 .debug_abbrev  0x000000b0       0x14 build/WriteLatch.o
 .debug_abbrev  0x000000c4       0x14 build/ReadSNES.o
 .debug_abbrev  0x000000d8       0x12 build/ButtonFunctions.o
 .debug_abbrev  0x000000ea       0x12 build/GameLoop.o

.debug_aranges  0x00000000      0x1c0
 .debug_aranges
                0x00000000       0x28 build/Main.o
 .debug_aranges
                0x00000028       0x20 build/WriteClock.o
 .debug_aranges
                0x00000048       0x20 build/framebuffer.o
 .debug_aranges
                0x00000068       0x20 build/jtag.o
 .debug_aranges
                0x00000088       0x20 build/drawingFunctions.o
 .debug_aranges
                0x000000a8       0x20 build/InitAll.o
 .debug_aranges
                0x000000c8       0x20 build/ReadData.o
 .debug_aranges
                0x000000e8       0x28 build/UpdateSprites.o
 .debug_aranges
                0x00000110       0x20 build/Wait.o
 .debug_aranges
                0x00000130       0x20 build/WriteLatch.o
 .debug_aranges
                0x00000150       0x20 build/ReadSNES.o
 .debug_aranges
                0x00000170       0x28 build/ButtonFunctions.o
 .debug_aranges
                0x00000198       0x28 build/GameLoop.o

.debug_ranges   0x00000000       0x80
 .debug_ranges  0x00000000       0x20 build/Main.o
 .debug_ranges  0x00000020       0x20 build/UpdateSprites.o
 .debug_ranges  0x00000040       0x20 build/ButtonFunctions.o
 .debug_ranges  0x00000060       0x20 build/GameLoop.o
