
Memory Configuration

Name             Origin             Length             Attributes
*default*        0x00000000         0xffffffff

Linker script and memory map

LOAD build/Main.o
LOAD build/Score.o
LOAD build/updateMonsters.o
LOAD build/Detect1.o
LOAD build/WriteClock.o
LOAD build/framebuffer.o
LOAD build/jtag.o
LOAD build/drawingFunctions.o
LOAD build/DetectCollisions.o
LOAD build/Detect2.o
LOAD build/ButtonFunctions.o
LOAD build/UpdateScore.o
LOAD build/StartScreen.o
LOAD build/ReadData.o
LOAD build/PauseMenu.o
LOAD build/Detect3.o
LOAD build/GameOver.o
LOAD build/Grav.o
LOAD build/InitAll.o
LOAD build/Wait.o
LOAD build/WriteLatch.o
LOAD build/WinGame.o
LOAD build/Lives.o
LOAD build/MFD.o
LOAD build/ReadSNES.o
LOAD build/UpdateSprites.o
LOAD build/GameLoop.o

.init           0x00008000      0x674
 *(.init)
 .init          0x00008000        0x4 build/Main.o
                0x00008000                _start
 .init          0x00008004       0x48 build/Score.o
                0x00008004                _Score
                0x00008008                updateScore
                0x00008024                clearScoreLives
 .init          0x0000804c        0x0 build/Detect1.o
 .init          0x0000804c        0x0 build/WriteClock.o
 .init          0x0000804c        0x0 build/Detect2.o
 .init          0x0000804c        0x4 build/ButtonFunctions.o
                0x0000804c                _ButtonFunctions
 .init          0x00008050        0x4 build/StartScreen.o
                0x00008050                _StartScreen
 .init          0x00008054        0x0 build/ReadData.o
 .init          0x00008054        0x0 build/Detect3.o
 .init          0x00008054      0x2fc build/GameOver.o
                0x00008054                _GameOver
                0x00008058                gameOverScreen
                0x00008130                gameOverRestart
 .init          0x00008350        0x0 build/Grav.o
 .init          0x00008350        0x0 build/InitAll.o
 .init          0x00008350        0x0 build/Wait.o
 .init          0x00008350        0x0 build/WriteLatch.o
 .init          0x00008350      0x2fc build/WinGame.o
                0x00008350                _WinGame
                0x00008354                WinScreen
                0x0000842c                WinRestart
 .init          0x0000864c       0x20 build/Lives.o
                0x0000864c                _Lives
                0x00008650                updateLives
 .init          0x0000866c        0x0 build/MFD.o
 .init          0x0000866c        0x0 build/ReadSNES.o
 .init          0x0000866c        0x4 build/UpdateSprites.o
                0x0000866c                _UpdateSprites
 .init          0x00008670        0x4 build/GameLoop.o
                0x00008670                _GameLoop

.data           0x00009080   0x706844
 *(.data)
 .data          0x00009080        0x9 build/Main.o
                0x00009080                buttons
                0x00009081                mariowidth
                0x00009085                marioheight
 *fill*         0x00009089        0x3 3f3f3f3f
 .data          0x0000908c     0xa9c0 build/Score.o
                0x0000908c                clearScoreLivespic
                0x0000a5c4                pic0
                0x0000bafc                pic50
                0x0000d034                pic100
                0x0000e56c                pic150
                0x0000faa4                pic200
                0x00010fdc                pic250
                0x00012514                pic300
 .data          0x00013a4c        0x0 build/updateMonsters.o
 *fill*         0x00013a4c        0x4 3f3f3f3f
 .data          0x00013a50       0x20 build/Detect1.o
                0x00013a50                state1
                0x00013a54                state2
                0x00013a58                state3
                0x00013a5c                state4
                0x00013a60                state5
                0x00013a64                floor
 .data          0x00013a70        0x0 build/WriteClock.o
 .data          0x00013a70       0x70 build/framebuffer.o
                0x00013ad0                FrameBufferPointer
 .data          0x00013ae0        0x0 build/jtag.o
 .data          0x00013ae0   0x2542c8 build/drawingFunctions.o
                0x00013ae0                mario
                0x00013aec                dragonEnemy
                0x00013afc                shellEnemy
                0x00013b08                screenNumber
                0x00013b0c                block1
                0x00013b14                block2
                0x00013b1c                block3
                0x00013b24                block4
                0x00013b2c                cblock
                0x00013b34                cblock2
                0x00013b3c                cblock3
                0x00013b44                pipe1
                0x00013b4c                pipe2
                0x00013b54                castle
                0x00013b5c                bowser
                0x00013b68                pit
                0x00013b70                playingstatus
                0x00013b74                currentSelection
                0x00013b78                currentSelectionPause
                0x00013b7c                selectcoin1
                0x00013b84                selectcoin2
                0x00013b8c                selectcoin3
                0x00013b94                selectcoin4
                0x00013b9c                lives
                0x00013ba0                score
                0x00013ba4                coins
 .data          0x00267da8        0x0 build/DetectCollisions.o
 .data          0x00267da8        0xc build/Detect2.o
                0x00267da8                topFlag
                0x00267dac                coin1State
                0x00267db0                coin2State
 .data          0x00267db4        0x0 build/ButtonFunctions.o
 .data          0x00267db4        0x0 build/UpdateScore.o
 .data          0x00267db4   0x180000 build/StartScreen.o
 .data          0x003e7db4        0x0 build/ReadData.o
 .data          0x003e7db4    0x23b64 build/PauseMenu.o
                0x003e7db4                PauseMenuLocation
 .data          0x0040b918        0x0 build/Detect3.o
 .data          0x0040b918   0x180000 build/GameOver.o
                0x0040b918                gameOverImage
 .data          0x0058b918        0x4 build/Grav.o
                0x0058b918                gravflag
 .data          0x0058b91c        0x0 build/InitAll.o
 .data          0x0058b91c        0x0 build/Wait.o
 .data          0x0058b91c        0x0 build/WriteLatch.o
 .data          0x0058b91c   0x180000 build/WinGame.o
                0x0058b91c                winImage
 .data          0x0070b91c     0x3fa8 build/Lives.o
                0x0070b91c                life1
                0x0070ce54                life2
                0x0070e38c                life3
 .data          0x0070f8c4        0x0 build/MFD.o
 .data          0x0070f8c4        0x0 build/ReadSNES.o
 .data          0x0070f8c4        0x0 build/UpdateSprites.o
 .data          0x0070f8c4        0x0 build/GameLoop.o
 *.c.o(*)

.igot.plt       0x0070f8c4        0x0
 .igot.plt      0x00000000        0x0 build/Main.o

.text           0x0070f8c4     0x2db8
 *.c.o(.text)
 *(.text)
 .text          0x0070f8c4       0x64 build/Main.o
                0x0070f90c                nG
                0x0070f918                hang
 .text          0x0070f928        0x0 build/Score.o
 .text          0x0070f928      0x1c8 build/updateMonsters.o
                0x0070f928                updateMonsters
 .text          0x0070faf0      0x6bc build/Detect1.o
                0x0070faf0                Detect1
 .text          0x007101ac       0x34 build/WriteClock.o
                0x007101ac                _WriteClock
 .text          0x007101e0       0x80 build/framebuffer.o
                0x007101e0                InitFrameBuffer
 .text          0x00710260       0x8c build/jtag.o
                0x00710260                EnableJTAG
 .text          0x007102ec      0xb20 build/drawingFunctions.o
                0x007102ec                initialscreen
                0x00710388                initializeBackground
                0x007103c4                drawMario
                0x00710420                clearMario
                0x00710454                drawCloud
                0x00710478                drawBlock
                0x0071049c                drawCoinBlock
                0x007104c0                drawPipe
                0x007104e4                drawDragon
                0x00710508                drawShell
                0x0071052c                drawCastle
                0x00710550                drawPit
                0x00710574                drawBowser
                0x00710598                drawScore
                0x00710608                drawLives
                0x00710650                drawgameOver
                0x0071067c                drawWin
                0x007106a8                clearBowser
                0x007106cc                clearCastle
                0x007106f0                clearBox
                0x00710714                clearDragon
                0x00710738                clearPipe
                0x0071075c                clearShell
                0x00710780                drawselectCoin
                0x007107a4                clearselectCoin
                0x007107c8                drawPauseSelectCoin
                0x007107ec                clearPauseSelectCoinGreen
                0x00710810                clearPauseSelectCoinBlue
                0x00710834                drawPicture
                0x007108b0                updateScreenRight
                0x007108d4                updateScreenLeft
                0x007108f8                clear1draw2
                0x00710964                clear2draw3
                0x007109e4                initializeScreenTwo
                0x00710a7c                initializeScreenThree
                0x00710aec                clear3draw2
                0x00710b70                clear2draw1
 .text          0x00710e0c        0x0 build/DetectCollisions.o
 .text          0x00710e0c      0x50c build/Detect2.o
                0x00710e0c                Detect2
 .text          0x00711318      0x32c build/ButtonFunctions.o
                0x00711318                BPress
                0x00711324                YPress
                0x00711324                SelPress
                0x00711324                STPress
                0x00711378                JPUPress
                0x0071141c                UpRightPress
                0x007114a4                UpLeftPress
                0x0071151c                JPLPress
                0x00711594                JPRPress
                0x0071161c                APress
                0x0071161c                XPress
                0x00711620                LBPress
                0x00711624                RBPress
 .text          0x00711644        0x0 build/UpdateScore.o
 .text          0x00711644      0x130 build/StartScreen.o
 .text          0x00711774       0x38 build/ReadData.o
                0x00711774                _ReadData
 .text          0x007117ac      0x4dc build/PauseMenu.o
                0x007117ac                PauseMenu
                0x007118a0                restart
                0x00711b80                drawPauseMenu
                0x00711ba4                ClearMenu
 .text          0x00711c88      0x48c build/Detect3.o
                0x00711c88                Detect3
 .text          0x00712114        0x0 build/GameOver.o
 .text          0x00712114       0xd0 build/Grav.o
                0x00712114                Grav
 .text          0x007121e4       0x74 build/InitAll.o
                0x007121e4                _InitAll
 .text          0x00712258       0x68 build/Wait.o
                0x00712258                _Wait
                0x00712288                WaitLong
 .text          0x007122c0       0x34 build/WriteLatch.o
                0x007122c0                _WriteLatch
 .text          0x007122f4        0x0 build/WinGame.o
 .text          0x007122f4        0x0 build/Lives.o
 .text          0x007122f4      0x1cc build/MFD.o
                0x007122f4                marioFallDown
 .text          0x007124c0       0xb4 build/ReadSNES.o
                0x007124c0                _ReadSNES
 .text          0x00712574       0xd0 build/UpdateSprites.o
 .text          0x00712644       0x38 build/GameLoop.o
                0x00712648                GL
OUTPUT(build/output.elf elf32-littlearm)

.glue_7         0x0071267c        0x0
 .glue_7        0x00000000        0x0 linker stubs

.glue_7t        0x0071267c        0x0
 .glue_7t       0x00000000        0x0 linker stubs

.vfp11_veneer   0x0071267c        0x0
 .vfp11_veneer  0x00000000        0x0 linker stubs

.v4_bx          0x0071267c        0x0
 .v4_bx         0x00000000        0x0 linker stubs

.iplt           0x0071267c        0x0
 .iplt          0x00000000        0x0 build/Main.o

.rel.dyn        0x0071267c        0x0
 .rel.iplt      0x00000000        0x0 build/Main.o

.bss            0x0071267c        0x0
 .bss           0x0071267c        0x0 build/Main.o
 .bss           0x0071267c        0x0 build/Score.o
 .bss           0x0071267c        0x0 build/updateMonsters.o
 .bss           0x0071267c        0x0 build/Detect1.o
 .bss           0x0071267c        0x0 build/WriteClock.o
 .bss           0x0071267c        0x0 build/framebuffer.o
 .bss           0x0071267c        0x0 build/jtag.o
 .bss           0x0071267c        0x0 build/drawingFunctions.o
 .bss           0x0071267c        0x0 build/DetectCollisions.o
 .bss           0x0071267c        0x0 build/Detect2.o
 .bss           0x0071267c        0x0 build/ButtonFunctions.o
 .bss           0x0071267c        0x0 build/UpdateScore.o
 .bss           0x0071267c        0x0 build/StartScreen.o
 .bss           0x0071267c        0x0 build/ReadData.o
 .bss           0x0071267c        0x0 build/PauseMenu.o
 .bss           0x0071267c        0x0 build/Detect3.o
 .bss           0x0071267c        0x0 build/GameOver.o
 .bss           0x0071267c        0x0 build/Grav.o
 .bss           0x0071267c        0x0 build/InitAll.o
 .bss           0x0071267c        0x0 build/Wait.o
 .bss           0x0071267c        0x0 build/WriteLatch.o
 .bss           0x0071267c        0x0 build/WinGame.o
 .bss           0x0071267c        0x0 build/Lives.o
 .bss           0x0071267c        0x0 build/MFD.o
 .bss           0x0071267c        0x0 build/ReadSNES.o
 .bss           0x0071267c        0x0 build/UpdateSprites.o
 .bss           0x0071267c        0x0 build/GameLoop.o

.ARM.attributes
                0x00000000       0x29
 .ARM.attributes
                0x00000000       0x29 build/Main.o
 .ARM.attributes
                0x00000029       0x29 build/Score.o
 .ARM.attributes
                0x00000052       0x29 build/updateMonsters.o
 .ARM.attributes
                0x0000007b       0x29 build/Detect1.o
 .ARM.attributes
                0x000000a4       0x29 build/WriteClock.o
 .ARM.attributes
                0x000000cd       0x29 build/framebuffer.o
 .ARM.attributes
                0x000000f6       0x29 build/jtag.o
 .ARM.attributes
                0x0000011f       0x29 build/drawingFunctions.o
 .ARM.attributes
                0x00000148       0x29 build/DetectCollisions.o
 .ARM.attributes
                0x00000171       0x29 build/Detect2.o
 .ARM.attributes
                0x0000019a       0x29 build/ButtonFunctions.o
 .ARM.attributes
                0x000001c3       0x29 build/UpdateScore.o
 .ARM.attributes
                0x000001ec       0x29 build/StartScreen.o
 .ARM.attributes
                0x00000215       0x29 build/ReadData.o
 .ARM.attributes
                0x0000023e       0x29 build/PauseMenu.o
 .ARM.attributes
                0x00000267       0x29 build/Detect3.o
 .ARM.attributes
                0x00000290       0x29 build/GameOver.o
 .ARM.attributes
                0x000002b9       0x29 build/Grav.o
 .ARM.attributes
                0x000002e2       0x29 build/InitAll.o
 .ARM.attributes
                0x0000030b       0x29 build/Wait.o
 .ARM.attributes
                0x00000334       0x29 build/WriteLatch.o
 .ARM.attributes
                0x0000035d       0x29 build/WinGame.o
 .ARM.attributes
                0x00000386       0x29 build/Lives.o
 .ARM.attributes
                0x000003af       0x29 build/MFD.o
 .ARM.attributes
                0x000003d8       0x29 build/ReadSNES.o
 .ARM.attributes
                0x00000401       0x29 build/UpdateSprites.o
 .ARM.attributes
                0x0000042a       0x29 build/GameLoop.o

.debug_line     0x00000000     0x1483
 .debug_line    0x00000000       0x64 build/Main.o
 .debug_line    0x00000064       0x4f build/Score.o
 .debug_line    0x000000b3       0xc1 build/updateMonsters.o
 .debug_line    0x00000174      0x20c build/Detect1.o
 .debug_line    0x00000380       0x4f build/WriteClock.o
 .debug_line    0x000003cf       0x67 build/framebuffer.o
 .debug_line    0x00000436       0x61 build/jtag.o
 .debug_line    0x00000497      0x35f build/drawingFunctions.o
 .debug_line    0x000007f6      0x19f build/Detect2.o
 .debug_line    0x00000995      0x130 build/ButtonFunctions.o
 .debug_line    0x00000ac5       0x9f build/StartScreen.o
 .debug_line    0x00000b64       0x4e build/ReadData.o
 .debug_line    0x00000bb2      0x188 build/PauseMenu.o
 .debug_line    0x00000d3a      0x17f build/Detect3.o
 .debug_line    0x00000eb9      0x105 build/GameOver.o
 .debug_line    0x00000fbe       0x72 build/Grav.o
 .debug_line    0x00001030       0x5e build/InitAll.o
 .debug_line    0x0000108e       0x56 build/Wait.o
 .debug_line    0x000010e4       0x4f build/WriteLatch.o
 .debug_line    0x00001133      0x104 build/WinGame.o
 .debug_line    0x00001237       0x43 build/Lives.o
 .debug_line    0x0000127a       0xb5 build/MFD.o
 .debug_line    0x0000132f       0x6f build/ReadSNES.o
 .debug_line    0x0000139e       0x86 build/UpdateSprites.o
 .debug_line    0x00001424       0x5f build/GameLoop.o

.debug_info     0x00000000      0x9a5
 .debug_info    0x00000000       0x58 build/Main.o
 .debug_info    0x00000058       0x64 build/Score.o
 .debug_info    0x000000bc       0x6d build/updateMonsters.o
 .debug_info    0x00000129       0x66 build/Detect1.o
 .debug_info    0x0000018f       0x62 build/WriteClock.o
 .debug_info    0x000001f1       0x63 build/framebuffer.o
 .debug_info    0x00000254       0x5c build/jtag.o
 .debug_info    0x000002b0       0x6f build/drawingFunctions.o
 .debug_info    0x0000031f       0x66 build/Detect2.o
 .debug_info    0x00000385       0x6a build/ButtonFunctions.o
 .debug_info    0x000003ef       0x5f build/StartScreen.o
 .debug_info    0x0000044e       0x60 build/ReadData.o
 .debug_info    0x000004ae       0x68 build/PauseMenu.o
 .debug_info    0x00000516       0x66 build/Detect3.o
 .debug_info    0x0000057c       0x67 build/GameOver.o
 .debug_info    0x000005e3       0x63 build/Grav.o
 .debug_info    0x00000646       0x5f build/InitAll.o
 .debug_info    0x000006a5       0x5c build/Wait.o
 .debug_info    0x00000701       0x62 build/WriteLatch.o
 .debug_info    0x00000763       0x66 build/WinGame.o
 .debug_info    0x000007c9       0x64 build/Lives.o
 .debug_info    0x0000082d       0x5b build/MFD.o
 .debug_info    0x00000888       0x60 build/ReadSNES.o
 .debug_info    0x000008e8       0x61 build/UpdateSprites.o
 .debug_info    0x00000949       0x5c build/GameLoop.o

.debug_abbrev   0x00000000      0x1ea
 .debug_abbrev  0x00000000       0x12 build/Main.o
 .debug_abbrev  0x00000012       0x14 build/Score.o
 .debug_abbrev  0x00000026       0x14 build/updateMonsters.o
 .debug_abbrev  0x0000003a       0x14 build/Detect1.o
 .debug_abbrev  0x0000004e       0x14 build/WriteClock.o
 .debug_abbrev  0x00000062       0x14 build/framebuffer.o
 .debug_abbrev  0x00000076       0x14 build/jtag.o
 .debug_abbrev  0x0000008a       0x14 build/drawingFunctions.o
 .debug_abbrev  0x0000009e       0x14 build/Detect2.o
 .debug_abbrev  0x000000b2       0x12 build/ButtonFunctions.o
 .debug_abbrev  0x000000c4       0x12 build/StartScreen.o
 .debug_abbrev  0x000000d6       0x14 build/ReadData.o
 .debug_abbrev  0x000000ea       0x14 build/PauseMenu.o
 .debug_abbrev  0x000000fe       0x14 build/Detect3.o
 .debug_abbrev  0x00000112       0x14 build/GameOver.o
 .debug_abbrev  0x00000126       0x14 build/Grav.o
 .debug_abbrev  0x0000013a       0x14 build/InitAll.o
 .debug_abbrev  0x0000014e       0x14 build/Wait.o
 .debug_abbrev  0x00000162       0x14 build/WriteLatch.o
 .debug_abbrev  0x00000176       0x14 build/WinGame.o
 .debug_abbrev  0x0000018a       0x14 build/Lives.o
 .debug_abbrev  0x0000019e       0x14 build/MFD.o
 .debug_abbrev  0x000001b2       0x14 build/ReadSNES.o
 .debug_abbrev  0x000001c6       0x12 build/UpdateSprites.o
 .debug_abbrev  0x000001d8       0x12 build/GameLoop.o

.debug_aranges  0x00000000      0x348
 .debug_aranges
                0x00000000       0x28 build/Main.o
 .debug_aranges
                0x00000028       0x20 build/Score.o
 .debug_aranges
                0x00000048       0x20 build/updateMonsters.o
 .debug_aranges
                0x00000068       0x20 build/Detect1.o
 .debug_aranges
                0x00000088       0x20 build/WriteClock.o
 .debug_aranges
                0x000000a8       0x20 build/framebuffer.o
 .debug_aranges
                0x000000c8       0x20 build/jtag.o
 .debug_aranges
                0x000000e8       0x20 build/drawingFunctions.o
 .debug_aranges
                0x00000108       0x20 build/Detect2.o
 .debug_aranges
                0x00000128       0x28 build/ButtonFunctions.o
 .debug_aranges
                0x00000150       0x28 build/StartScreen.o
 .debug_aranges
                0x00000178       0x20 build/ReadData.o
 .debug_aranges
                0x00000198       0x20 build/PauseMenu.o
 .debug_aranges
                0x000001b8       0x20 build/Detect3.o
 .debug_aranges
                0x000001d8       0x20 build/GameOver.o
 .debug_aranges
                0x000001f8       0x20 build/Grav.o
 .debug_aranges
                0x00000218       0x20 build/InitAll.o
 .debug_aranges
                0x00000238       0x20 build/Wait.o
 .debug_aranges
                0x00000258       0x20 build/WriteLatch.o
 .debug_aranges
                0x00000278       0x20 build/WinGame.o
 .debug_aranges
                0x00000298       0x20 build/Lives.o
 .debug_aranges
                0x000002b8       0x20 build/MFD.o
 .debug_aranges
                0x000002d8       0x20 build/ReadSNES.o
 .debug_aranges
                0x000002f8       0x28 build/UpdateSprites.o
 .debug_aranges
                0x00000320       0x28 build/GameLoop.o

.debug_ranges   0x00000000       0xa0
 .debug_ranges  0x00000000       0x20 build/Main.o
 .debug_ranges  0x00000020       0x20 build/ButtonFunctions.o
 .debug_ranges  0x00000040       0x20 build/StartScreen.o
 .debug_ranges  0x00000060       0x20 build/UpdateSprites.o
 .debug_ranges  0x00000080       0x20 build/GameLoop.o
