
Memory Configuration

Name             Origin             Length             Attributes
*default*        0x00000000         0xffffffff

Linker script and memory map

LOAD build/Main.o
LOAD build/Score.o
LOAD build/updateMonsters.o
LOAD build/Detect1.o
LOAD build/WriteClock.o
LOAD build/framebuffer.o
LOAD build/jtag.o
LOAD build/drawingFunctions.o
LOAD build/DetectCollisions.o
LOAD build/Detect2.o
LOAD build/ButtonFunctions.o
LOAD build/UpdateScore.o
LOAD build/StartScreen.o
LOAD build/ReadData.o
LOAD build/test.o
LOAD build/PauseMenu.o
LOAD build/Detect3.o
LOAD build/GameOver.o
LOAD build/Grav.o
LOAD build/InitAll.o
LOAD build/Wait.o
LOAD build/WriteLatch.o
LOAD build/InterruptData.o
LOAD build/WinGame.o
LOAD build/Lives.o
LOAD build/MFD.o
LOAD build/ReadSNES.o
LOAD build/UpdateSprites.o
LOAD build/GameLoop.o

.init           0x00008000      0x73c
 *(.init)
 .init          0x00008000        0x4 build/Main.o
                0x00008000                _start
 .init          0x00008004       0x48 build/Score.o
                0x00008004                _Score
                0x00008008                updateScore
                0x00008024                clearScoreLives
 .init          0x0000804c        0x0 build/Detect1.o
 .init          0x0000804c        0x0 build/WriteClock.o
 .init          0x0000804c        0x0 build/Detect2.o
 .init          0x0000804c        0x4 build/ButtonFunctions.o
                0x0000804c                _ButtonFunctions
 .init          0x00008050        0x4 build/StartScreen.o
                0x00008050                _StartScreen
 .init          0x00008054        0x0 build/ReadData.o
 .init          0x00008054        0x0 build/Detect3.o
 .init          0x00008054      0x35c build/GameOver.o
                0x00008054                _GameOver
                0x00008058                gameOverScreen
                0x00008130                gameOverRestart
 .init          0x000083b0        0x0 build/Grav.o
 .init          0x000083b0        0x0 build/InitAll.o
 .init          0x000083b0        0x0 build/Wait.o
 .init          0x000083b0        0x0 build/WriteLatch.o
 .init          0x000083b0      0x364 build/WinGame.o
                0x000083b0                _WinGame
                0x000083b4                WinScreen
                0x0000848c                WinRestart
 .init          0x00008714       0x20 build/Lives.o
                0x00008714                _Lives
                0x00008718                updateLives
 .init          0x00008734        0x0 build/MFD.o
 .init          0x00008734        0x0 build/ReadSNES.o
 .init          0x00008734        0x4 build/UpdateSprites.o
                0x00008734                _UpdateSprites
 .init          0x00008738        0x4 build/GameLoop.o
                0x00008738                _GameLoop

.data           0x00009080   0x74ad10
 *(.data)
 .data          0x00009080        0x9 build/Main.o
                0x00009080                buttons
                0x00009081                mariowidth
                0x00009085                marioheight
 *fill*         0x00009089        0x3 3f3f3f3f
 .data          0x0000908c     0xa9c0 build/Score.o
                0x0000908c                clearScoreLivespic
                0x0000a5c4                pic0
                0x0000bafc                pic50
                0x0000d034                pic100
                0x0000e56c                pic150
                0x0000faa4                pic200
                0x00010fdc                pic250
                0x00012514                pic300
 .data          0x00013a4c        0x0 build/updateMonsters.o
 *fill*         0x00013a4c        0x4 3f3f3f3f
 .data          0x00013a50       0x20 build/Detect1.o
                0x00013a50                state1
                0x00013a54                state2
                0x00013a58                state3
                0x00013a5c                state4
                0x00013a60                state5
                0x00013a64                floor
 .data          0x00013a70        0x0 build/WriteClock.o
 .data          0x00013a70       0x70 build/framebuffer.o
                0x00013ad0                FrameBufferPointer
 .data          0x00013ae0        0x0 build/jtag.o
 .data          0x00013ae0   0x298754 build/drawingFunctions.o
                0x00013ae0                mario
                0x00013aec                valuePack
                0x00013af8                dragonEnemy
                0x00013b08                shellEnemy
                0x00013b14                screenNumber
                0x00013b18                block1
                0x00013b20                block2
                0x00013b28                block3
                0x00013b30                block4
                0x00013b38                cblock
                0x00013b40                cblock2
                0x00013b48                cblock3
                0x00013b50                pipe1
                0x00013b58                pipe2
                0x00013b60                castle
                0x00013b68                bowser
                0x00013b74                pit
                0x00013b7c                playingstatus
                0x00013b80                currentSelection
                0x00013b84                currentSelectionPause
                0x00013b88                selectcoin1
                0x00013b90                selectcoin2
                0x00013b98                selectcoin3
                0x00013ba0                selectcoin4
                0x00013ba8                lives
                0x00013bac                score
                0x00013bb0                coins
 .data          0x002ac234        0x0 build/DetectCollisions.o
 .data          0x002ac234        0xc build/Detect2.o
                0x002ac234                topFlag
                0x002ac238                coin1State
                0x002ac23c                coin2State
 .data          0x002ac240        0x0 build/ButtonFunctions.o
 .data          0x002ac240        0x0 build/UpdateScore.o
 .data          0x002ac240   0x180000 build/StartScreen.o
 .data          0x0042c240        0x0 build/ReadData.o
 .data          0x0042c240   0x180000 build/test.o
                0x0042c240                gameOverImage
 .data          0x005ac240    0x23b68 build/PauseMenu.o
                0x005ac240                pauseState
                0x005ac244                PauseMenuLocation
 .data          0x005cfda8        0x0 build/Detect3.o
 .data          0x005cfda8        0x0 build/GameOver.o
 .data          0x005cfda8        0x4 build/Grav.o
                0x005cfda8                gravflag
 .data          0x005cfdac        0x0 build/InitAll.o
 .data          0x005cfdac        0x0 build/Wait.o
 .data          0x005cfdac        0x0 build/WriteLatch.o
 .data          0x005cfdac       0x3c build/InterruptData.o
                0x005cfdac                IntTable
 .data          0x005cfde8   0x180000 build/WinGame.o
                0x005cfde8                winImage
 .data          0x0074fde8     0x3fa8 build/Lives.o
                0x0074fde8                life1
                0x00751320                life2
                0x00752858                life3
 .data          0x00753d90        0x0 build/MFD.o
 .data          0x00753d90        0x0 build/ReadSNES.o
 .data          0x00753d90        0x0 build/UpdateSprites.o
 .data          0x00753d90        0x0 build/GameLoop.o
 *.c.o(*)

.igot.plt       0x00753d90        0x0
 .igot.plt      0x00000000        0x0 build/Main.o

.text           0x00753d90     0x3010
 *.c.o(.text)
 *(.text)
 .text          0x00753d90       0x24 build/Main.o
                0x00753da4                nG
                0x00753db0                hang
 .text          0x00753db4        0x0 build/Score.o
 .text          0x00753db4      0x22c build/updateMonsters.o
                0x00753db4                updateMonsters
 .text          0x00753fe0      0x714 build/Detect1.o
                0x00753fe0                Detect1
 .text          0x007546f4       0x34 build/WriteClock.o
                0x007546f4                _WriteClock
 .text          0x00754728       0x80 build/framebuffer.o
                0x00754728                InitFrameBuffer
 .text          0x007547a8       0x8c build/jtag.o
                0x007547a8                EnableJTAG
 .text          0x00754834      0xb90 build/drawingFunctions.o
                0x00754834                initialscreen
                0x007548dc                initializeBackground
                0x00754918                drawMario
                0x00754974                clearMario
                0x007549a8                drawCloud
                0x007549cc                drawValuePack
                0x007549f8                clearValuePack
                0x00754a24                drawBlock
                0x00754a48                drawCoinBlock
                0x00754a6c                drawPipe
                0x00754a90                drawDragon
                0x00754ab4                drawShell
                0x00754ad8                drawCastle
                0x00754afc                drawPit
                0x00754b20                drawBowser
                0x00754b44                drawScore
                0x00754bb4                drawLives
                0x00754bfc                drawgameOver
                0x00754c28                drawWin
                0x00754c54                clearBowser
                0x00754c78                clearCastle
                0x00754c9c                clearBox
                0x00754cc0                clearDragon
                0x00754ce4                clearPipe
                0x00754d08                clearShell
                0x00754d2c                drawselectCoin
                0x00754d50                clearselectCoin
                0x00754d74                drawPauseSelectCoin
                0x00754d98                clearPauseSelectCoinGreen
                0x00754dbc                clearPauseSelectCoinBlue
                0x00754de0                drawPicture
                0x00754e5c                updateScreenRight
                0x00754e80                updateScreenLeft
                0x00754ea4                clear1draw2
                0x00754f10                clear2draw3
                0x00754f90                initializeScreenTwo
                0x00755028                initializeScreenThree
                0x00755098                clear3draw2
                0x0075511c                clear2draw1
 .text          0x007553c4        0x0 build/DetectCollisions.o
 .text          0x007553c4      0x570 build/Detect2.o
                0x007553c4                Detect2
 .text          0x00755934      0x2e4 build/ButtonFunctions.o
                0x00755934                BPress
                0x00755938                YPress
                0x0075593c                SelPress
                0x0075593c                STPress
                0x0075594c                JPUPress
                0x007559f0                UpRightPress
                0x00755a78                UpLeftPress
                0x00755af0                JPLPress
                0x00755b68                JPRPress
                0x00755bf0                APress
                0x00755bf0                XPress
                0x00755bf4                LBPress
                0x00755bf8                RBPress
 .text          0x00755c18        0x0 build/UpdateScore.o
 .text          0x00755c18      0x130 build/StartScreen.o
 .text          0x00755d48       0x38 build/ReadData.o
                0x00755d48                _ReadData
 .text          0x00755d80        0x0 build/test.o
 .text          0x00755d80      0x4a4 build/PauseMenu.o
                0x00755d80                PauseMenu
                0x00755e20                restart
                0x00756118                drawPauseMenu
                0x0075613c                ClearMenu
 .text          0x00756224      0x4e4 build/Detect3.o
                0x00756224                Detect3
 .text          0x00756708        0x0 build/GameOver.o
 .text          0x00756708       0xd0 build/Grav.o
                0x00756708                Grav
 .text          0x007567d8       0x74 build/InitAll.o
                0x007567d8                _InitAll
 .text          0x0075684c       0x68 build/Wait.o
                0x0075684c                _Wait
                0x0075687c                WaitLong
 .text          0x007568b4       0x34 build/WriteLatch.o
                0x007568b4                _WriteLatch
 .text          0x007568e8      0x12c build/InterruptData.o
                0x007568e8                InstallIntTable
                0x0075691c                Something
                0x00756964                irq
 .text          0x00756a14        0x0 build/WinGame.o
 .text          0x00756a14        0x0 build/Lives.o
 .text          0x00756a14      0x1cc build/MFD.o
                0x00756a14                marioFallDown
 .text          0x00756be0       0xb4 build/ReadSNES.o
                0x00756be0                _ReadSNES
 .text          0x00756c94       0xd4 build/UpdateSprites.o
 .text          0x00756d68       0x38 build/GameLoop.o
                0x00756d6c                GL
OUTPUT(build/output.elf elf32-littlearm)

.glue_7         0x00756da0        0x0
 .glue_7        0x00000000        0x0 linker stubs

.glue_7t        0x00756da0        0x0
 .glue_7t       0x00000000        0x0 linker stubs

.vfp11_veneer   0x00756da0        0x0
 .vfp11_veneer  0x00000000        0x0 linker stubs

.v4_bx          0x00756da0        0x0
 .v4_bx         0x00000000        0x0 linker stubs

.iplt           0x00756da0        0x0
 .iplt          0x00000000        0x0 build/Main.o

.rel.dyn        0x00756da0        0x0
 .rel.iplt      0x00000000        0x0 build/Main.o

.bss            0x00756da0        0x0
 .bss           0x00756da0        0x0 build/Main.o
 .bss           0x00756da0        0x0 build/Score.o
 .bss           0x00756da0        0x0 build/updateMonsters.o
 .bss           0x00756da0        0x0 build/Detect1.o
 .bss           0x00756da0        0x0 build/WriteClock.o
 .bss           0x00756da0        0x0 build/framebuffer.o
 .bss           0x00756da0        0x0 build/jtag.o
 .bss           0x00756da0        0x0 build/drawingFunctions.o
 .bss           0x00756da0        0x0 build/DetectCollisions.o
 .bss           0x00756da0        0x0 build/Detect2.o
 .bss           0x00756da0        0x0 build/ButtonFunctions.o
 .bss           0x00756da0        0x0 build/UpdateScore.o
 .bss           0x00756da0        0x0 build/StartScreen.o
 .bss           0x00756da0        0x0 build/ReadData.o
 .bss           0x00756da0        0x0 build/test.o
 .bss           0x00756da0        0x0 build/PauseMenu.o
 .bss           0x00756da0        0x0 build/Detect3.o
 .bss           0x00756da0        0x0 build/GameOver.o
 .bss           0x00756da0        0x0 build/Grav.o
 .bss           0x00756da0        0x0 build/InitAll.o
 .bss           0x00756da0        0x0 build/Wait.o
 .bss           0x00756da0        0x0 build/WriteLatch.o
 .bss           0x00756da0        0x0 build/InterruptData.o
 .bss           0x00756da0        0x0 build/WinGame.o
 .bss           0x00756da0        0x0 build/Lives.o
 .bss           0x00756da0        0x0 build/MFD.o
 .bss           0x00756da0        0x0 build/ReadSNES.o
 .bss           0x00756da0        0x0 build/UpdateSprites.o
 .bss           0x00756da0        0x0 build/GameLoop.o

.ARM.attributes
                0x00000000       0x29
 .ARM.attributes
                0x00000000       0x29 build/Main.o
 .ARM.attributes
                0x00000029       0x29 build/Score.o
 .ARM.attributes
                0x00000052       0x29 build/updateMonsters.o
 .ARM.attributes
                0x0000007b       0x29 build/Detect1.o
 .ARM.attributes
                0x000000a4       0x29 build/WriteClock.o
 .ARM.attributes
                0x000000cd       0x29 build/framebuffer.o
 .ARM.attributes
                0x000000f6       0x29 build/jtag.o
 .ARM.attributes
                0x0000011f       0x29 build/drawingFunctions.o
 .ARM.attributes
                0x00000148       0x29 build/DetectCollisions.o
 .ARM.attributes
                0x00000171       0x29 build/Detect2.o
 .ARM.attributes
                0x0000019a       0x29 build/ButtonFunctions.o
 .ARM.attributes
                0x000001c3       0x29 build/UpdateScore.o
 .ARM.attributes
                0x000001ec       0x29 build/StartScreen.o
 .ARM.attributes
                0x00000215       0x29 build/ReadData.o
 .ARM.attributes
                0x0000023e       0x29 build/test.o
 .ARM.attributes
                0x00000267       0x29 build/PauseMenu.o
 .ARM.attributes
                0x00000290       0x29 build/Detect3.o
 .ARM.attributes
                0x000002b9       0x29 build/GameOver.o
 .ARM.attributes
                0x000002e2       0x29 build/Grav.o
 .ARM.attributes
                0x0000030b       0x29 build/InitAll.o
 .ARM.attributes
                0x00000334       0x29 build/Wait.o
 .ARM.attributes
                0x0000035d       0x29 build/WriteLatch.o
 .ARM.attributes
                0x00000386       0x29 build/InterruptData.o
 .ARM.attributes
                0x000003af       0x29 build/WinGame.o
 .ARM.attributes
                0x000003d8       0x29 build/Lives.o
 .ARM.attributes
                0x00000401       0x29 build/MFD.o
 .ARM.attributes
                0x0000042a       0x29 build/ReadSNES.o
 .ARM.attributes
                0x00000453       0x29 build/UpdateSprites.o
 .ARM.attributes
                0x0000047c       0x29 build/GameLoop.o

.debug_line     0x00000000     0x15aa
 .debug_line    0x00000000       0x50 build/Main.o
 .debug_line    0x00000050       0x4f build/Score.o
 .debug_line    0x0000009f       0xda build/updateMonsters.o
 .debug_line    0x00000179      0x220 build/Detect1.o
 .debug_line    0x00000399       0x4f build/WriteClock.o
 .debug_line    0x000003e8       0x67 build/framebuffer.o
 .debug_line    0x0000044f       0x61 build/jtag.o
 .debug_line    0x000004b0      0x381 build/drawingFunctions.o
 .debug_line    0x00000831      0x1b6 build/Detect2.o
 .debug_line    0x000009e7      0x11c build/ButtonFunctions.o
 .debug_line    0x00000b03       0x9f build/StartScreen.o
 .debug_line    0x00000ba2       0x4e build/ReadData.o
 .debug_line    0x00000bf0      0x178 build/PauseMenu.o
 .debug_line    0x00000d68      0x197 build/Detect3.o
 .debug_line    0x00000eff      0x11d build/GameOver.o
 .debug_line    0x0000101c       0x72 build/Grav.o
 .debug_line    0x0000108e       0x5e build/InitAll.o
 .debug_line    0x000010ec       0x56 build/Wait.o
 .debug_line    0x00001142       0x4f build/WriteLatch.o
 .debug_line    0x00001191       0xae build/InterruptData.o
 .debug_line    0x0000123f      0x11e build/WinGame.o
 .debug_line    0x0000135d       0x43 build/Lives.o
 .debug_line    0x000013a0       0xb5 build/MFD.o
 .debug_line    0x00001455       0x6f build/ReadSNES.o
 .debug_line    0x000014c4       0x87 build/UpdateSprites.o
 .debug_line    0x0000154b       0x5f build/GameLoop.o

.debug_info     0x00000000      0xa1b
 .debug_info    0x00000000       0x5f build/Main.o
 .debug_info    0x0000005f       0x64 build/Score.o
 .debug_info    0x000000c3       0x6d build/updateMonsters.o
 .debug_info    0x00000130       0x66 build/Detect1.o
 .debug_info    0x00000196       0x62 build/WriteClock.o
 .debug_info    0x000001f8       0x63 build/framebuffer.o
 .debug_info    0x0000025b       0x5c build/jtag.o
 .debug_info    0x000002b7       0x6f build/drawingFunctions.o
 .debug_info    0x00000326       0x66 build/Detect2.o
 .debug_info    0x0000038c       0x6a build/ButtonFunctions.o
 .debug_info    0x000003f6       0x5f build/StartScreen.o
 .debug_info    0x00000455       0x60 build/ReadData.o
 .debug_info    0x000004b5       0x68 build/PauseMenu.o
 .debug_info    0x0000051d       0x66 build/Detect3.o
 .debug_info    0x00000583       0x67 build/GameOver.o
 .debug_info    0x000005ea       0x63 build/Grav.o
 .debug_info    0x0000064d       0x5f build/InitAll.o
 .debug_info    0x000006ac       0x5c build/Wait.o
 .debug_info    0x00000708       0x62 build/WriteLatch.o
 .debug_info    0x0000076a       0x68 build/InterruptData.o
 .debug_info    0x000007d2       0x66 build/WinGame.o
 .debug_info    0x00000838       0x64 build/Lives.o
 .debug_info    0x0000089c       0x5b build/MFD.o
 .debug_info    0x000008f7       0x60 build/ReadSNES.o
 .debug_info    0x00000957       0x68 build/UpdateSprites.o
 .debug_info    0x000009bf       0x5c build/GameLoop.o

.debug_abbrev   0x00000000      0x1fc
 .debug_abbrev  0x00000000       0x12 build/Main.o
 .debug_abbrev  0x00000012       0x14 build/Score.o
 .debug_abbrev  0x00000026       0x14 build/updateMonsters.o
 .debug_abbrev  0x0000003a       0x14 build/Detect1.o
 .debug_abbrev  0x0000004e       0x14 build/WriteClock.o
 .debug_abbrev  0x00000062       0x14 build/framebuffer.o
 .debug_abbrev  0x00000076       0x14 build/jtag.o
 .debug_abbrev  0x0000008a       0x14 build/drawingFunctions.o
 .debug_abbrev  0x0000009e       0x14 build/Detect2.o
 .debug_abbrev  0x000000b2       0x12 build/ButtonFunctions.o
 .debug_abbrev  0x000000c4       0x12 build/StartScreen.o
 .debug_abbrev  0x000000d6       0x14 build/ReadData.o
 .debug_abbrev  0x000000ea       0x14 build/PauseMenu.o
 .debug_abbrev  0x000000fe       0x14 build/Detect3.o
 .debug_abbrev  0x00000112       0x14 build/GameOver.o
 .debug_abbrev  0x00000126       0x14 build/Grav.o
 .debug_abbrev  0x0000013a       0x14 build/InitAll.o
 .debug_abbrev  0x0000014e       0x14 build/Wait.o
 .debug_abbrev  0x00000162       0x14 build/WriteLatch.o
 .debug_abbrev  0x00000176       0x12 build/InterruptData.o
 .debug_abbrev  0x00000188       0x14 build/WinGame.o
 .debug_abbrev  0x0000019c       0x14 build/Lives.o
 .debug_abbrev  0x000001b0       0x14 build/MFD.o
 .debug_abbrev  0x000001c4       0x14 build/ReadSNES.o
 .debug_abbrev  0x000001d8       0x12 build/UpdateSprites.o
 .debug_abbrev  0x000001ea       0x12 build/GameLoop.o

.debug_aranges  0x00000000      0x370
 .debug_aranges
                0x00000000       0x28 build/Main.o
 .debug_aranges
                0x00000028       0x20 build/Score.o
 .debug_aranges
                0x00000048       0x20 build/updateMonsters.o
 .debug_aranges
                0x00000068       0x20 build/Detect1.o
 .debug_aranges
                0x00000088       0x20 build/WriteClock.o
 .debug_aranges
                0x000000a8       0x20 build/framebuffer.o
 .debug_aranges
                0x000000c8       0x20 build/jtag.o
 .debug_aranges
                0x000000e8       0x20 build/drawingFunctions.o
 .debug_aranges
                0x00000108       0x20 build/Detect2.o
 .debug_aranges
                0x00000128       0x28 build/ButtonFunctions.o
 .debug_aranges
                0x00000150       0x28 build/StartScreen.o
 .debug_aranges
                0x00000178       0x20 build/ReadData.o
 .debug_aranges
                0x00000198       0x20 build/PauseMenu.o
 .debug_aranges
                0x000001b8       0x20 build/Detect3.o
 .debug_aranges
                0x000001d8       0x20 build/GameOver.o
 .debug_aranges
                0x000001f8       0x20 build/Grav.o
 .debug_aranges
                0x00000218       0x20 build/InitAll.o
 .debug_aranges
                0x00000238       0x20 build/Wait.o
 .debug_aranges
                0x00000258       0x20 build/WriteLatch.o
 .debug_aranges
                0x00000278       0x28 build/InterruptData.o
 .debug_aranges
                0x000002a0       0x20 build/WinGame.o
 .debug_aranges
                0x000002c0       0x20 build/Lives.o
 .debug_aranges
                0x000002e0       0x20 build/MFD.o
 .debug_aranges
                0x00000300       0x20 build/ReadSNES.o
 .debug_aranges
                0x00000320       0x28 build/UpdateSprites.o
 .debug_aranges
                0x00000348       0x28 build/GameLoop.o

.debug_ranges   0x00000000       0xc0
 .debug_ranges  0x00000000       0x20 build/Main.o
 .debug_ranges  0x00000020       0x20 build/ButtonFunctions.o
 .debug_ranges  0x00000040       0x20 build/StartScreen.o
 .debug_ranges  0x00000060       0x20 build/InterruptData.o
 .debug_ranges  0x00000080       0x20 build/UpdateSprites.o
 .debug_ranges  0x000000a0       0x20 build/GameLoop.o
